Archive member included to satisfy reference by file (symbol)

c:/tools/gcc-arm-none-eabi-10.3-2021.10/bin/../lib/gcc/arm-none-eabi/10.3.1/../../../../arm-none-eabi/lib/thumb/v7e-m+fp/hard\libc_nano.a(lib_a-exit.o)
                              c:/tools/gcc-arm-none-eabi-10.3-2021.10/bin/../lib/gcc/arm-none-eabi/10.3.1/../../../../arm-none-eabi/lib/thumb/v7e-m+fp/hard/crt0.o (exit)
c:/tools/gcc-arm-none-eabi-10.3-2021.10/bin/../lib/gcc/arm-none-eabi/10.3.1/../../../../arm-none-eabi/lib/thumb/v7e-m+fp/hard\libc_nano.a(lib_a-impure.o)
                              c:/tools/gcc-arm-none-eabi-10.3-2021.10/bin/../lib/gcc/arm-none-eabi/10.3.1/../../../../arm-none-eabi/lib/thumb/v7e-m+fp/hard\libc_nano.a(lib_a-exit.o) (_global_impure_ptr)
c:/tools/gcc-arm-none-eabi-10.3-2021.10/bin/../lib/gcc/arm-none-eabi/10.3.1/../../../../arm-none-eabi/lib/thumb/v7e-m+fp/hard\libc_nano.a(lib_a-init.o)
                              c:/tools/gcc-arm-none-eabi-10.3-2021.10/bin/../lib/gcc/arm-none-eabi/10.3.1/../../../../arm-none-eabi/lib/thumb/v7e-m+fp/hard/crt0.o (__libc_init_array)
c:/tools/gcc-arm-none-eabi-10.3-2021.10/bin/../lib/gcc/arm-none-eabi/10.3.1/../../../../arm-none-eabi/lib/thumb/v7e-m+fp/hard\libc_nano.a(lib_a-memset.o)
                              c:/tools/gcc-arm-none-eabi-10.3-2021.10/bin/../lib/gcc/arm-none-eabi/10.3.1/../../../../arm-none-eabi/lib/thumb/v7e-m+fp/hard/crt0.o (memset)
c:/tools/gcc-arm-none-eabi-10.3-2021.10/bin/../lib/gcc/arm-none-eabi/10.3.1/thumb/v7e-m+fp/hard\libgcc.a(_aeabi_uldivmod.o)
                              CMakeFiles/blackbox_v2_bootloader.dir/Drivers/STM32F4xx_HAL_Driver/Src/stm32f4xx_hal_rcc.c.obj (__aeabi_uldivmod)
c:/tools/gcc-arm-none-eabi-10.3-2021.10/bin/../lib/gcc/arm-none-eabi/10.3.1/thumb/v7e-m+fp/hard\libgcc.a(_udivmoddi4.o)
                              c:/tools/gcc-arm-none-eabi-10.3-2021.10/bin/../lib/gcc/arm-none-eabi/10.3.1/thumb/v7e-m+fp/hard\libgcc.a(_aeabi_uldivmod.o) (__udivmoddi4)
c:/tools/gcc-arm-none-eabi-10.3-2021.10/bin/../lib/gcc/arm-none-eabi/10.3.1/thumb/v7e-m+fp/hard\libgcc.a(_dvmd_tls.o)
                              c:/tools/gcc-arm-none-eabi-10.3-2021.10/bin/../lib/gcc/arm-none-eabi/10.3.1/thumb/v7e-m+fp/hard\libgcc.a(_aeabi_uldivmod.o) (__aeabi_ldiv0)
c:/tools/gcc-arm-none-eabi-10.3-2021.10/bin/../lib/gcc/arm-none-eabi/10.3.1/../../../../arm-none-eabi/lib/thumb/v7e-m+fp/hard\libg_nano.a(lib_a-errno.o)
                              CMakeFiles/blackbox_v2_bootloader.dir/Core/Src/sysmem.c.obj (__errno)
c:/tools/gcc-arm-none-eabi-10.3-2021.10/bin/../lib/gcc/arm-none-eabi/10.3.1/../../../../arm-none-eabi/lib/thumb/v7e-m+fp/hard\libg_nano.a(lib_a-memcpy-stub.o)
                              CMakeFiles/blackbox_v2_bootloader.dir/fh_bootloader/fh_bootloader.c.obj (memcpy)
c:/tools/gcc-arm-none-eabi-10.3-2021.10/bin/../lib/gcc/arm-none-eabi/10.3.1/../../../../arm-none-eabi/lib/thumb/v7e-m+fp/hard\libg_nano.a(lib_a-memmove.o)
                              CMakeFiles/blackbox_v2_bootloader.dir/fh_bootloader/fh_bootloader.c.obj (memmove)
c:/tools/gcc-arm-none-eabi-10.3-2021.10/bin/../lib/gcc/arm-none-eabi/10.3.1/../../../../arm-none-eabi/lib/thumb/v7e-m+fp/hard\libg_nano.a(lib_a-printf.o)
                              CMakeFiles/blackbox_v2_bootloader.dir/fh_bootloader/fh_bootloader.c.obj (printf)
c:/tools/gcc-arm-none-eabi-10.3-2021.10/bin/../lib/gcc/arm-none-eabi/10.3.1/../../../../arm-none-eabi/lib/thumb/v7e-m+fp/hard\libg_nano.a(lib_a-puts.o)
                              CMakeFiles/blackbox_v2_bootloader.dir/fh_bootloader/fh_bootloader.c.obj (puts)
c:/tools/gcc-arm-none-eabi-10.3-2021.10/bin/../lib/gcc/arm-none-eabi/10.3.1/../../../../arm-none-eabi/lib/thumb/v7e-m+fp/hard\libg_nano.a(lib_a-wbuf.o)
                              c:/tools/gcc-arm-none-eabi-10.3-2021.10/bin/../lib/gcc/arm-none-eabi/10.3.1/../../../../arm-none-eabi/lib/thumb/v7e-m+fp/hard\libg_nano.a(lib_a-puts.o) (__swbuf_r)
c:/tools/gcc-arm-none-eabi-10.3-2021.10/bin/../lib/gcc/arm-none-eabi/10.3.1/../../../../arm-none-eabi/lib/thumb/v7e-m+fp/hard\libg_nano.a(lib_a-wsetup.o)
                              c:/tools/gcc-arm-none-eabi-10.3-2021.10/bin/../lib/gcc/arm-none-eabi/10.3.1/../../../../arm-none-eabi/lib/thumb/v7e-m+fp/hard\libg_nano.a(lib_a-puts.o) (__swsetup_r)
c:/tools/gcc-arm-none-eabi-10.3-2021.10/bin/../lib/gcc/arm-none-eabi/10.3.1/../../../../arm-none-eabi/lib/thumb/v7e-m+fp/hard\libg_nano.a(lib_a-fflush.o)
                              c:/tools/gcc-arm-none-eabi-10.3-2021.10/bin/../lib/gcc/arm-none-eabi/10.3.1/../../../../arm-none-eabi/lib/thumb/v7e-m+fp/hard\libg_nano.a(lib_a-wbuf.o) (_fflush_r)
c:/tools/gcc-arm-none-eabi-10.3-2021.10/bin/../lib/gcc/arm-none-eabi/10.3.1/../../../../arm-none-eabi/lib/thumb/v7e-m+fp/hard\libg_nano.a(lib_a-findfp.o)
                              c:/tools/gcc-arm-none-eabi-10.3-2021.10/bin/../lib/gcc/arm-none-eabi/10.3.1/../../../../arm-none-eabi/lib/thumb/v7e-m+fp/hard\libg_nano.a(lib_a-printf.o) (__sinit)
[...]
Memory Configuration

Name             Origin             Length             Attributes
RAM              0x20000000         0x00020000         xrw
FLASH            0x08000000         0x00080000         xr
*default*        0x00000000         0xffffffff

Linker script and memory map

LOAD c:/tools/gcc-arm-none-eabi-10.3-2021.10/bin/../lib/gcc/arm-none-eabi/10.3.1/thumb/v7e-m+fp/hard/crti.o
LOAD c:/tools/gcc-arm-none-eabi-10.3-2021.10/bin/../lib/gcc/arm-none-eabi/10.3.1/thumb/v7e-m+fp/hard/crtbegin.o
LOAD c:/tools/gcc-arm-none-eabi-10.3-2021.10/bin/../lib/gcc/arm-none-eabi/10.3.1/../../../../arm-none-eabi/lib/thumb/v7e-m+fp/hard/crt0.o
START GROUP
LOAD c:/tools/gcc-arm-none-eabi-10.3-2021.10/bin/../lib/gcc/arm-none-eabi/10.3.1/../../../../arm-none-eabi/lib/thumb/v7e-m+fp/hard\libc_nano.a
LOAD c:/tools/gcc-arm-none-eabi-10.3-2021.10/bin/../lib/gcc/arm-none-eabi/10.3.1/../../../../arm-none-eabi/lib/thumb/v7e-m+fp/hard\libm.a
END GROUP
LOAD CMakeFiles/blackbox_v2_bootloader.dir/fh_bootloader/fh_bootloader.c.obj
LOAD CMakeFiles/blackbox_v2_bootloader.dir/fh_ringbuff/ringbuff.c.obj
LOAD CMakeFiles/blackbox_v2_bootloader.dir/fh_stream/fh_stream.c.obj
LOAD CMakeFiles/blackbox_v2_bootloader.dir/Core/Src/main.c.obj
LOAD CMakeFiles/blackbox_v2_bootloader.dir/Core/Src/gpio.c.obj
LOAD CMakeFiles/blackbox_v2_bootloader.dir/Core/Src/crc.c.obj
LOAD CMakeFiles/blackbox_v2_bootloader.dir/Core/Src/usart.c.obj
LOAD CMakeFiles/blackbox_v2_bootloader.dir/Core/Src/stm32f4xx_it.c.obj
LOAD CMakeFiles/blackbox_v2_bootloader.dir/Core/Src/stm32f4xx_hal_msp.c.obj
LOAD CMakeFiles/blackbox_v2_bootloader.dir/Drivers/STM32F4xx_HAL_Driver/Src/stm32f4xx_hal_crc.c.obj
LOAD CMakeFiles/blackbox_v2_bootloader.dir/Drivers/STM32F4xx_HAL_Driver/Src/stm32f4xx_hal_rcc.c.obj
LOAD CMakeFiles/blackbox_v2_bootloader.dir/Drivers/STM32F4xx_HAL_Driver/Src/stm32f4xx_hal_rcc_ex.c.obj
LOAD CMakeFiles/blackbox_v2_bootloader.dir/Drivers/STM32F4xx_HAL_Driver/Src/stm32f4xx_hal_flash.c.obj
LOAD CMakeFiles/blackbox_v2_bootloader.dir/Drivers/STM32F4xx_HAL_Driver/Src/stm32f4xx_hal_flash_ex.c.obj
LOAD CMakeFiles/blackbox_v2_bootloader.dir/Drivers/STM32F4xx_HAL_Driver/Src/stm32f4xx_hal_flash_ramfunc.c.obj
LOAD CMakeFiles/blackbox_v2_bootloader.dir/Drivers/STM32F4xx_HAL_Driver/Src/stm32f4xx_hal_gpio.c.obj
LOAD CMakeFiles/blackbox_v2_bootloader.dir/Drivers/STM32F4xx_HAL_Driver/Src/stm32f4xx_hal_dma_ex.c.obj
LOAD CMakeFiles/blackbox_v2_bootloader.dir/Drivers/STM32F4xx_HAL_Driver/Src/stm32f4xx_hal_dma.c.obj
LOAD CMakeFiles/blackbox_v2_bootloader.dir/Drivers/STM32F4xx_HAL_Driver/Src/stm32f4xx_hal_pwr.c.obj
LOAD CMakeFiles/blackbox_v2_bootloader.dir/Drivers/STM32F4xx_HAL_Driver/Src/stm32f4xx_hal_pwr_ex.c.obj
LOAD CMakeFiles/blackbox_v2_bootloader.dir/Drivers/STM32F4xx_HAL_Driver/Src/stm32f4xx_hal_cortex.c.obj
LOAD CMakeFiles/blackbox_v2_bootloader.dir/Drivers/STM32F4xx_HAL_Driver/Src/stm32f4xx_hal.c.obj
LOAD CMakeFiles/blackbox_v2_bootloader.dir/Drivers/STM32F4xx_HAL_Driver/Src/stm32f4xx_hal_exti.c.obj
LOAD CMakeFiles/blackbox_v2_bootloader.dir/Drivers/STM32F4xx_HAL_Driver/Src/stm32f4xx_hal_uart.c.obj
LOAD CMakeFiles/blackbox_v2_bootloader.dir/Core/Src/system_stm32f4xx.c.obj
LOAD CMakeFiles/blackbox_v2_bootloader.dir/Core/Src/sysmem.c.obj
LOAD CMakeFiles/blackbox_v2_bootloader.dir/Core/Src/syscalls.c.obj
LOAD CMakeFiles/blackbox_v2_bootloader.dir/startup_stm32f411xe.s.obj
START GROUP
LOAD c:/tools/gcc-arm-none-eabi-10.3-2021.10/bin/../lib/gcc/arm-none-eabi/10.3.1/thumb/v7e-m+fp/hard\libgcc.a
LOAD c:/tools/gcc-arm-none-eabi-10.3-2021.10/bin/../lib/gcc/arm-none-eabi/10.3.1/../../../../arm-none-eabi/lib/thumb/v7e-m+fp/hard\libg_nano.a
LOAD c:/tools/gcc-arm-none-eabi-10.3-2021.10/bin/../lib/gcc/arm-none-eabi/10.3.1/../../../../arm-none-eabi/lib/thumb/v7e-m+fp/hard\libc_nano.a
END GROUP
START GROUP
LOAD c:/tools/gcc-arm-none-eabi-10.3-2021.10/bin/../lib/gcc/arm-none-eabi/10.3.1/thumb/v7e-m+fp/hard\libgcc.a
LOAD c:/tools/gcc-arm-none-eabi-10.3-2021.10/bin/../lib/gcc/arm-none-eabi/10.3.1/../../../../arm-none-eabi/lib/thumb/v7e-m+fp/hard\libc_nano.a
END GROUP
LOAD c:/tools/gcc-arm-none-eabi-10.3-2021.10/bin/../lib/gcc/arm-none-eabi/10.3.1/thumb/v7e-m+fp/hard/crtend.o
LOAD c:/tools/gcc-arm-none-eabi-10.3-2021.10/bin/../lib/gcc/arm-none-eabi/10.3.1/thumb/v7e-m+fp/hard/crtn.o
                0x20020000                _estack = (ORIGIN (RAM) + LENGTH (RAM))
                0x00000200                _Min_Heap_Size = 0x200
                0x00001400                _Min_Stack_Size = 0x1400

.isr_vector     0x08000000      0x198
                0x08000000                . = ALIGN (0x4)
 *(.isr_vector)
 .isr_vector    0x08000000      0x198 CMakeFiles/blackbox_v2_bootloader.dir/startup_stm32f411xe.s.obj
                0x08000000                g_pfnVectors
                0x08000198                . = ALIGN (0x4)

.text           0x080001a0     0x4b44
                0x080001a0                . = ALIGN (0x4)
 *(.text)
 .text          0x080001a0       0x40 c:/tools/gcc-arm-none-eabi-10.3-2021.10/bin/../lib/gcc/arm-none-eabi/10.3.1/thumb/v7e-m+fp/hard/crtbegin.o
 .text          0x080001e0       0x30 c:/tools/gcc-arm-none-eabi-10.3-2021.10/bin/../lib/gcc/arm-none-eabi/10.3.1/thumb/v7e-m+fp/hard\libgcc.a(_aeabi_uldivmod.o)
                0x080001e0                __aeabi_uldivmod
 .text          0x08000210      0x2d0 c:/tools/gcc-arm-none-eabi-10.3-2021.10/bin/../lib/gcc/arm-none-eabi/10.3.1/thumb/v7e-m+fp/hard\libgcc.a(_udivmoddi4.o)
                0x08000210                __udivmoddi4
 .text          0x080004e0        0x4 c:/tools/gcc-arm-none-eabi-10.3-2021.10/bin/../lib/gcc/arm-none-eabi/10.3.1/thumb/v7e-m+fp/hard\libgcc.a(_dvmd_tls.o)
                0x080004e0                __aeabi_idiv0
                0x080004e0                __aeabi_ldiv0
 *fill*         0x080004e4        0xc 
 .text          0x080004f0       0xa0 c:/tools/gcc-arm-none-eabi-10.3-2021.10/bin/../lib/gcc/arm-none-eabi/10.3.1/../../../../arm-none-eabi/lib/thumb/v7e-m+fp/hard\libg_nano.a(lib_a-memchr.o)
                0x080004f0                memchr
 *(.text*)
 .text.__libc_init_array
                0x08000590       0x48 c:/tools/gcc-arm-none-eabi-10.3-2021.10/bin/../lib/gcc/arm-none-eabi/10.3.1/../../../../arm-none-eabi/lib/thumb/v7e-m+fp/hard\libc_nano.a(lib_a-init.o)
                0x08000590                __libc_init_array
 .text.memset   0x080005d8       0x10 c:/tools/gcc-arm-none-eabi-10.3-2021.10/bin/../lib/gcc/arm-none-eabi/10.3.1/../../../../arm-none-eabi/lib/thumb/v7e-m+fp/hard\libc_nano.a(lib_a-memset.o)
                0x080005d8                memset
 .text.HAL_UART_RxCpltCallback
                0x080005e8       0x40 CMakeFiles/blackbox_v2_bootloader.dir/fh_bootloader/fh_bootloader.c.obj
                0x080005e8                HAL_UART_RxCpltCallback
 .text.fh_bl_info_read
                0x08000628       0x40 CMakeFiles/blackbox_v2_bootloader.dir/fh_bootloader/fh_bootloader.c.obj
                0x08000628                fh_bl_info_read
 .text.fh_bl_hello
                0x08000668       0x5c CMakeFiles/blackbox_v2_bootloader.dir/fh_bootloader/fh_bootloader.c.obj
                0x08000668                fh_bl_hello
 .text.fh_bl_info_write
                0x080006c4       0x6c CMakeFiles/blackbox_v2_bootloader.dir/fh_bootloader/fh_bootloader.c.obj
                0x080006c4                fh_bl_info_write
 .text.fh_bl_update_check
                0x08000730       0x22 CMakeFiles/blackbox_v2_bootloader.dir/fh_bootloader/fh_bootloader.c.obj
                0x08000730                fh_bl_update_check
 *fill*         0x08000752        0x2 
 .text.fh_bl_ack
                0x08000754       0x4c CMakeFiles/blackbox_v2_bootloader.dir/fh_bootloader/fh_bootloader.c.obj
 .text.stm32_flash_write
                0x080007a0       0x66 CMakeFiles/blackbox_v2_bootloader.dir/fh_bootloader/fh_bootloader.c.obj
                0x080007a0                stm32_flash_write
 *fill*         0x08000806        0x2 
 .text.fh_bl_flash_write
                0x08000808       0xe4 CMakeFiles/blackbox_v2_bootloader.dir/fh_bootloader/fh_bootloader.c.obj
                0x08000808                fh_bl_flash_write
 .text.fh_bl_flash_write_final
                0x080008ec       0x5c CMakeFiles/blackbox_v2_bootloader.dir/fh_bootloader/fh_bootloader.c.obj
                0x080008ec                fh_bl_flash_write_final
 .text.fh_bl_clear_app
                0x08000948       0x62 CMakeFiles/blackbox_v2_bootloader.dir/fh_bootloader/fh_bootloader.c.obj
                0x08000948                fh_bl_clear_app
 *fill*         0x080009aa        0x2 
 .text.fh_bl_update
                0x080009ac       0x8c CMakeFiles/blackbox_v2_bootloader.dir/fh_bootloader/fh_bootloader.c.obj
                0x080009ac                fh_bl_update
 .text.fh_bl_jmp_to_app
                0x08000a38       0x88 CMakeFiles/blackbox_v2_bootloader.dir/fh_bootloader/fh_bootloader.c.obj
                0x08000a38                fh_bl_jmp_to_app
 .text.fh_bl_boot
                0x08000ac0       0x5c CMakeFiles/blackbox_v2_bootloader.dir/fh_bootloader/fh_bootloader.c.obj
                0x08000ac0                fh_bl_boot
 .text.RingBuff_Init
                0x08000b1c       0x26 CMakeFiles/blackbox_v2_bootloader.dir/fh_ringbuff/ringbuff.c.obj
                0x08000b1c                RingBuff_Init
 .text.Write_RingBuff
                0x08000b42       0x56 CMakeFiles/blackbox_v2_bootloader.dir/fh_ringbuff/ringbuff.c.obj
                0x08000b42                Write_RingBuff
 .text.Read_RingBuff
                0x08000b98       0x56 CMakeFiles/blackbox_v2_bootloader.dir/fh_ringbuff/ringbuff.c.obj
                0x08000b98                Read_RingBuff
 *fill*         0x08000bee        0x2 
 .text.fh_stream_set_crc_func
                0x08000bf0       0x20 CMakeFiles/blackbox_v2_bootloader.dir/fh_stream/fh_stream.c.obj
                0x08000bf0                fh_stream_set_crc_func
 .text.fh_stream_pack
                0x08000c10       0x84 CMakeFiles/blackbox_v2_bootloader.dir/fh_stream/fh_stream.c.obj
                0x08000c10                fh_stream_pack
 .text.fh_state_idle
                0x08000c94       0x40 CMakeFiles/blackbox_v2_bootloader.dir/fh_stream/fh_stream.c.obj
 .text.fh_state_tag
                0x08000cd4       0x2c CMakeFiles/blackbox_v2_bootloader.dir/fh_stream/fh_stream.c.obj
 .text.fh_state_length
                0x08000d00       0x2c CMakeFiles/blackbox_v2_bootloader.dir/fh_stream/fh_stream.c.obj
 .text.fh_state_value
                0x08000d2c       0x4c CMakeFiles/blackbox_v2_bootloader.dir/fh_stream/fh_stream.c.obj
 .text.fh_state_crc
                0x08000d78       0x84 CMakeFiles/blackbox_v2_bootloader.dir/fh_stream/fh_stream.c.obj
 .text.fh_stream_unpack
                0x08000dfc       0x54 CMakeFiles/blackbox_v2_bootloader.dir/fh_stream/fh_stream.c.obj
                0x08000dfc                fh_stream_unpack
 .text.crc32    0x08000e50       0x5c CMakeFiles/blackbox_v2_bootloader.dir/Core/Src/main.c.obj
                0x08000e50                crc32
 .text.main     0x08000eac       0x50 CMakeFiles/blackbox_v2_bootloader.dir/Core/Src/main.c.obj
                0x08000eac                main
 .text.SystemClock_Config
                0x08000efc       0xd0 CMakeFiles/blackbox_v2_bootloader.dir/Core/Src/main.c.obj
                0x08000efc                SystemClock_Config
 .text.Error_Handler
                0x08000fcc        0xa CMakeFiles/blackbox_v2_bootloader.dir/Core/Src/main.c.obj
                0x08000fcc                Error_Handler
 *fill*         0x08000fd6        0x2 
 .text.MX_GPIO_Init
                0x08000fd8       0x6c CMakeFiles/blackbox_v2_bootloader.dir/Core/Src/gpio.c.obj
                0x08000fd8                MX_GPIO_Init
 .text.MX_CRC_Init
                0x08001044       0x28 CMakeFiles/blackbox_v2_bootloader.dir/Core/Src/crc.c.obj
                0x08001044                MX_CRC_Init
 .text.HAL_CRC_MspInit
                0x0800106c       0x44 CMakeFiles/blackbox_v2_bootloader.dir/Core/Src/crc.c.obj
                0x0800106c                HAL_CRC_MspInit
 .text.__io_putchar
                0x080010b0       0x24 CMakeFiles/blackbox_v2_bootloader.dir/Core/Src/usart.c.obj
                0x080010b0                __io_putchar
 .text.MX_USART1_UART_Init
                0x080010d4       0x54 CMakeFiles/blackbox_v2_bootloader.dir/Core/Src/usart.c.obj
                0x080010d4                MX_USART1_UART_Init
 .text.HAL_UART_MspInit
                0x08001128       0xa0 CMakeFiles/blackbox_v2_bootloader.dir/Core/Src/usart.c.obj
                0x08001128                HAL_UART_MspInit
 .text.NMI_Handler
                0x080011c8        0x6 CMakeFiles/blackbox_v2_bootloader.dir/Core/Src/stm32f4xx_it.c.obj
                0x080011c8                NMI_Handler
 .text.HardFault_Handler
                0x080011ce        0x6 CMakeFiles/blackbox_v2_bootloader.dir/Core/Src/stm32f4xx_it.c.obj
                0x080011ce                HardFault_Handler
 .text.MemManage_Handler
                0x080011d4        0x6 CMakeFiles/blackbox_v2_bootloader.dir/Core/Src/stm32f4xx_it.c.obj
                0x080011d4                MemManage_Handler
 .text.BusFault_Handler
                0x080011da        0x6 CMakeFiles/blackbox_v2_bootloader.dir/Core/Src/stm32f4xx_it.c.obj
                0x080011da                BusFault_Handler
 .text.UsageFault_Handler
                0x080011e0        0x6 CMakeFiles/blackbox_v2_bootloader.dir/Core/Src/stm32f4xx_it.c.obj
                0x080011e0                UsageFault_Handler
 .text.SVC_Handler
                0x080011e6        0xe CMakeFiles/blackbox_v2_bootloader.dir/Core/Src/stm32f4xx_it.c.obj
                0x080011e6                SVC_Handler
 .text.DebugMon_Handler
                0x080011f4        0xe CMakeFiles/blackbox_v2_bootloader.dir/Core/Src/stm32f4xx_it.c.obj
                0x080011f4                DebugMon_Handler
 .text.PendSV_Handler
                0x08001202        0xe CMakeFiles/blackbox_v2_bootloader.dir/Core/Src/stm32f4xx_it.c.obj
                0x08001202                PendSV_Handler
 .text.SysTick_Handler
                0x08001210        0xc CMakeFiles/blackbox_v2_bootloader.dir/Core/Src/stm32f4xx_it.c.obj
                0x08001210                SysTick_Handler
 .text.RCC_IRQHandler
                0x0800121c        0xe CMakeFiles/blackbox_v2_bootloader.dir/Core/Src/stm32f4xx_it.c.obj
                0x0800121c                RCC_IRQHandler
 *fill*         0x0800122a        0x2 
 .text.USART1_IRQHandler
                0x0800122c       0x14 CMakeFiles/blackbox_v2_bootloader.dir/Core/Src/stm32f4xx_it.c.obj
                0x0800122c                USART1_IRQHandler
 .text.HAL_MspInit
                0x08001240       0x5c CMakeFiles/blackbox_v2_bootloader.dir/Core/Src/stm32f4xx_hal_msp.c.obj
                0x08001240                HAL_MspInit
 .text.HAL_CRC_Init
                0x0800129c       0x38 CMakeFiles/blackbox_v2_bootloader.dir/Drivers/STM32F4xx_HAL_Driver/Src/stm32f4xx_hal_crc.c.obj
                0x0800129c                HAL_CRC_Init
 .text.HAL_RCC_OscConfig
                0x080012d4      0x4f0 CMakeFiles/blackbox_v2_bootloader.dir/Drivers/STM32F4xx_HAL_Driver/Src/stm32f4xx_hal_rcc.c.obj
                0x080012d4                HAL_RCC_OscConfig
 .text.HAL_RCC_ClockConfig
                0x080017c4      0x1cc CMakeFiles/blackbox_v2_bootloader.dir/Drivers/STM32F4xx_HAL_Driver/Src/stm32f4xx_hal_rcc.c.obj
                0x080017c4                HAL_RCC_ClockConfig
 .text.HAL_RCC_GetSysClockFreq
                0x08001990      0x20c CMakeFiles/blackbox_v2_bootloader.dir/Drivers/STM32F4xx_HAL_Driver/Src/stm32f4xx_hal_rcc.c.obj
                0x08001990                HAL_RCC_GetSysClockFreq
 .text.HAL_RCC_GetHCLKFreq
                0x08001b9c       0x18 CMakeFiles/blackbox_v2_bootloader.dir/Drivers/STM32F4xx_HAL_Driver/Src/stm32f4xx_hal_rcc.c.obj
                0x08001b9c                HAL_RCC_GetHCLKFreq
 .text.HAL_RCC_GetPCLK1Freq
                0x08001bb4       0x28 CMakeFiles/blackbox_v2_bootloader.dir/Drivers/STM32F4xx_HAL_Driver/Src/stm32f4xx_hal_rcc.c.obj
                0x08001bb4                HAL_RCC_GetPCLK1Freq
 .text.HAL_RCC_GetPCLK2Freq
                0x08001bdc       0x28 CMakeFiles/blackbox_v2_bootloader.dir/Drivers/STM32F4xx_HAL_Driver/Src/stm32f4xx_hal_rcc.c.obj
                0x08001bdc                HAL_RCC_GetPCLK2Freq
 .text.HAL_FLASH_Program
                0x08001c04       0xa4 CMakeFiles/blackbox_v2_bootloader.dir/Drivers/STM32F4xx_HAL_Driver/Src/stm32f4xx_hal_flash.c.obj
                0x08001c04                HAL_FLASH_Program
 .text.HAL_FLASH_Unlock
                0x08001ca8       0x44 CMakeFiles/blackbox_v2_bootloader.dir/Drivers/STM32F4xx_HAL_Driver/Src/stm32f4xx_hal_flash.c.obj
                0x08001ca8                HAL_FLASH_Unlock
 .text.HAL_FLASH_Lock
                0x08001cec       0x20 CMakeFiles/blackbox_v2_bootloader.dir/Drivers/STM32F4xx_HAL_Driver/Src/stm32f4xx_hal_flash.c.obj
                0x08001cec                HAL_FLASH_Lock
 .text.FLASH_WaitForLastOperation
                0x08001d0c       0x80 CMakeFiles/blackbox_v2_bootloader.dir/Drivers/STM32F4xx_HAL_Driver/Src/stm32f4xx_hal_flash.c.obj
                0x08001d0c                FLASH_WaitForLastOperation
 .text.FLASH_Program_DoubleWord
                0x08001d8c       0x64 CMakeFiles/blackbox_v2_bootloader.dir/Drivers/STM32F4xx_HAL_Driver/Src/stm32f4xx_hal_flash.c.obj
 .text.FLASH_Program_Word
                0x08001df0       0x44 CMakeFiles/blackbox_v2_bootloader.dir/Drivers/STM32F4xx_HAL_Driver/Src/stm32f4xx_hal_flash.c.obj
 .text.FLASH_Program_HalfWord
                0x08001e34       0x48 CMakeFiles/blackbox_v2_bootloader.dir/Drivers/STM32F4xx_HAL_Driver/Src/stm32f4xx_hal_flash.c.obj
 .text.FLASH_Program_Byte
                0x08001e7c       0x44 CMakeFiles/blackbox_v2_bootloader.dir/Drivers/STM32F4xx_HAL_Driver/Src/stm32f4xx_hal_flash.c.obj
 .text.FLASH_SetErrorCode
                0x08001ec0       0xcc CMakeFiles/blackbox_v2_bootloader.dir/Drivers/STM32F4xx_HAL_Driver/Src/stm32f4xx_hal_flash.c.obj
 .text.HAL_FLASHEx_Erase
                0x08001f8c       0xdc CMakeFiles/blackbox_v2_bootloader.dir/Drivers/STM32F4xx_HAL_Driver/Src/stm32f4xx_hal_flash_ex.c.obj
                0x08001f8c                HAL_FLASHEx_Erase
 .text.FLASH_MassErase
                0x08002068       0x48 CMakeFiles/blackbox_v2_bootloader.dir/Drivers/STM32F4xx_HAL_Driver/Src/stm32f4xx_hal_flash_ex.c.obj
 .text.FLASH_Erase_Sector
                0x080020b0       0x90 CMakeFiles/blackbox_v2_bootloader.dir/Drivers/STM32F4xx_HAL_Driver/Src/stm32f4xx_hal_flash_ex.c.obj
                0x080020b0                FLASH_Erase_Sector
 .text.FLASH_FlushCaches
                0x08002140       0x8c CMakeFiles/blackbox_v2_bootloader.dir/Drivers/STM32F4xx_HAL_Driver/Src/stm32f4xx_hal_flash_ex.c.obj
                0x08002140                FLASH_FlushCaches
 .text.HAL_GPIO_Init
                0x080021cc      0x308 CMakeFiles/blackbox_v2_bootloader.dir/Drivers/STM32F4xx_HAL_Driver/Src/stm32f4xx_hal_gpio.c.obj
                0x080021cc                HAL_GPIO_Init
 .text.HAL_DMA_Abort
                0x080024d4       0xe0 CMakeFiles/blackbox_v2_bootloader.dir/Drivers/STM32F4xx_HAL_Driver/Src/stm32f4xx_hal_dma.c.obj
                0x080024d4                HAL_DMA_Abort
 .text.HAL_DMA_Abort_IT
                0x080025b4       0x44 CMakeFiles/blackbox_v2_bootloader.dir/Drivers/STM32F4xx_HAL_Driver/Src/stm32f4xx_hal_dma.c.obj
                0x080025b4                HAL_DMA_Abort_IT
 .text.__NVIC_SetPriorityGrouping
                0x080025f8       0x48 CMakeFiles/blackbox_v2_bootloader.dir/Drivers/STM32F4xx_HAL_Driver/Src/stm32f4xx_hal_cortex.c.obj
 .text.__NVIC_GetPriorityGrouping
                0x08002640       0x1c CMakeFiles/blackbox_v2_bootloader.dir/Drivers/STM32F4xx_HAL_Driver/Src/stm32f4xx_hal_cortex.c.obj
 .text.__NVIC_EnableIRQ
                0x0800265c       0x3c CMakeFiles/blackbox_v2_bootloader.dir/Drivers/STM32F4xx_HAL_Driver/Src/stm32f4xx_hal_cortex.c.obj
 .text.__NVIC_DisableIRQ
                0x08002698       0x48 CMakeFiles/blackbox_v2_bootloader.dir/Drivers/STM32F4xx_HAL_Driver/Src/stm32f4xx_hal_cortex.c.obj
 .text.__NVIC_SetPriority
                0x080026e0       0x54 CMakeFiles/blackbox_v2_bootloader.dir/Drivers/STM32F4xx_HAL_Driver/Src/stm32f4xx_hal_cortex.c.obj
 .text.NVIC_EncodePriority
                0x08002734       0x66 CMakeFiles/blackbox_v2_bootloader.dir/Drivers/STM32F4xx_HAL_Driver/Src/stm32f4xx_hal_cortex.c.obj
 *fill*         0x0800279a        0x2 
 .text.SysTick_Config
                0x0800279c       0x44 CMakeFiles/blackbox_v2_bootloader.dir/Drivers/STM32F4xx_HAL_Driver/Src/stm32f4xx_hal_cortex.c.obj
 .text.HAL_NVIC_SetPriorityGrouping
                0x080027e0       0x16 CMakeFiles/blackbox_v2_bootloader.dir/Drivers/STM32F4xx_HAL_Driver/Src/stm32f4xx_hal_cortex.c.obj
                0x080027e0                HAL_NVIC_SetPriorityGrouping
 .text.HAL_NVIC_SetPriority
                0x080027f6       0x38 CMakeFiles/blackbox_v2_bootloader.dir/Drivers/STM32F4xx_HAL_Driver/Src/stm32f4xx_hal_cortex.c.obj
                0x080027f6                HAL_NVIC_SetPriority
 .text.HAL_NVIC_EnableIRQ
                0x0800282e       0x1c CMakeFiles/blackbox_v2_bootloader.dir/Drivers/STM32F4xx_HAL_Driver/Src/stm32f4xx_hal_cortex.c.obj
                0x0800282e                HAL_NVIC_EnableIRQ
 .text.HAL_NVIC_DisableIRQ
                0x0800284a       0x1c CMakeFiles/blackbox_v2_bootloader.dir/Drivers/STM32F4xx_HAL_Driver/Src/stm32f4xx_hal_cortex.c.obj
                0x0800284a                HAL_NVIC_DisableIRQ
 .text.HAL_SYSTICK_Config
                0x08002866       0x18 CMakeFiles/blackbox_v2_bootloader.dir/Drivers/STM32F4xx_HAL_Driver/Src/stm32f4xx_hal_cortex.c.obj
                0x08002866                HAL_SYSTICK_Config
 *fill*         0x0800287e        0x2 
 .text.HAL_Init
                0x08002880       0x44 CMakeFiles/blackbox_v2_bootloader.dir/Drivers/STM32F4xx_HAL_Driver/Src/stm32f4xx_hal.c.obj
                0x08002880                HAL_Init
 .text.HAL_DeInit
                0x080028c4       0x5c CMakeFiles/blackbox_v2_bootloader.dir/Drivers/STM32F4xx_HAL_Driver/Src/stm32f4xx_hal.c.obj
                0x080028c4                HAL_DeInit
 .text.HAL_MspDeInit
                0x08002920        0xe CMakeFiles/blackbox_v2_bootloader.dir/Drivers/STM32F4xx_HAL_Driver/Src/stm32f4xx_hal.c.obj
                0x08002920                HAL_MspDeInit
 *fill*         0x0800292e        0x2 
 .text.HAL_InitTick
                0x08002930       0x60 CMakeFiles/blackbox_v2_bootloader.dir/Drivers/STM32F4xx_HAL_Driver/Src/stm32f4xx_hal.c.obj
                0x08002930                HAL_InitTick
 .text.HAL_IncTick
                0x08002990       0x28 CMakeFiles/blackbox_v2_bootloader.dir/Drivers/STM32F4xx_HAL_Driver/Src/stm32f4xx_hal.c.obj
                0x08002990                HAL_IncTick
 .text.HAL_GetTick
                0x080029b8       0x18 CMakeFiles/blackbox_v2_bootloader.dir/Drivers/STM32F4xx_HAL_Driver/Src/stm32f4xx_hal.c.obj
                0x080029b8                HAL_GetTick
 .text.HAL_UART_Init
                0x080029d0       0xa0 CMakeFiles/blackbox_v2_bootloader.dir/Drivers/STM32F4xx_HAL_Driver/Src/stm32f4xx_hal_uart.c.obj
                0x080029d0                HAL_UART_Init
 .text.HAL_UART_Transmit
                0x08002a70      0x116 CMakeFiles/blackbox_v2_bootloader.dir/Drivers/STM32F4xx_HAL_Driver/Src/stm32f4xx_hal_uart.c.obj
                0x08002a70                HAL_UART_Transmit
 .text.HAL_UART_Receive_IT
                0x08002b86       0x4a CMakeFiles/blackbox_v2_bootloader.dir/Drivers/STM32F4xx_HAL_Driver/Src/stm32f4xx_hal_uart.c.obj
                0x08002b86                HAL_UART_Receive_IT
 .text.HAL_UART_IRQHandler
                0x08002bd0      0x554 CMakeFiles/blackbox_v2_bootloader.dir/Drivers/STM32F4xx_HAL_Driver/Src/stm32f4xx_hal_uart.c.obj
                0x08002bd0                HAL_UART_IRQHandler
 .text.HAL_UART_TxCpltCallback
                0x08003124       0x14 CMakeFiles/blackbox_v2_bootloader.dir/Drivers/STM32F4xx_HAL_Driver/Src/stm32f4xx_hal_uart.c.obj
                0x08003124                HAL_UART_TxCpltCallback
 .text.HAL_UART_ErrorCallback
                0x08003138       0x14 CMakeFiles/blackbox_v2_bootloader.dir/Drivers/STM32F4xx_HAL_Driver/Src/stm32f4xx_hal_uart.c.obj
                0x08003138                HAL_UART_ErrorCallback
 .text.HAL_UARTEx_RxEventCallback
                0x0800314c       0x18 CMakeFiles/blackbox_v2_bootloader.dir/Drivers/STM32F4xx_HAL_Driver/Src/stm32f4xx_hal_uart.c.obj
                0x0800314c                HAL_UARTEx_RxEventCallback
 .text.UART_WaitOnFlagUntilTimeout
                0x08003164       0xb2 CMakeFiles/blackbox_v2_bootloader.dir/Drivers/STM32F4xx_HAL_Driver/Src/stm32f4xx_hal_uart.c.obj
 .text.UART_Start_Receive_IT
                0x08003216       0x74 CMakeFiles/blackbox_v2_bootloader.dir/Drivers/STM32F4xx_HAL_Driver/Src/stm32f4xx_hal_uart.c.obj
                0x08003216                UART_Start_Receive_IT
 .text.UART_EndRxTransfer
                0x0800328a       0xc6 CMakeFiles/blackbox_v2_bootloader.dir/Drivers/STM32F4xx_HAL_Driver/Src/stm32f4xx_hal_uart.c.obj
 .text.UART_DMAAbortOnError
                0x08003350       0x22 CMakeFiles/blackbox_v2_bootloader.dir/Drivers/STM32F4xx_HAL_Driver/Src/stm32f4xx_hal_uart.c.obj
 .text.UART_Transmit_IT
                0x08003372       0xa0 CMakeFiles/blackbox_v2_bootloader.dir/Drivers/STM32F4xx_HAL_Driver/Src/stm32f4xx_hal_uart.c.obj
 .text.UART_EndTransmit_IT
                0x08003412       0x30 CMakeFiles/blackbox_v2_bootloader.dir/Drivers/STM32F4xx_HAL_Driver/Src/stm32f4xx_hal_uart.c.obj
 .text.UART_Receive_IT
                0x08003442      0x17c CMakeFiles/blackbox_v2_bootloader.dir/Drivers/STM32F4xx_HAL_Driver/Src/stm32f4xx_hal_uart.c.obj
 *fill*         0x080035be        0x2 
 .text.UART_SetConfig
                0x080035c0      0x4e8 CMakeFiles/blackbox_v2_bootloader.dir/Drivers/STM32F4xx_HAL_Driver/Src/stm32f4xx_hal_uart.c.obj
 .text.SystemInit
                0x08003aa8       0x24 CMakeFiles/blackbox_v2_bootloader.dir/Core/Src/system_stm32f4xx.c.obj
                0x08003aa8                SystemInit
 .text._sbrk    0x08003acc       0x6c CMakeFiles/blackbox_v2_bootloader.dir/Core/Src/sysmem.c.obj
                0x08003acc                _sbrk
 .text._read    0x08003b38       0x3a CMakeFiles/blackbox_v2_bootloader.dir/Core/Src/syscalls.c.obj
                0x08003b38                _read
 .text._write   0x08003b72       0x38 CMakeFiles/blackbox_v2_bootloader.dir/Core/Src/syscalls.c.obj
                0x08003b72                _write
 .text._close   0x08003baa       0x18 CMakeFiles/blackbox_v2_bootloader.dir/Core/Src/syscalls.c.obj
                0x08003baa                _close
 .text._fstat   0x08003bc2       0x20 CMakeFiles/blackbox_v2_bootloader.dir/Core/Src/syscalls.c.obj
                0x08003bc2                _fstat
 .text._isatty  0x08003be2       0x16 CMakeFiles/blackbox_v2_bootloader.dir/Core/Src/syscalls.c.obj
                0x08003be2                _isatty
 .text._lseek   0x08003bf8       0x1a CMakeFiles/blackbox_v2_bootloader.dir/Core/Src/syscalls.c.obj
                0x08003bf8                _lseek
 *fill*         0x08003c12        0x2 
 .text.Reset_Handler
                0x08003c14       0x50 CMakeFiles/blackbox_v2_bootloader.dir/startup_stm32f411xe.s.obj
                0x08003c14                Reset_Handler
 .text.Default_Handler
                0x08003c64        0x2 CMakeFiles/blackbox_v2_bootloader.dir/startup_stm32f411xe.s.obj
                0x08003c64                RTC_Alarm_IRQHandler
                0x08003c64                EXTI2_IRQHandler
                0x08003c64                SPI4_IRQHandler
                0x08003c64                TIM1_CC_IRQHandler
                0x08003c64                DMA2_Stream5_IRQHandler
                0x08003c64                DMA1_Stream5_IRQHandler
                0x08003c64                PVD_IRQHandler
                0x08003c64                SDIO_IRQHandler
                0x08003c64                TAMP_STAMP_IRQHandler
                0x08003c64                EXTI3_IRQHandler
                0x08003c64                TIM1_UP_TIM10_IRQHandler
                0x08003c64                I2C3_ER_IRQHandler
                0x08003c64                EXTI0_IRQHandler
                0x08003c64                I2C2_EV_IRQHandler
                0x08003c64                DMA1_Stream2_IRQHandler
                0x08003c64                FPU_IRQHandler
                0x08003c64                DMA2_Stream2_IRQHandler
                0x08003c64                SPI1_IRQHandler
                0x08003c64                TIM1_BRK_TIM9_IRQHandler
                0x08003c64                DMA2_Stream3_IRQHandler
                0x08003c64                USART6_IRQHandler
                0x08003c64                DMA2_Stream0_IRQHandler
                0x08003c64                TIM4_IRQHandler
                0x08003c64                I2C1_EV_IRQHandler
                0x08003c64                DMA1_Stream6_IRQHandler
                0x08003c64                DMA1_Stream1_IRQHandler
                0x08003c64                TIM3_IRQHandler
                0x08003c64                Default_Handler
                0x08003c64                EXTI15_10_IRQHandler
                0x08003c64                ADC_IRQHandler
                0x08003c64                DMA1_Stream7_IRQHandler
                0x08003c64                SPI5_IRQHandler
                0x08003c64                TIM5_IRQHandler
                0x08003c64                DMA2_Stream7_IRQHandler
                0x08003c64                I2C3_EV_IRQHandler
                0x08003c64                EXTI9_5_IRQHandler
                0x08003c64                RTC_WKUP_IRQHandler
                0x08003c64                SPI2_IRQHandler
                0x08003c64                DMA1_Stream0_IRQHandler
                0x08003c64                EXTI4_IRQHandler
                0x08003c64                WWDG_IRQHandler
                0x08003c64                TIM2_IRQHandler
                0x08003c64                OTG_FS_WKUP_IRQHandler
                0x08003c64                TIM1_TRG_COM_TIM11_IRQHandler
                0x08003c64                EXTI1_IRQHandler
                0x08003c64                USART2_IRQHandler
                0x08003c64                I2C2_ER_IRQHandler
                0x08003c64                DMA2_Stream1_IRQHandler
                0x08003c64                FLASH_IRQHandler
                0x08003c64                DMA2_Stream4_IRQHandler
                0x08003c64                OTG_FS_IRQHandler
                0x08003c64                SPI3_IRQHandler
                0x08003c64                DMA1_Stream4_IRQHandler
                0x08003c64                I2C1_ER_IRQHandler
                0x08003c64                DMA2_Stream6_IRQHandler
                0x08003c64                DMA1_Stream3_IRQHandler
 *fill*         0x08003c66        0x2 
 .text.__errno  0x08003c68        0xc c:/tools/gcc-arm-none-eabi-10.3-2021.10/bin/../lib/gcc/arm-none-eabi/10.3.1/../../../../arm-none-eabi/lib/thumb/v7e-m+fp/hard\libg_nano.a(lib_a-errno.o)
                0x08003c68                __errno
 .text.memcpy   0x08003c74       0x1c c:/tools/gcc-arm-none-eabi-10.3-2021.10/bin/../lib/gcc/arm-none-eabi/10.3.1/../../../../arm-none-eabi/lib/thumb/v7e-m+fp/hard\libg_nano.a(lib_a-memcpy-stub.o)
                0x08003c74                memcpy
 .text.memmove  0x08003c90       0x34 c:/tools/gcc-arm-none-eabi-10.3-2021.10/bin/../lib/gcc/arm-none-eabi/10.3.1/../../../../arm-none-eabi/lib/thumb/v7e-m+fp/hard\libg_nano.a(lib_a-memmove.o)
                0x08003c90                memmove
 .text.printf   0x08003cc4       0x30 c:/tools/gcc-arm-none-eabi-10.3-2021.10/bin/../lib/gcc/arm-none-eabi/10.3.1/../../../../arm-none-eabi/lib/thumb/v7e-m+fp/hard\libg_nano.a(lib_a-printf.o)
                0x08003cc4                iprintf
                0x08003cc4                printf
 .text._puts_r  0x08003cf4       0xdc c:/tools/gcc-arm-none-eabi-10.3-2021.10/bin/../lib/gcc/arm-none-eabi/10.3.1/../../../../arm-none-eabi/lib/thumb/v7e-m+fp/hard\libg_nano.a(lib_a-puts.o)
                0x08003cf4                _puts_r
 .text.puts     0x08003dd0       0x10 c:/tools/gcc-arm-none-eabi-10.3-2021.10/bin/../lib/gcc/arm-none-eabi/10.3.1/../../../../arm-none-eabi/lib/thumb/v7e-m+fp/hard\libg_nano.a(lib_a-puts.o)
                0x08003dd0                puts
 .text.__swbuf_r
                0x08003de0       0xa4 c:/tools/gcc-arm-none-eabi-10.3-2021.10/bin/../lib/gcc/arm-none-eabi/10.3.1/../../../../arm-none-eabi/lib/thumb/v7e-m+fp/hard\libg_nano.a(lib_a-wbuf.o)
                0x08003de0                __swbuf_r
 .text.__swsetup_r
                0x08003e84       0xdc c:/tools/gcc-arm-none-eabi-10.3-2021.10/bin/../lib/gcc/arm-none-eabi/10.3.1/../../../../arm-none-eabi/lib/thumb/v7e-m+fp/hard\libg_nano.a(lib_a-wsetup.o)
                0x08003e84                __swsetup_r
 .text.__sflush_r
                0x08003f60      0x10c c:/tools/gcc-arm-none-eabi-10.3-2021.10/bin/../lib/gcc/arm-none-eabi/10.3.1/../../../../arm-none-eabi/lib/thumb/v7e-m+fp/hard\libg_nano.a(lib_a-fflush.o)
                0x08003f60                __sflush_r
 .text._fflush_r
                0x0800406c       0x78 c:/tools/gcc-arm-none-eabi-10.3-2021.10/bin/../lib/gcc/arm-none-eabi/10.3.1/../../../../arm-none-eabi/lib/thumb/v7e-m+fp/hard\libg_nano.a(lib_a-fflush.o)
                0x0800406c                _fflush_r
 .text.std      0x080040e4       0x48 c:/tools/gcc-arm-none-eabi-10.3-2021.10/bin/../lib/gcc/arm-none-eabi/10.3.1/../../../../arm-none-eabi/lib/thumb/v7e-m+fp/hard\libg_nano.a(lib_a-findfp.o)
 .text._cleanup_r
                0x0800412c        0xc c:/tools/gcc-arm-none-eabi-10.3-2021.10/bin/../lib/gcc/arm-none-eabi/10.3.1/../../../../arm-none-eabi/lib/thumb/v7e-m+fp/hard\libg_nano.a(lib_a-findfp.o)
                0x0800412c                _cleanup_r
 .text.__sfmoreglue
                0x08004138       0x2c c:/tools/gcc-arm-none-eabi-10.3-2021.10/bin/../lib/gcc/arm-none-eabi/10.3.1/../../../../arm-none-eabi/lib/thumb/v7e-m+fp/hard\libg_nano.a(lib_a-findfp.o)
                0x08004138                __sfmoreglue
 .text.__sfp_lock_acquire
                0x08004164        0xc c:/tools/gcc-arm-none-eabi-10.3-2021.10/bin/../lib/gcc/arm-none-eabi/10.3.1/../../../../arm-none-eabi/lib/thumb/v7e-m+fp/hard\libg_nano.a(lib_a-findfp.o)
                0x08004164                __sfp_lock_acquire
 .text.__sfp_lock_release
                0x08004170        0xc c:/tools/gcc-arm-none-eabi-10.3-2021.10/bin/../lib/gcc/arm-none-eabi/10.3.1/../../../../arm-none-eabi/lib/thumb/v7e-m+fp/hard\libg_nano.a(lib_a-findfp.o)
                0x08004170                __sfp_lock_release
 .text.__sinit_lock_acquire
                0x0800417c        0xc c:/tools/gcc-arm-none-eabi-10.3-2021.10/bin/../lib/gcc/arm-none-eabi/10.3.1/../../../../arm-none-eabi/lib/thumb/v7e-m+fp/hard\libg_nano.a(lib_a-findfp.o)
                0x0800417c                __sinit_lock_acquire
 .text.__sinit_lock_release
                0x08004188        0xc c:/tools/gcc-arm-none-eabi-10.3-2021.10/bin/../lib/gcc/arm-none-eabi/10.3.1/../../../../arm-none-eabi/lib/thumb/v7e-m+fp/hard\libg_nano.a(lib_a-findfp.o)
                0x08004188                __sinit_lock_release
 .text.__sinit  0x08004194       0x70 c:/tools/gcc-arm-none-eabi-10.3-2021.10/bin/../lib/gcc/arm-none-eabi/10.3.1/../../../../arm-none-eabi/lib/thumb/v7e-m+fp/hard\libg_nano.a(lib_a-findfp.o)
                0x08004194                __sinit
 .text.__sfp    0x08004204       0x8c c:/tools/gcc-arm-none-eabi-10.3-2021.10/bin/../lib/gcc/arm-none-eabi/10.3.1/../../../../arm-none-eabi/lib/thumb/v7e-m+fp/hard\libg_nano.a(lib_a-findfp.o)
                0x08004204                __sfp
 .text._fwalk_reent
                0x08004290       0x3e c:/tools/gcc-arm-none-eabi-10.3-2021.10/bin/../lib/gcc/arm-none-eabi/10.3.1/../../../../arm-none-eabi/lib/thumb/v7e-m+fp/hard\libg_nano.a(lib_a-fwalk.o)
                0x08004290                _fwalk_reent
 .text.__retarget_lock_init_recursive
                0x080042ce        0x2 c:/tools/gcc-arm-none-eabi-10.3-2021.10/bin/../lib/gcc/arm-none-eabi/10.3.1/../../../../arm-none-eabi/lib/thumb/v7e-m+fp/hard\libg_nano.a(lib_a-lock.o)
                0x080042ce                __retarget_lock_init_recursive
 .text.__retarget_lock_acquire_recursive
                0x080042d0        0x2 c:/tools/gcc-arm-none-eabi-10.3-2021.10/bin/../lib/gcc/arm-none-eabi/10.3.1/../../../../arm-none-eabi/lib/thumb/v7e-m+fp/hard\libg_nano.a(lib_a-lock.o)
                0x080042d0                __retarget_lock_acquire_recursive
 .text.__retarget_lock_release_recursive
                0x080042d2        0x2 c:/tools/gcc-arm-none-eabi-10.3-2021.10/bin/../lib/gcc/arm-none-eabi/10.3.1/../../../../arm-none-eabi/lib/thumb/v7e-m+fp/hard\libg_nano.a(lib_a-lock.o)
                0x080042d2                __retarget_lock_release_recursive
 .text.__swhatbuf_r
                0x080042d4       0x4a c:/tools/gcc-arm-none-eabi-10.3-2021.10/bin/../lib/gcc/arm-none-eabi/10.3.1/../../../../arm-none-eabi/lib/thumb/v7e-m+fp/hard\libg_nano.a(lib_a-makebuf.o)
                0x080042d4                __swhatbuf_r
 *fill*         0x0800431e        0x2 
 .text.__smakebuf_r
                0x08004320       0x80 c:/tools/gcc-arm-none-eabi-10.3-2021.10/bin/../lib/gcc/arm-none-eabi/10.3.1/../../../../arm-none-eabi/lib/thumb/v7e-m+fp/hard\libg_nano.a(lib_a-makebuf.o)
                0x08004320                __smakebuf_r
 .text._free_r  0x080043a0       0x98 c:/tools/gcc-arm-none-eabi-10.3-2021.10/bin/../lib/gcc/arm-none-eabi/10.3.1/../../../../arm-none-eabi/lib/thumb/v7e-m+fp/hard\libg_nano.a(lib_a-nano-freer.o)
                0x080043a0                _free_r
 .text.sbrk_aligned
                0x08004438       0x40 c:/tools/gcc-arm-none-eabi-10.3-2021.10/bin/../lib/gcc/arm-none-eabi/10.3.1/../../../../arm-none-eabi/lib/thumb/v7e-m+fp/hard\libg_nano.a(lib_a-nano-mallocr.o)
 .text._malloc_r
                0x08004478       0xe8 c:/tools/gcc-arm-none-eabi-10.3-2021.10/bin/../lib/gcc/arm-none-eabi/10.3.1/../../../../arm-none-eabi/lib/thumb/v7e-m+fp/hard\libg_nano.a(lib_a-nano-mallocr.o)
                0x08004478                _malloc_r
 .text.__sfputc_r
                0x08004560       0x2e c:/tools/gcc-arm-none-eabi-10.3-2021.10/bin/../lib/gcc/arm-none-eabi/10.3.1/../../../../arm-none-eabi/lib/thumb/v7e-m+fp/hard\libg_nano.a(lib_a-nano-vfprintf.o)
 .text.__sfputs_r
                0x0800458e       0x24 c:/tools/gcc-arm-none-eabi-10.3-2021.10/bin/../lib/gcc/arm-none-eabi/10.3.1/../../../../arm-none-eabi/lib/thumb/v7e-m+fp/hard\libg_nano.a(lib_a-nano-vfprintf.o)
                0x0800458e                __sfputs_r
 *fill*         0x080045b2        0x2 
 .text._vfprintf_r
                0x080045b4      0x260 c:/tools/gcc-arm-none-eabi-10.3-2021.10/bin/../lib/gcc/arm-none-eabi/10.3.1/../../../../arm-none-eabi/lib/thumb/v7e-m+fp/hard\libg_nano.a(lib_a-nano-vfprintf.o)
                0x080045b4                _vfprintf_r
                0x080045b4                _vfiprintf_r
 .text._printf_common
                0x08004814       0xda c:/tools/gcc-arm-none-eabi-10.3-2021.10/bin/../lib/gcc/arm-none-eabi/10.3.1/../../../../arm-none-eabi/lib/thumb/v7e-m+fp/hard\libg_nano.a(lib_a-nano-vfprintf_i.o)
                0x08004814                _printf_common
 *fill*         0x080048ee        0x2 
 .text._printf_i
                0x080048f0      0x24c c:/tools/gcc-arm-none-eabi-10.3-2021.10/bin/../lib/gcc/arm-none-eabi/10.3.1/../../../../arm-none-eabi/lib/thumb/v7e-m+fp/hard\libg_nano.a(lib_a-nano-vfprintf_i.o)
                0x080048f0                _printf_i
 .text._sbrk_r  0x08004b3c       0x20 c:/tools/gcc-arm-none-eabi-10.3-2021.10/bin/../lib/gcc/arm-none-eabi/10.3.1/../../../../arm-none-eabi/lib/thumb/v7e-m+fp/hard\libg_nano.a(lib_a-sbrkr.o)
                0x08004b3c                _sbrk_r
 .text.__sread  0x08004b5c       0x22 c:/tools/gcc-arm-none-eabi-10.3-2021.10/bin/../lib/gcc/arm-none-eabi/10.3.1/../../../../arm-none-eabi/lib/thumb/v7e-m+fp/hard\libg_nano.a(lib_a-stdio.o)
                0x08004b5c                __sread
 .text.__swrite
                0x08004b7e       0x38 c:/tools/gcc-arm-none-eabi-10.3-2021.10/bin/../lib/gcc/arm-none-eabi/10.3.1/../../../../arm-none-eabi/lib/thumb/v7e-m+fp/hard\libg_nano.a(lib_a-stdio.o)
                0x08004b7e                __swrite
 .text.__sseek  0x08004bb6       0x24 c:/tools/gcc-arm-none-eabi-10.3-2021.10/bin/../lib/gcc/arm-none-eabi/10.3.1/../../../../arm-none-eabi/lib/thumb/v7e-m+fp/hard\libg_nano.a(lib_a-stdio.o)
                0x08004bb6                __sseek
 .text.__sclose
                0x08004bda        0x8 c:/tools/gcc-arm-none-eabi-10.3-2021.10/bin/../lib/gcc/arm-none-eabi/10.3.1/../../../../arm-none-eabi/lib/thumb/v7e-m+fp/hard\libg_nano.a(lib_a-stdio.o)
                0x08004bda                __sclose
 *fill*         0x08004be2        0x2 
 .text._write_r
                0x08004be4       0x24 c:/tools/gcc-arm-none-eabi-10.3-2021.10/bin/../lib/gcc/arm-none-eabi/10.3.1/../../../../arm-none-eabi/lib/thumb/v7e-m+fp/hard\libg_nano.a(lib_a-writer.o)
                0x08004be4                _write_r
 .text._close_r
                0x08004c08       0x20 c:/tools/gcc-arm-none-eabi-10.3-2021.10/bin/../lib/gcc/arm-none-eabi/10.3.1/../../../../arm-none-eabi/lib/thumb/v7e-m+fp/hard\libg_nano.a(lib_a-closer.o)
                0x08004c08                _close_r
 .text._fstat_r
                0x08004c28       0x24 c:/tools/gcc-arm-none-eabi-10.3-2021.10/bin/../lib/gcc/arm-none-eabi/10.3.1/../../../../arm-none-eabi/lib/thumb/v7e-m+fp/hard\libg_nano.a(lib_a-fstatr.o)
                0x08004c28                _fstat_r
 .text._isatty_r
                0x08004c4c       0x20 c:/tools/gcc-arm-none-eabi-10.3-2021.10/bin/../lib/gcc/arm-none-eabi/10.3.1/../../../../arm-none-eabi/lib/thumb/v7e-m+fp/hard\libg_nano.a(lib_a-isattyr.o)
                0x08004c4c                _isatty_r
 .text._lseek_r
                0x08004c6c       0x24 c:/tools/gcc-arm-none-eabi-10.3-2021.10/bin/../lib/gcc/arm-none-eabi/10.3.1/../../../../arm-none-eabi/lib/thumb/v7e-m+fp/hard\libg_nano.a(lib_a-lseekr.o)
                0x08004c6c                _lseek_r
 .text.__malloc_lock
                0x08004c90        0xc c:/tools/gcc-arm-none-eabi-10.3-2021.10/bin/../lib/gcc/arm-none-eabi/10.3.1/../../../../arm-none-eabi/lib/thumb/v7e-m+fp/hard\libg_nano.a(lib_a-mlock.o)
                0x08004c90                __malloc_lock
 .text.__malloc_unlock
                0x08004c9c        0xc c:/tools/gcc-arm-none-eabi-10.3-2021.10/bin/../lib/gcc/arm-none-eabi/10.3.1/../../../../arm-none-eabi/lib/thumb/v7e-m+fp/hard\libg_nano.a(lib_a-mlock.o)
                0x08004c9c                __malloc_unlock
 .text._read_r  0x08004ca8       0x24 c:/tools/gcc-arm-none-eabi-10.3-2021.10/bin/../lib/gcc/arm-none-eabi/10.3.1/../../../../arm-none-eabi/lib/thumb/v7e-m+fp/hard\libg_nano.a(lib_a-readr.o)
                0x08004ca8                _read_r
 *(.glue_7)
 .glue_7        0x08004ccc        0x0 linker stubs
 *(.glue_7t)
 .glue_7t       0x08004ccc        0x0 linker stubs
 *(.eh_frame)
 .eh_frame      0x08004ccc        0x0 c:/tools/gcc-arm-none-eabi-10.3-2021.10/bin/../lib/gcc/arm-none-eabi/10.3.1/thumb/v7e-m+fp/hard/crtbegin.o
 *(.init)
 .init          0x08004ccc        0x4 c:/tools/gcc-arm-none-eabi-10.3-2021.10/bin/../lib/gcc/arm-none-eabi/10.3.1/thumb/v7e-m+fp/hard/crti.o
                0x08004ccc                _init
 .init          0x08004cd0        0x8 c:/tools/gcc-arm-none-eabi-10.3-2021.10/bin/../lib/gcc/arm-none-eabi/10.3.1/thumb/v7e-m+fp/hard/crtn.o
 *(.fini)
 .fini          0x08004cd8        0x4 c:/tools/gcc-arm-none-eabi-10.3-2021.10/bin/../lib/gcc/arm-none-eabi/10.3.1/thumb/v7e-m+fp/hard/crti.o
                0x08004cd8                _fini
 .fini          0x08004cdc        0x8 c:/tools/gcc-arm-none-eabi-10.3-2021.10/bin/../lib/gcc/arm-none-eabi/10.3.1/thumb/v7e-m+fp/hard/crtn.o
                0x08004ce4                . = ALIGN (0x4)
                0x08004ce4                _etext = .

.vfp11_veneer   0x08004ce4        0x0
 .vfp11_veneer  0x08004ce4        0x0 linker stubs

.v4_bx          0x08004ce4        0x0
 .v4_bx         0x08004ce4        0x0 linker stubs

.iplt           0x08004ce4        0x0
 .iplt          0x08004ce4        0x0 c:/tools/gcc-arm-none-eabi-10.3-2021.10/bin/../lib/gcc/arm-none-eabi/10.3.1/thumb/v7e-m+fp/hard/crtbegin.o

.rodata         0x08004ce4      0x148
                0x08004ce4                . = ALIGN (0x4)
 *(.rodata)
 .rodata        0x08004ce4       0x6a CMakeFiles/blackbox_v2_bootloader.dir/fh_bootloader/fh_bootloader.c.obj
 *fill*         0x08004d4e        0x2 
 .rodata        0x08004d50       0x18 CMakeFiles/blackbox_v2_bootloader.dir/Core/Src/main.c.obj
 *(.rodata*)
 .rodata._global_impure_ptr
                0x08004d68        0x4 c:/tools/gcc-arm-none-eabi-10.3-2021.10/bin/../lib/gcc/arm-none-eabi/10.3.1/../../../../arm-none-eabi/lib/thumb/v7e-m+fp/hard\libc_nano.a(lib_a-impure.o)
                0x08004d68                _global_impure_ptr
 .rodata.state_handlers
                0x08004d6c       0x14 CMakeFiles/blackbox_v2_bootloader.dir/fh_stream/fh_stream.c.obj
 .rodata.AHBPrescTable
                0x08004d80       0x10 CMakeFiles/blackbox_v2_bootloader.dir/Core/Src/system_stm32f4xx.c.obj
                0x08004d80                AHBPrescTable
 .rodata.APBPrescTable
                0x08004d90        0x8 CMakeFiles/blackbox_v2_bootloader.dir/Core/Src/system_stm32f4xx.c.obj
                0x08004d90                APBPrescTable
 .rodata.__sf_fake_stderr
                0x08004d98       0x20 c:/tools/gcc-arm-none-eabi-10.3-2021.10/bin/../lib/gcc/arm-none-eabi/10.3.1/../../../../arm-none-eabi/lib/thumb/v7e-m+fp/hard\libg_nano.a(lib_a-findfp.o)
                0x08004d98                __sf_fake_stderr
 .rodata.__sf_fake_stdin
                0x08004db8       0x20 c:/tools/gcc-arm-none-eabi-10.3-2021.10/bin/../lib/gcc/arm-none-eabi/10.3.1/../../../../arm-none-eabi/lib/thumb/v7e-m+fp/hard\libg_nano.a(lib_a-findfp.o)
                0x08004db8                __sf_fake_stdin
 .rodata.__sf_fake_stdout
                0x08004dd8       0x20 c:/tools/gcc-arm-none-eabi-10.3-2021.10/bin/../lib/gcc/arm-none-eabi/10.3.1/../../../../arm-none-eabi/lib/thumb/v7e-m+fp/hard\libg_nano.a(lib_a-findfp.o)
                0x08004dd8                __sf_fake_stdout
 .rodata._vfprintf_r.str1.1
                0x08004df8       0x11 c:/tools/gcc-arm-none-eabi-10.3-2021.10/bin/../lib/gcc/arm-none-eabi/10.3.1/../../../../arm-none-eabi/lib/thumb/v7e-m+fp/hard\libg_nano.a(lib_a-nano-vfprintf.o)
 .rodata._printf_i.str1.1
                0x08004e09       0x22 c:/tools/gcc-arm-none-eabi-10.3-2021.10/bin/../lib/gcc/arm-none-eabi/10.3.1/../../../../arm-none-eabi/lib/thumb/v7e-m+fp/hard\libg_nano.a(lib_a-nano-vfprintf_i.o)
                0x08004e2c                . = ALIGN (0x4)
 *fill*         0x08004e2b        0x1 

.ARM.extab
 *(.ARM.extab* .gnu.linkonce.armextab.*)

.ARM            0x08004e2c        0x8
                0x08004e2c                __exidx_start = .
 *(.ARM.exidx*)
 .ARM.exidx     0x08004e2c        0x8 c:/tools/gcc-arm-none-eabi-10.3-2021.10/bin/../lib/gcc/arm-none-eabi/10.3.1/thumb/v7e-m+fp/hard\libgcc.a(_udivmoddi4.o)
                0x08004e34                __exidx_end = .

.rel.dyn        0x08004e34        0x0
 .rel.iplt      0x08004e34        0x0 c:/tools/gcc-arm-none-eabi-10.3-2021.10/bin/../lib/gcc/arm-none-eabi/10.3.1/thumb/v7e-m+fp/hard/crtbegin.o

.preinit_array  0x08004e34        0x0
                0x08004e34                PROVIDE (__preinit_array_start = .)
 *(.preinit_array*)
                0x08004e34                PROVIDE (__preinit_array_end = .)

.init_array     0x08004e34        0x4
                0x08004e34                PROVIDE (__init_array_start = .)
 *(SORT_BY_NAME(.init_array.*))
 *(.init_array*)
 .init_array    0x08004e34        0x4 c:/tools/gcc-arm-none-eabi-10.3-2021.10/bin/../lib/gcc/arm-none-eabi/10.3.1/thumb/v7e-m+fp/hard/crtbegin.o
                0x08004e38                PROVIDE (__init_array_end = .)

.fini_array     0x08004e38        0x4
                [!provide]                PROVIDE (__fini_array_start = .)
 *(SORT_BY_NAME(.fini_array.*))
 *(.fini_array*)
 .fini_array    0x08004e38        0x4 c:/tools/gcc-arm-none-eabi-10.3-2021.10/bin/../lib/gcc/arm-none-eabi/10.3.1/thumb/v7e-m+fp/hard/crtbegin.o
                [!provide]                PROVIDE (__fini_array_end = .)
                0x08004e3c                _sidata = LOADADDR (.data)

.data           0x20000000      0x498 load address 0x08004e3c
                0x20000000                . = ALIGN (0x4)
                0x20000000                _sdata = .
 *(.data)
 *(.data*)
 .data._impure_ptr
                0x20000000        0x4 c:/tools/gcc-arm-none-eabi-10.3-2021.10/bin/../lib/gcc/arm-none-eabi/10.3.1/../../../../arm-none-eabi/lib/thumb/v7e-m+fp/hard\libc_nano.a(lib_a-impure.o)
                0x20000000                _impure_ptr
 .data.impure_data
                0x20000004       0x60 c:/tools/gcc-arm-none-eabi-10.3-2021.10/bin/../lib/gcc/arm-none-eabi/10.3.1/../../../../arm-none-eabi/lib/thumb/v7e-m+fp/hard\libc_nano.a(lib_a-impure.o)
 .data.flash_write_ptr
                0x20000064        0x4 CMakeFiles/blackbox_v2_bootloader.dir/fh_bootloader/fh_bootloader.c.obj
 .data.rx_context
                0x20000068        0x4 CMakeFiles/blackbox_v2_bootloader.dir/fh_stream/fh_stream.c.obj
 .data.crc32_tab
                0x2000006c      0x400 CMakeFiles/blackbox_v2_bootloader.dir/Core/Src/main.c.obj
 .data.pFlash   0x2000046c       0x20 CMakeFiles/blackbox_v2_bootloader.dir/Drivers/STM32F4xx_HAL_Driver/Src/stm32f4xx_hal_flash.c.obj
                0x2000046c                pFlash
 .data.uwTickPrio
                0x2000048c        0x4 CMakeFiles/blackbox_v2_bootloader.dir/Drivers/STM32F4xx_HAL_Driver/Src/stm32f4xx_hal.c.obj
                0x2000048c                uwTickPrio
 .data.uwTickFreq
                0x20000490        0x1 CMakeFiles/blackbox_v2_bootloader.dir/Drivers/STM32F4xx_HAL_Driver/Src/stm32f4xx_hal.c.obj
                0x20000490                uwTickFreq
 *fill*         0x20000491        0x3 
 .data.SystemCoreClock
                0x20000494        0x4 CMakeFiles/blackbox_v2_bootloader.dir/Core/Src/system_stm32f4xx.c.obj
                0x20000494                SystemCoreClock
                0x20000498                . = ALIGN (0x4)
                0x20000498                _edata = .

.igot.plt       0x20000498        0x0 load address 0x080052d4
 .igot.plt      0x20000498        0x0 c:/tools/gcc-arm-none-eabi-10.3-2021.10/bin/../lib/gcc/arm-none-eabi/10.3.1/thumb/v7e-m+fp/hard/crtbegin.o
                0x20000498                . = ALIGN (0x4)

.bss            0x20000498      0x6a8 load address 0x080052d4
                0x20000498                _sbss = .
                0x20000498                __bss_start__ = _sbss
 *(.bss)
 .bss           0x20000498       0x1c c:/tools/gcc-arm-none-eabi-10.3-2021.10/bin/../lib/gcc/arm-none-eabi/10.3.1/thumb/v7e-m+fp/hard/crtbegin.o
 *(.bss*)
 .bss.Uart1_RingBuff
                0x200004b4      0x106 CMakeFiles/blackbox_v2_bootloader.dir/fh_bootloader/fh_bootloader.c.obj
                0x200004b4                Uart1_RingBuff
 .bss.rxbuf_u1  0x200005ba        0x1 CMakeFiles/blackbox_v2_bootloader.dir/fh_bootloader/fh_bootloader.c.obj
                0x200005ba                rxbuf_u1
 *fill*         0x200005bb        0x1 
 .bss.pack_id   0x200005bc        0x4 CMakeFiles/blackbox_v2_bootloader.dir/fh_bootloader/fh_bootloader.c.obj
                0x200005bc                pack_id
 .bss.write_buff
                0x200005c0      0x400 CMakeFiles/blackbox_v2_bootloader.dir/fh_bootloader/fh_bootloader.c.obj
 .bss.write_ptr
                0x200009c0        0x2 CMakeFiles/blackbox_v2_bootloader.dir/fh_bootloader/fh_bootloader.c.obj
 *fill*         0x200009c2        0x2 
 .bss.fh_stream_crc
                0x200009c4        0x4 CMakeFiles/blackbox_v2_bootloader.dir/fh_stream/fh_stream.c.obj
 .bss.fream_buff
                0x200009c8      0x10c CMakeFiles/blackbox_v2_bootloader.dir/fh_stream/fh_stream.c.obj
 .bss.crc_idx.0
                0x20000ad4        0x4 CMakeFiles/blackbox_v2_bootloader.dir/fh_stream/fh_stream.c.obj
 .bss.hcrc      0x20000ad8        0x8 CMakeFiles/blackbox_v2_bootloader.dir/Core/Src/crc.c.obj
                0x20000ad8                hcrc
 .bss.huart1    0x20000ae0       0x48 CMakeFiles/blackbox_v2_bootloader.dir/Core/Src/usart.c.obj
                0x20000ae0                huart1
 .bss.uwTick    0x20000b28        0x4 CMakeFiles/blackbox_v2_bootloader.dir/Drivers/STM32F4xx_HAL_Driver/Src/stm32f4xx_hal.c.obj
                0x20000b28                uwTick
 .bss.__sbrk_heap_end
                0x20000b2c        0x4 CMakeFiles/blackbox_v2_bootloader.dir/Core/Src/sysmem.c.obj
 .bss.__lock___malloc_recursive_mutex
                0x20000b30        0x1 c:/tools/gcc-arm-none-eabi-10.3-2021.10/bin/../lib/gcc/arm-none-eabi/10.3.1/../../../../arm-none-eabi/lib/thumb/v7e-m+fp/hard\libg_nano.a(lib_a-lock.o)
                0x20000b30                __lock___malloc_recursive_mutex
 .bss.__lock___sfp_recursive_mutex
                0x20000b31        0x1 c:/tools/gcc-arm-none-eabi-10.3-2021.10/bin/../lib/gcc/arm-none-eabi/10.3.1/../../../../arm-none-eabi/lib/thumb/v7e-m+fp/hard\libg_nano.a(lib_a-lock.o)
                0x20000b31                __lock___sfp_recursive_mutex
 .bss.__lock___sinit_recursive_mutex
                0x20000b32        0x1 c:/tools/gcc-arm-none-eabi-10.3-2021.10/bin/../lib/gcc/arm-none-eabi/10.3.1/../../../../arm-none-eabi/lib/thumb/v7e-m+fp/hard\libg_nano.a(lib_a-lock.o)
                0x20000b32                __lock___sinit_recursive_mutex
 *fill*         0x20000b33        0x1 
 .bss.__malloc_free_list
                0x20000b34        0x4 c:/tools/gcc-arm-none-eabi-10.3-2021.10/bin/../lib/gcc/arm-none-eabi/10.3.1/../../../../arm-none-eabi/lib/thumb/v7e-m+fp/hard\libg_nano.a(lib_a-nano-mallocr.o)
                0x20000b34                __malloc_free_list
 .bss.__malloc_sbrk_start
                0x20000b38        0x4 c:/tools/gcc-arm-none-eabi-10.3-2021.10/bin/../lib/gcc/arm-none-eabi/10.3.1/../../../../arm-none-eabi/lib/thumb/v7e-m+fp/hard\libg_nano.a(lib_a-nano-mallocr.o)
                0x20000b38                __malloc_sbrk_start
 .bss.errno     0x20000b3c        0x4 c:/tools/gcc-arm-none-eabi-10.3-2021.10/bin/../lib/gcc/arm-none-eabi/10.3.1/../../../../arm-none-eabi/lib/thumb/v7e-m+fp/hard\libg_nano.a(lib_a-reent.o)
                0x20000b3c                errno
 *(COMMON)
                0x20000b40                . = ALIGN (0x4)
                0x20000b40                _ebss = .
                0x20000b40                __bss_end__ = _ebss

._user_heap_stack
                0x20000b40     0x1600 load address 0x080052d4
                0x20000b40                . = ALIGN (0x8)
                [!provide]                PROVIDE (end = .)
                0x20000b40                PROVIDE (_end = .)
                0x20000d40                . = (. + _Min_Heap_Size)
 *fill*         0x20000b40      0x200 
                0x20002140                . = (. + _Min_Stack_Size)
 *fill*         0x20000d40     0x1400 
                0x20002140                . = ALIGN (0x8)

/DISCARD/
 libc.a(*)
 libm.a(*)
 libgcc.a(*)
OUTPUT(blackbox_v2_bootloader.elf elf32-littlearm)
LOAD linker stubs
LOAD c:/tools/gcc-arm-none-eabi-10.3-2021.10/bin/../lib/gcc/arm-none-eabi/10.3.1/../../../../arm-none-eabi/lib/thumb/v7e-m+fp/hard\libc.a
LOAD c:/tools/gcc-arm-none-eabi-10.3-2021.10/bin/../lib/gcc/arm-none-eabi/10.3.1/../../../../arm-none-eabi/lib/thumb/v7e-m+fp/hard\libm.a
LOAD c:/tools/gcc-arm-none-eabi-10.3-2021.10/bin/../lib/gcc/arm-none-eabi/10.3.1/thumb/v7e-m+fp/hard\libgcc.a

.ARM.attributes
                0x00000000       0x30
 .ARM.attributes
                0x00000000       0x1e c:/tools/gcc-arm-none-eabi-10.3-2021.10/bin/../lib/gcc/arm-none-eabi/10.3.1/thumb/v7e-m+fp/hard/crti.o
 .ARM.attributes
                0x0000001e       0x34 c:/tools/gcc-arm-none-eabi-10.3-2021.10/bin/../lib/gcc/arm-none-eabi/10.3.1/thumb/v7e-m+fp/hard/crtbegin.o
 .ARM.attributes
                0x00000052       0x34 c:/tools/gcc-arm-none-eabi-10.3-2021.10/bin/../lib/gcc/arm-none-eabi/10.3.1/../../../../arm-none-eabi/lib/thumb/v7e-m+fp/hard\libc_nano.a(lib_a-impure.o)
 .ARM.attributes
                0x00000086       0x34 c:/tools/gcc-arm-none-eabi-10.3-2021.10/bin/../lib/gcc/arm-none-eabi/10.3.1/../../../../arm-none-eabi/lib/thumb/v7e-m+fp/hard\libc_nano.a(lib_a-init.o)
 .ARM.attributes
                0x000000ba       0x34 c:/tools/gcc-arm-none-eabi-10.3-2021.10/bin/../lib/gcc/arm-none-eabi/10.3.1/../../../../arm-none-eabi/lib/thumb/v7e-m+fp/hard\libc_nano.a(lib_a-memset.o)
 .ARM.attributes
                0x000000ee       0x34 CMakeFiles/blackbox_v2_bootloader.dir/fh_bootloader/fh_bootloader.c.obj
 .ARM.attributes
                0x00000122       0x34 CMakeFiles/blackbox_v2_bootloader.dir/fh_ringbuff/ringbuff.c.obj
 .ARM.attributes
                0x00000156       0x34 CMakeFiles/blackbox_v2_bootloader.dir/fh_stream/fh_stream.c.obj
 .ARM.attributes
                0x0000018a       0x34 CMakeFiles/blackbox_v2_bootloader.dir/Core/Src/main.c.obj
 .ARM.attributes
                0x000001be       0x34 CMakeFiles/blackbox_v2_bootloader.dir/Core/Src/gpio.c.obj
 .ARM.attributes
                0x000001f2       0x34 CMakeFiles/blackbox_v2_bootloader.dir/Core/Src/crc.c.obj
 .ARM.attributes
                0x00000226       0x34 CMakeFiles/blackbox_v2_bootloader.dir/Core/Src/usart.c.obj
 .ARM.attributes
                0x0000025a       0x34 CMakeFiles/blackbox_v2_bootloader.dir/Core/Src/stm32f4xx_it.c.obj
 .ARM.attributes
                0x0000028e       0x34 CMakeFiles/blackbox_v2_bootloader.dir/Core/Src/stm32f4xx_hal_msp.c.obj
 .ARM.attributes
                0x000002c2       0x34 CMakeFiles/blackbox_v2_bootloader.dir/Drivers/STM32F4xx_HAL_Driver/Src/stm32f4xx_hal_crc.c.obj
 .ARM.attributes
                0x000002f6       0x34 CMakeFiles/blackbox_v2_bootloader.dir/Drivers/STM32F4xx_HAL_Driver/Src/stm32f4xx_hal_rcc.c.obj
 .ARM.attributes
                0x0000032a       0x34 CMakeFiles/blackbox_v2_bootloader.dir/Drivers/STM32F4xx_HAL_Driver/Src/stm32f4xx_hal_flash.c.obj
 .ARM.attributes
                0x0000035e       0x34 CMakeFiles/blackbox_v2_bootloader.dir/Drivers/STM32F4xx_HAL_Driver/Src/stm32f4xx_hal_flash_ex.c.obj
 .ARM.attributes
                0x00000392       0x34 CMakeFiles/blackbox_v2_bootloader.dir/Drivers/STM32F4xx_HAL_Driver/Src/stm32f4xx_hal_gpio.c.obj
 .ARM.attributes
                0x000003c6       0x34 CMakeFiles/blackbox_v2_bootloader.dir/Drivers/STM32F4xx_HAL_Driver/Src/stm32f4xx_hal_dma.c.obj
 .ARM.attributes
                0x000003fa       0x34 CMakeFiles/blackbox_v2_bootloader.dir/Drivers/STM32F4xx_HAL_Driver/Src/stm32f4xx_hal_cortex.c.obj
 .ARM.attributes
                0x0000042e       0x34 CMakeFiles/blackbox_v2_bootloader.dir/Drivers/STM32F4xx_HAL_Driver/Src/stm32f4xx_hal.c.obj
 .ARM.attributes
                0x00000462       0x34 CMakeFiles/blackbox_v2_bootloader.dir/Drivers/STM32F4xx_HAL_Driver/Src/stm32f4xx_hal_uart.c.obj
 .ARM.attributes
                0x00000496       0x34 CMakeFiles/blackbox_v2_bootloader.dir/Core/Src/system_stm32f4xx.c.obj
 .ARM.attributes
                0x000004ca       0x34 CMakeFiles/blackbox_v2_bootloader.dir/Core/Src/sysmem.c.obj
 .ARM.attributes
                0x000004fe       0x34 CMakeFiles/blackbox_v2_bootloader.dir/Core/Src/syscalls.c.obj
 .ARM.attributes
                0x00000532       0x21 CMakeFiles/blackbox_v2_bootloader.dir/startup_stm32f411xe.s.obj
 .ARM.attributes
                0x00000553       0x1e c:/tools/gcc-arm-none-eabi-10.3-2021.10/bin/../lib/gcc/arm-none-eabi/10.3.1/thumb/v7e-m+fp/hard\libgcc.a(_aeabi_uldivmod.o)
 .ARM.attributes
                0x00000571       0x34 c:/tools/gcc-arm-none-eabi-10.3-2021.10/bin/../lib/gcc/arm-none-eabi/10.3.1/thumb/v7e-m+fp/hard\libgcc.a(_udivmoddi4.o)
 .ARM.attributes
                0x000005a5       0x1e c:/tools/gcc-arm-none-eabi-10.3-2021.10/bin/../lib/gcc/arm-none-eabi/10.3.1/thumb/v7e-m+fp/hard\libgcc.a(_dvmd_tls.o)
 .ARM.attributes
                0x000005c3       0x34 c:/tools/gcc-arm-none-eabi-10.3-2021.10/bin/../lib/gcc/arm-none-eabi/10.3.1/../../../../arm-none-eabi/lib/thumb/v7e-m+fp/hard\libg_nano.a(lib_a-errno.o)
 .ARM.attributes
                0x000005f7       0x34 c:/tools/gcc-arm-none-eabi-10.3-2021.10/bin/../lib/gcc/arm-none-eabi/10.3.1/../../../../arm-none-eabi/lib/thumb/v7e-m+fp/hard\libg_nano.a(lib_a-memcpy-stub.o)
 .ARM.attributes
                0x0000062b       0x34 c:/tools/gcc-arm-none-eabi-10.3-2021.10/bin/../lib/gcc/arm-none-eabi/10.3.1/../../../../arm-none-eabi/lib/thumb/v7e-m+fp/hard\libg_nano.a(lib_a-memmove.o)
 .ARM.attributes
                0x0000065f       0x34 c:/tools/gcc-arm-none-eabi-10.3-2021.10/bin/../lib/gcc/arm-none-eabi/10.3.1/../../../../arm-none-eabi/lib/thumb/v7e-m+fp/hard\libg_nano.a(lib_a-printf.o)
 .ARM.attributes
                0x00000693       0x34 c:/tools/gcc-arm-none-eabi-10.3-2021.10/bin/../lib/gcc/arm-none-eabi/10.3.1/../../../../arm-none-eabi/lib/thumb/v7e-m+fp/hard\libg_nano.a(lib_a-puts.o)
 .ARM.attributes
                0x000006c7       0x34 c:/tools/gcc-arm-none-eabi-10.3-2021.10/bin/../lib/gcc/arm-none-eabi/10.3.1/../../../../arm-none-eabi/lib/thumb/v7e-m+fp/hard\libg_nano.a(lib_a-wbuf.o)
 .ARM.attributes
                0x000006fb       0x34 c:/tools/gcc-arm-none-eabi-10.3-2021.10/bin/../lib/gcc/arm-none-eabi/10.3.1/../../../../arm-none-eabi/lib/thumb/v7e-m+fp/hard\libg_nano.a(lib_a-wsetup.o)
 .ARM.attributes
                0x0000072f       0x34 c:/tools/gcc-arm-none-eabi-10.3-2021.10/bin/../lib/gcc/arm-none-eabi/10.3.1/../../../../arm-none-eabi/lib/thumb/v7e-m+fp/hard\libg_nano.a(lib_a-fflush.o)
 .ARM.attributes
                0x00000763       0x34 c:/tools/gcc-arm-none-eabi-10.3-2021.10/bin/../lib/gcc/arm-none-eabi/10.3.1/../../../../arm-none-eabi/lib/thumb/v7e-m+fp/hard\libg_nano.a(lib_a-findfp.o)
 .ARM.attributes
                0x00000797       0x34 c:/tools/gcc-arm-none-eabi-10.3-2021.10/bin/../lib/gcc/arm-none-eabi/10.3.1/../../../../arm-none-eabi/lib/thumb/v7e-m+fp/hard\libg_nano.a(lib_a-fwalk.o)
 .ARM.attributes
                0x000007cb       0x34 c:/tools/gcc-arm-none-eabi-10.3-2021.10/bin/../lib/gcc/arm-none-eabi/10.3.1/../../../../arm-none-eabi/lib/thumb/v7e-m+fp/hard\libg_nano.a(lib_a-lock.o)
 .ARM.attributes
                0x000007ff       0x34 c:/tools/gcc-arm-none-eabi-10.3-2021.10/bin/../lib/gcc/arm-none-eabi/10.3.1/../../../../arm-none-eabi/lib/thumb/v7e-m+fp/hard\libg_nano.a(lib_a-makebuf.o)
 .ARM.attributes
                0x00000833       0x34 c:/tools/gcc-arm-none-eabi-10.3-2021.10/bin/../lib/gcc/arm-none-eabi/10.3.1/../../../../arm-none-eabi/lib/thumb/v7e-m+fp/hard\libg_nano.a(lib_a-nano-freer.o)
 .ARM.attributes
                0x00000867       0x34 c:/tools/gcc-arm-none-eabi-10.3-2021.10/bin/../lib/gcc/arm-none-eabi/10.3.1/../../../../arm-none-eabi/lib/thumb/v7e-m+fp/hard\libg_nano.a(lib_a-nano-mallocr.o)
 .ARM.attributes
                0x0000089b       0x34 c:/tools/gcc-arm-none-eabi-10.3-2021.10/bin/../lib/gcc/arm-none-eabi/10.3.1/../../../../arm-none-eabi/lib/thumb/v7e-m+fp/hard\libg_nano.a(lib_a-nano-vfprintf.o)
 .ARM.attributes
                0x000008cf       0x34 c:/tools/gcc-arm-none-eabi-10.3-2021.10/bin/../lib/gcc/arm-none-eabi/10.3.1/../../../../arm-none-eabi/lib/thumb/v7e-m+fp/hard\libg_nano.a(lib_a-nano-vfprintf_i.o)
 .ARM.attributes
                0x00000903       0x34 c:/tools/gcc-arm-none-eabi-10.3-2021.10/bin/../lib/gcc/arm-none-eabi/10.3.1/../../../../arm-none-eabi/lib/thumb/v7e-m+fp/hard\libg_nano.a(lib_a-sbrkr.o)
 .ARM.attributes
                0x00000937       0x34 c:/tools/gcc-arm-none-eabi-10.3-2021.10/bin/../lib/gcc/arm-none-eabi/10.3.1/../../../../arm-none-eabi/lib/thumb/v7e-m+fp/hard\libg_nano.a(lib_a-stdio.o)
 .ARM.attributes
                0x0000096b       0x34 c:/tools/gcc-arm-none-eabi-10.3-2021.10/bin/../lib/gcc/arm-none-eabi/10.3.1/../../../../arm-none-eabi/lib/thumb/v7e-m+fp/hard\libg_nano.a(lib_a-writer.o)
 .ARM.attributes
                0x0000099f       0x34 c:/tools/gcc-arm-none-eabi-10.3-2021.10/bin/../lib/gcc/arm-none-eabi/10.3.1/../../../../arm-none-eabi/lib/thumb/v7e-m+fp/hard\libg_nano.a(lib_a-closer.o)
 .ARM.attributes
                0x000009d3       0x34 c:/tools/gcc-arm-none-eabi-10.3-2021.10/bin/../lib/gcc/arm-none-eabi/10.3.1/../../../../arm-none-eabi/lib/thumb/v7e-m+fp/hard\libg_nano.a(lib_a-fstatr.o)
 .ARM.attributes
                0x00000a07       0x34 c:/tools/gcc-arm-none-eabi-10.3-2021.10/bin/../lib/gcc/arm-none-eabi/10.3.1/../../../../arm-none-eabi/lib/thumb/v7e-m+fp/hard\libg_nano.a(lib_a-isattyr.o)
 .ARM.attributes
                0x00000a3b       0x34 c:/tools/gcc-arm-none-eabi-10.3-2021.10/bin/../lib/gcc/arm-none-eabi/10.3.1/../../../../arm-none-eabi/lib/thumb/v7e-m+fp/hard\libg_nano.a(lib_a-lseekr.o)
 .ARM.attributes
                0x00000a6f       0x1c c:/tools/gcc-arm-none-eabi-10.3-2021.10/bin/../lib/gcc/arm-none-eabi/10.3.1/../../../../arm-none-eabi/lib/thumb/v7e-m+fp/hard\libg_nano.a(lib_a-memchr.o)
 .ARM.attributes
                0x00000a8b       0x34 c:/tools/gcc-arm-none-eabi-10.3-2021.10/bin/../lib/gcc/arm-none-eabi/10.3.1/../../../../arm-none-eabi/lib/thumb/v7e-m+fp/hard\libg_nano.a(lib_a-mlock.o)
 .ARM.attributes
                0x00000abf       0x34 c:/tools/gcc-arm-none-eabi-10.3-2021.10/bin/../lib/gcc/arm-none-eabi/10.3.1/../../../../arm-none-eabi/lib/thumb/v7e-m+fp/hard\libg_nano.a(lib_a-readr.o)
 .ARM.attributes
                0x00000af3       0x34 c:/tools/gcc-arm-none-eabi-10.3-2021.10/bin/../lib/gcc/arm-none-eabi/10.3.1/../../../../arm-none-eabi/lib/thumb/v7e-m+fp/hard\libg_nano.a(lib_a-reent.o)
 .ARM.attributes
                0x00000b27       0x1e c:/tools/gcc-arm-none-eabi-10.3-2021.10/bin/../lib/gcc/arm-none-eabi/10.3.1/thumb/v7e-m+fp/hard/crtn.o

.comment        0x00000000       0x49
 .comment       0x00000000       0x49 CMakeFiles/blackbox_v2_bootloader.dir/fh_bootloader/fh_bootloader.c.obj
                                 0x4a (size before relaxing)
 .comment       0x00000049       0x4a CMakeFiles/blackbox_v2_bootloader.dir/fh_ringbuff/ringbuff.c.obj
 .comment       0x00000049       0x4a CMakeFiles/blackbox_v2_bootloader.dir/fh_stream/fh_stream.c.obj
 .comment       0x00000049       0x4a CMakeFiles/blackbox_v2_bootloader.dir/Core/Src/main.c.obj
 .comment       0x00000049       0x4a CMakeFiles/blackbox_v2_bootloader.dir/Core/Src/gpio.c.obj
 .comment       0x00000049       0x4a CMakeFiles/blackbox_v2_bootloader.dir/Core/Src/crc.c.obj
 .comment       0x00000049       0x4a CMakeFiles/blackbox_v2_bootloader.dir/Core/Src/usart.c.obj
 .comment       0x00000049       0x4a CMakeFiles/blackbox_v2_bootloader.dir/Core/Src/stm32f4xx_it.c.obj
 .comment       0x00000049       0x4a CMakeFiles/blackbox_v2_bootloader.dir/Core/Src/stm32f4xx_hal_msp.c.obj
 .comment       0x00000049       0x4a CMakeFiles/blackbox_v2_bootloader.dir/Drivers/STM32F4xx_HAL_Driver/Src/stm32f4xx_hal_crc.c.obj
 .comment       0x00000049       0x4a CMakeFiles/blackbox_v2_bootloader.dir/Drivers/STM32F4xx_HAL_Driver/Src/stm32f4xx_hal_rcc.c.obj
 .comment       0x00000049       0x4a CMakeFiles/blackbox_v2_bootloader.dir/Drivers/STM32F4xx_HAL_Driver/Src/stm32f4xx_hal_flash.c.obj
 .comment       0x00000049       0x4a CMakeFiles/blackbox_v2_bootloader.dir/Drivers/STM32F4xx_HAL_Driver/Src/stm32f4xx_hal_flash_ex.c.obj
 .comment       0x00000049       0x4a CMakeFiles/blackbox_v2_bootloader.dir/Drivers/STM32F4xx_HAL_Driver/Src/stm32f4xx_hal_gpio.c.obj
 .comment       0x00000049       0x4a CMakeFiles/blackbox_v2_bootloader.dir/Drivers/STM32F4xx_HAL_Driver/Src/stm32f4xx_hal_dma.c.obj
 .comment       0x00000049       0x4a CMakeFiles/blackbox_v2_bootloader.dir/Drivers/STM32F4xx_HAL_Driver/Src/stm32f4xx_hal_cortex.c.obj
 .comment       0x00000049       0x4a CMakeFiles/blackbox_v2_bootloader.dir/Drivers/STM32F4xx_HAL_Driver/Src/stm32f4xx_hal.c.obj
 .comment       0x00000049       0x4a CMakeFiles/blackbox_v2_bootloader.dir/Drivers/STM32F4xx_HAL_Driver/Src/stm32f4xx_hal_uart.c.obj
 .comment       0x00000049       0x4a CMakeFiles/blackbox_v2_bootloader.dir/Core/Src/system_stm32f4xx.c.obj
 .comment       0x00000049       0x4a CMakeFiles/blackbox_v2_bootloader.dir/Core/Src/sysmem.c.obj
 .comment       0x00000049       0x4a CMakeFiles/blackbox_v2_bootloader.dir/Core/Src/syscalls.c.obj

.debug_frame    0x00000000     0x317c
 .debug_frame   0x00000000       0x2c c:/tools/gcc-arm-none-eabi-10.3-2021.10/bin/../lib/gcc/arm-none-eabi/10.3.1/../../../../arm-none-eabi/lib/thumb/v7e-m+fp/hard\libc_nano.a(lib_a-init.o)
 .debug_frame   0x0000002c       0x20 c:/tools/gcc-arm-none-eabi-10.3-2021.10/bin/../lib/gcc/arm-none-eabi/10.3.1/../../../../arm-none-eabi/lib/thumb/v7e-m+fp/hard\libc_nano.a(lib_a-memset.o)
 .debug_frame   0x0000004c      0x1ec CMakeFiles/blackbox_v2_bootloader.dir/fh_bootloader/fh_bootloader.c.obj
 .debug_frame   0x00000238       0x88 CMakeFiles/blackbox_v2_bootloader.dir/fh_ringbuff/ringbuff.c.obj
 .debug_frame   0x000002c0      0x144 CMakeFiles/blackbox_v2_bootloader.dir/fh_stream/fh_stream.c.obj
 .debug_frame   0x00000404       0x90 CMakeFiles/blackbox_v2_bootloader.dir/Core/Src/main.c.obj
 .debug_frame   0x00000494       0x38 CMakeFiles/blackbox_v2_bootloader.dir/Core/Src/gpio.c.obj
 .debug_frame   0x000004cc       0x7c CMakeFiles/blackbox_v2_bootloader.dir/Core/Src/crc.c.obj
 .debug_frame   0x00000548       0x98 CMakeFiles/blackbox_v2_bootloader.dir/Core/Src/usart.c.obj
 .debug_frame   0x000005e0      0x140 CMakeFiles/blackbox_v2_bootloader.dir/Core/Src/stm32f4xx_it.c.obj
 .debug_frame   0x00000720       0x34 CMakeFiles/blackbox_v2_bootloader.dir/Core/Src/stm32f4xx_hal_msp.c.obj
 .debug_frame   0x00000754      0x120 CMakeFiles/blackbox_v2_bootloader.dir/Drivers/STM32F4xx_HAL_Driver/Src/stm32f4xx_hal_crc.c.obj
 .debug_frame   0x00000874      0x1f4 CMakeFiles/blackbox_v2_bootloader.dir/Drivers/STM32F4xx_HAL_Driver/Src/stm32f4xx_hal_rcc.c.obj
 .debug_frame   0x00000a68      0x274 CMakeFiles/blackbox_v2_bootloader.dir/Drivers/STM32F4xx_HAL_Driver/Src/stm32f4xx_hal_flash.c.obj
 .debug_frame   0x00000cdc      0x334 CMakeFiles/blackbox_v2_bootloader.dir/Drivers/STM32F4xx_HAL_Driver/Src/stm32f4xx_hal_flash_ex.c.obj
 .debug_frame   0x00001010      0x14c CMakeFiles/blackbox_v2_bootloader.dir/Drivers/STM32F4xx_HAL_Driver/Src/stm32f4xx_hal_gpio.c.obj
 .debug_frame   0x0000115c      0x250 CMakeFiles/blackbox_v2_bootloader.dir/Drivers/STM32F4xx_HAL_Driver/Src/stm32f4xx_hal_dma.c.obj
 .debug_frame   0x000013ac      0x508 CMakeFiles/blackbox_v2_bootloader.dir/Drivers/STM32F4xx_HAL_Driver/Src/stm32f4xx_hal_cortex.c.obj
 .debug_frame   0x000018b4      0x374 CMakeFiles/blackbox_v2_bootloader.dir/Drivers/STM32F4xx_HAL_Driver/Src/stm32f4xx_hal.c.obj
 .debug_frame   0x00001c28      0x954 CMakeFiles/blackbox_v2_bootloader.dir/Drivers/STM32F4xx_HAL_Driver/Src/stm32f4xx_hal_uart.c.obj
 .debug_frame   0x0000257c       0x58 CMakeFiles/blackbox_v2_bootloader.dir/Core/Src/system_stm32f4xx.c.obj
 .debug_frame   0x000025d4       0x34 CMakeFiles/blackbox_v2_bootloader.dir/Core/Src/sysmem.c.obj
 .debug_frame   0x00002608      0x2ac CMakeFiles/blackbox_v2_bootloader.dir/Core/Src/syscalls.c.obj
 .debug_frame   0x000028b4       0x2c c:/tools/gcc-arm-none-eabi-10.3-2021.10/bin/../lib/gcc/arm-none-eabi/10.3.1/thumb/v7e-m+fp/hard\libgcc.a(_aeabi_uldivmod.o)
 .debug_frame   0x000028e0       0x34 c:/tools/gcc-arm-none-eabi-10.3-2021.10/bin/../lib/gcc/arm-none-eabi/10.3.1/thumb/v7e-m+fp/hard\libgcc.a(_udivmoddi4.o)
 .debug_frame   0x00002914       0x20 c:/tools/gcc-arm-none-eabi-10.3-2021.10/bin/../lib/gcc/arm-none-eabi/10.3.1/../../../../arm-none-eabi/lib/thumb/v7e-m+fp/hard\libg_nano.a(lib_a-errno.o)
 .debug_frame   0x00002934       0x28 c:/tools/gcc-arm-none-eabi-10.3-2021.10/bin/../lib/gcc/arm-none-eabi/10.3.1/../../../../arm-none-eabi/lib/thumb/v7e-m+fp/hard\libg_nano.a(lib_a-memcpy-stub.o)
 .debug_frame   0x0000295c       0x28 c:/tools/gcc-arm-none-eabi-10.3-2021.10/bin/../lib/gcc/arm-none-eabi/10.3.1/../../../../arm-none-eabi/lib/thumb/v7e-m+fp/hard\libg_nano.a(lib_a-memmove.o)
 .debug_frame   0x00002984       0x74 c:/tools/gcc-arm-none-eabi-10.3-2021.10/bin/../lib/gcc/arm-none-eabi/10.3.1/../../../../arm-none-eabi/lib/thumb/v7e-m+fp/hard\libg_nano.a(lib_a-printf.o)
 .debug_frame   0x000029f8       0x3c c:/tools/gcc-arm-none-eabi-10.3-2021.10/bin/../lib/gcc/arm-none-eabi/10.3.1/../../../../arm-none-eabi/lib/thumb/v7e-m+fp/hard\libg_nano.a(lib_a-puts.o)
 .debug_frame   0x00002a34       0x40 c:/tools/gcc-arm-none-eabi-10.3-2021.10/bin/../lib/gcc/arm-none-eabi/10.3.1/../../../../arm-none-eabi/lib/thumb/v7e-m+fp/hard\libg_nano.a(lib_a-wbuf.o)
 .debug_frame   0x00002a74       0x2c c:/tools/gcc-arm-none-eabi-10.3-2021.10/bin/../lib/gcc/arm-none-eabi/10.3.1/../../../../arm-none-eabi/lib/thumb/v7e-m+fp/hard\libg_nano.a(lib_a-wsetup.o)
 .debug_frame   0x00002aa0       0x5c c:/tools/gcc-arm-none-eabi-10.3-2021.10/bin/../lib/gcc/arm-none-eabi/10.3.1/../../../../arm-none-eabi/lib/thumb/v7e-m+fp/hard\libg_nano.a(lib_a-fflush.o)
 .debug_frame   0x00002afc      0x14c c:/tools/gcc-arm-none-eabi-10.3-2021.10/bin/../lib/gcc/arm-none-eabi/10.3.1/../../../../arm-none-eabi/lib/thumb/v7e-m+fp/hard\libg_nano.a(lib_a-findfp.o)
 .debug_frame   0x00002c48       0x54 c:/tools/gcc-arm-none-eabi-10.3-2021.10/bin/../lib/gcc/arm-none-eabi/10.3.1/../../../../arm-none-eabi/lib/thumb/v7e-m+fp/hard\libg_nano.a(lib_a-fwalk.o)
 .debug_frame   0x00002c9c       0xb0 c:/tools/gcc-arm-none-eabi-10.3-2021.10/bin/../lib/gcc/arm-none-eabi/10.3.1/../../../../arm-none-eabi/lib/thumb/v7e-m+fp/hard\libg_nano.a(lib_a-lock.o)
 .debug_frame   0x00002d4c       0x58 c:/tools/gcc-arm-none-eabi-10.3-2021.10/bin/../lib/gcc/arm-none-eabi/10.3.1/../../../../arm-none-eabi/lib/thumb/v7e-m+fp/hard\libg_nano.a(lib_a-makebuf.o)
 .debug_frame   0x00002da4       0x38 c:/tools/gcc-arm-none-eabi-10.3-2021.10/bin/../lib/gcc/arm-none-eabi/10.3.1/../../../../arm-none-eabi/lib/thumb/v7e-m+fp/hard\libg_nano.a(lib_a-nano-freer.o)
 .debug_frame   0x00002ddc       0x4c c:/tools/gcc-arm-none-eabi-10.3-2021.10/bin/../lib/gcc/arm-none-eabi/10.3.1/../../../../arm-none-eabi/lib/thumb/v7e-m+fp/hard\libg_nano.a(lib_a-nano-mallocr.o)
 .debug_frame   0x00002e28       0xac c:/tools/gcc-arm-none-eabi-10.3-2021.10/bin/../lib/gcc/arm-none-eabi/10.3.1/../../../../arm-none-eabi/lib/thumb/v7e-m+fp/hard\libg_nano.a(lib_a-nano-vfprintf.o)
 .debug_frame   0x00002ed4       0x60 c:/tools/gcc-arm-none-eabi-10.3-2021.10/bin/../lib/gcc/arm-none-eabi/10.3.1/../../../../arm-none-eabi/lib/thumb/v7e-m+fp/hard\libg_nano.a(lib_a-nano-vfprintf_i.o)
 .debug_frame   0x00002f34       0x2c c:/tools/gcc-arm-none-eabi-10.3-2021.10/bin/../lib/gcc/arm-none-eabi/10.3.1/../../../../arm-none-eabi/lib/thumb/v7e-m+fp/hard\libg_nano.a(lib_a-sbrkr.o)
 .debug_frame   0x00002f60       0x88 c:/tools/gcc-arm-none-eabi-10.3-2021.10/bin/../lib/gcc/arm-none-eabi/10.3.1/../../../../arm-none-eabi/lib/thumb/v7e-m+fp/hard\libg_nano.a(lib_a-stdio.o)
 .debug_frame   0x00002fe8       0x2c c:/tools/gcc-arm-none-eabi-10.3-2021.10/bin/../lib/gcc/arm-none-eabi/10.3.1/../../../../arm-none-eabi/lib/thumb/v7e-m+fp/hard\libg_nano.a(lib_a-writer.o)
 .debug_frame   0x00003014       0x2c c:/tools/gcc-arm-none-eabi-10.3-2021.10/bin/../lib/gcc/arm-none-eabi/10.3.1/../../../../arm-none-eabi/lib/thumb/v7e-m+fp/hard\libg_nano.a(lib_a-closer.o)
 .debug_frame   0x00003040       0x2c c:/tools/gcc-arm-none-eabi-10.3-2021.10/bin/../lib/gcc/arm-none-eabi/10.3.1/../../../../arm-none-eabi/lib/thumb/v7e-m+fp/hard\libg_nano.a(lib_a-fstatr.o)
 .debug_frame   0x0000306c       0x2c c:/tools/gcc-arm-none-eabi-10.3-2021.10/bin/../lib/gcc/arm-none-eabi/10.3.1/../../../../arm-none-eabi/lib/thumb/v7e-m+fp/hard\libg_nano.a(lib_a-isattyr.o)
 .debug_frame   0x00003098       0x2c c:/tools/gcc-arm-none-eabi-10.3-2021.10/bin/../lib/gcc/arm-none-eabi/10.3.1/../../../../arm-none-eabi/lib/thumb/v7e-m+fp/hard\libg_nano.a(lib_a-lseekr.o)
 .debug_frame   0x000030c4       0x30 c:/tools/gcc-arm-none-eabi-10.3-2021.10/bin/../lib/gcc/arm-none-eabi/10.3.1/../../../../arm-none-eabi/lib/thumb/v7e-m+fp/hard\libg_nano.a(lib_a-mlock.o)
 .debug_frame   0x000030f4       0x2c c:/tools/gcc-arm-none-eabi-10.3-2021.10/bin/../lib/gcc/arm-none-eabi/10.3.1/../../../../arm-none-eabi/lib/thumb/v7e-m+fp/hard\libg_nano.a(lib_a-readr.o)
 .debug_frame   0x00003120       0x5c c:/tools/gcc-arm-none-eabi-10.3-2021.10/bin/../lib/gcc/arm-none-eabi/10.3.1/../../../../arm-none-eabi/lib/thumb/v7e-m+fp/hard\libg_nano.a(lib_a-reent.o)

.debug_info     0x00000000     0xc0dc
 .debug_info    0x00000000     0x11e4 CMakeFiles/blackbox_v2_bootloader.dir/fh_bootloader/fh_bootloader.c.obj
 .debug_info    0x000011e4      0x1a2 CMakeFiles/blackbox_v2_bootloader.dir/fh_ringbuff/ringbuff.c.obj
 .debug_info    0x00001386      0x4a4 CMakeFiles/blackbox_v2_bootloader.dir/fh_stream/fh_stream.c.obj
 .debug_info    0x0000182a      0xad3 CMakeFiles/blackbox_v2_bootloader.dir/Core/Src/main.c.obj
 .debug_info    0x000022fd      0x2f1 CMakeFiles/blackbox_v2_bootloader.dir/Core/Src/gpio.c.obj
 .debug_info    0x000025ee      0x47b CMakeFiles/blackbox_v2_bootloader.dir/Core/Src/crc.c.obj
 .debug_info    0x00002a69      0xb3e CMakeFiles/blackbox_v2_bootloader.dir/Core/Src/usart.c.obj
 .debug_info    0x000035a7      0x66c CMakeFiles/blackbox_v2_bootloader.dir/Core/Src/stm32f4xx_it.c.obj
 .debug_info    0x00003c13      0x469 CMakeFiles/blackbox_v2_bootloader.dir/Core/Src/stm32f4xx_hal_msp.c.obj
 .debug_info    0x0000407c      0x3aa CMakeFiles/blackbox_v2_bootloader.dir/Drivers/STM32F4xx_HAL_Driver/Src/stm32f4xx_hal_crc.c.obj
 .debug_info    0x00004426      0x95e CMakeFiles/blackbox_v2_bootloader.dir/Drivers/STM32F4xx_HAL_Driver/Src/stm32f4xx_hal_rcc.c.obj
 .debug_info    0x00004d84      0x5a0 CMakeFiles/blackbox_v2_bootloader.dir/Drivers/STM32F4xx_HAL_Driver/Src/stm32f4xx_hal_flash.c.obj
 .debug_info    0x00005324      0x828 CMakeFiles/blackbox_v2_bootloader.dir/Drivers/STM32F4xx_HAL_Driver/Src/stm32f4xx_hal_flash_ex.c.obj
 .debug_info    0x00005b4c      0x78e CMakeFiles/blackbox_v2_bootloader.dir/Drivers/STM32F4xx_HAL_Driver/Src/stm32f4xx_hal_gpio.c.obj
 .debug_info    0x000062da      0x93b CMakeFiles/blackbox_v2_bootloader.dir/Drivers/STM32F4xx_HAL_Driver/Src/stm32f4xx_hal_dma.c.obj
 .debug_info    0x00006c15      0xdd3 CMakeFiles/blackbox_v2_bootloader.dir/Drivers/STM32F4xx_HAL_Driver/Src/stm32f4xx_hal_cortex.c.obj
 .debug_info    0x000079e8      0x8ba CMakeFiles/blackbox_v2_bootloader.dir/Drivers/STM32F4xx_HAL_Driver/Src/stm32f4xx_hal.c.obj
 .debug_info    0x000082a2     0x30b8 CMakeFiles/blackbox_v2_bootloader.dir/Drivers/STM32F4xx_HAL_Driver/Src/stm32f4xx_hal_uart.c.obj
 .debug_info    0x0000b35a      0x54f CMakeFiles/blackbox_v2_bootloader.dir/Core/Src/system_stm32f4xx.c.obj
 .debug_info    0x0000b8a9      0x15f CMakeFiles/blackbox_v2_bootloader.dir/Core/Src/sysmem.c.obj
 .debug_info    0x0000ba08      0x6b2 CMakeFiles/blackbox_v2_bootloader.dir/Core/Src/syscalls.c.obj
 .debug_info    0x0000c0ba       0x22 CMakeFiles/blackbox_v2_bootloader.dir/startup_stm32f411xe.s.obj

.debug_abbrev   0x00000000     0x2511
 .debug_abbrev  0x00000000      0x2e8 CMakeFiles/blackbox_v2_bootloader.dir/fh_bootloader/fh_bootloader.c.obj
 .debug_abbrev  0x000002e8       0xc0 CMakeFiles/blackbox_v2_bootloader.dir/fh_ringbuff/ringbuff.c.obj
 .debug_abbrev  0x000003a8      0x19d CMakeFiles/blackbox_v2_bootloader.dir/fh_stream/fh_stream.c.obj
 .debug_abbrev  0x00000545      0x217 CMakeFiles/blackbox_v2_bootloader.dir/Core/Src/main.c.obj
 .debug_abbrev  0x0000075c       0xd4 CMakeFiles/blackbox_v2_bootloader.dir/Core/Src/gpio.c.obj
 .debug_abbrev  0x00000830      0x16e CMakeFiles/blackbox_v2_bootloader.dir/Core/Src/crc.c.obj
 .debug_abbrev  0x0000099e      0x1de CMakeFiles/blackbox_v2_bootloader.dir/Core/Src/usart.c.obj
 .debug_abbrev  0x00000b7c      0x14f CMakeFiles/blackbox_v2_bootloader.dir/Core/Src/stm32f4xx_it.c.obj
 .debug_abbrev  0x00000ccb       0xf9 CMakeFiles/blackbox_v2_bootloader.dir/Core/Src/stm32f4xx_hal_msp.c.obj
 .debug_abbrev  0x00000dc4      0x176 CMakeFiles/blackbox_v2_bootloader.dir/Drivers/STM32F4xx_HAL_Driver/Src/stm32f4xx_hal_crc.c.obj
 .debug_abbrev  0x00000f3a      0x262 CMakeFiles/blackbox_v2_bootloader.dir/Drivers/STM32F4xx_HAL_Driver/Src/stm32f4xx_hal_rcc.c.obj
 .debug_abbrev  0x0000119c      0x23f CMakeFiles/blackbox_v2_bootloader.dir/Drivers/STM32F4xx_HAL_Driver/Src/stm32f4xx_hal_flash.c.obj
 .debug_abbrev  0x000013db      0x242 CMakeFiles/blackbox_v2_bootloader.dir/Drivers/STM32F4xx_HAL_Driver/Src/stm32f4xx_hal_flash_ex.c.obj
 .debug_abbrev  0x0000161d      0x1c4 CMakeFiles/blackbox_v2_bootloader.dir/Drivers/STM32F4xx_HAL_Driver/Src/stm32f4xx_hal_gpio.c.obj
 .debug_abbrev  0x000017e1      0x206 CMakeFiles/blackbox_v2_bootloader.dir/Drivers/STM32F4xx_HAL_Driver/Src/stm32f4xx_hal_dma.c.obj
 .debug_abbrev  0x000019e7      0x30d CMakeFiles/blackbox_v2_bootloader.dir/Drivers/STM32F4xx_HAL_Driver/Src/stm32f4xx_hal_cortex.c.obj
 .debug_abbrev  0x00001cf4      0x20b CMakeFiles/blackbox_v2_bootloader.dir/Drivers/STM32F4xx_HAL_Driver/Src/stm32f4xx_hal.c.obj
 .debug_abbrev  0x00001eff      0x2c4 CMakeFiles/blackbox_v2_bootloader.dir/Drivers/STM32F4xx_HAL_Driver/Src/stm32f4xx_hal_uart.c.obj
 .debug_abbrev  0x000021c3      0x116 CMakeFiles/blackbox_v2_bootloader.dir/Core/Src/system_stm32f4xx.c.obj
 .debug_abbrev  0x000022d9       0xa6 CMakeFiles/blackbox_v2_bootloader.dir/Core/Src/sysmem.c.obj
 .debug_abbrev  0x0000237f      0x180 CMakeFiles/blackbox_v2_bootloader.dir/Core/Src/syscalls.c.obj
 .debug_abbrev  0x000024ff       0x12 CMakeFiles/blackbox_v2_bootloader.dir/startup_stm32f411xe.s.obj

.debug_aranges  0x00000000      0xac0
 .debug_aranges
                0x00000000       0x80 CMakeFiles/blackbox_v2_bootloader.dir/fh_bootloader/fh_bootloader.c.obj
 .debug_aranges
                0x00000080       0x30 CMakeFiles/blackbox_v2_bootloader.dir/fh_ringbuff/ringbuff.c.obj
 .debug_aranges
                0x000000b0       0x58 CMakeFiles/blackbox_v2_bootloader.dir/fh_stream/fh_stream.c.obj
 .debug_aranges
                0x00000108       0x38 CMakeFiles/blackbox_v2_bootloader.dir/Core/Src/main.c.obj
 .debug_aranges
                0x00000140       0x20 CMakeFiles/blackbox_v2_bootloader.dir/Core/Src/gpio.c.obj
 .debug_aranges
                0x00000160       0x30 CMakeFiles/blackbox_v2_bootloader.dir/Core/Src/crc.c.obj
 .debug_aranges
                0x00000190       0x38 CMakeFiles/blackbox_v2_bootloader.dir/Core/Src/usart.c.obj
 .debug_aranges
                0x000001c8       0x70 CMakeFiles/blackbox_v2_bootloader.dir/Core/Src/stm32f4xx_it.c.obj
 .debug_aranges
                0x00000238       0x20 CMakeFiles/blackbox_v2_bootloader.dir/Core/Src/stm32f4xx_hal_msp.c.obj
 .debug_aranges
                0x00000258       0x50 CMakeFiles/blackbox_v2_bootloader.dir/Drivers/STM32F4xx_HAL_Driver/Src/stm32f4xx_hal_crc.c.obj
 .debug_aranges
                0x000002a8       0x88 CMakeFiles/blackbox_v2_bootloader.dir/Drivers/STM32F4xx_HAL_Driver/Src/stm32f4xx_hal_rcc.c.obj
 .debug_aranges
                0x00000330       0xa0 CMakeFiles/blackbox_v2_bootloader.dir/Drivers/STM32F4xx_HAL_Driver/Src/stm32f4xx_hal_flash.c.obj
 .debug_aranges
                0x000003d0       0xc8 CMakeFiles/blackbox_v2_bootloader.dir/Drivers/STM32F4xx_HAL_Driver/Src/stm32f4xx_hal_flash_ex.c.obj
 .debug_aranges
                0x00000498       0x58 CMakeFiles/blackbox_v2_bootloader.dir/Drivers/STM32F4xx_HAL_Driver/Src/stm32f4xx_hal_gpio.c.obj
 .debug_aranges
                0x000004f0       0x90 CMakeFiles/blackbox_v2_bootloader.dir/Drivers/STM32F4xx_HAL_Driver/Src/stm32f4xx_hal_dma.c.obj
 .debug_aranges
                0x00000580      0x130 CMakeFiles/blackbox_v2_bootloader.dir/Drivers/STM32F4xx_HAL_Driver/Src/stm32f4xx_hal_cortex.c.obj
 .debug_aranges
                0x000006b0       0xf0 CMakeFiles/blackbox_v2_bootloader.dir/Drivers/STM32F4xx_HAL_Driver/Src/stm32f4xx_hal.c.obj
 .debug_aranges
                0x000007a0      0x208 CMakeFiles/blackbox_v2_bootloader.dir/Drivers/STM32F4xx_HAL_Driver/Src/stm32f4xx_hal_uart.c.obj
 .debug_aranges
                0x000009a8       0x28 CMakeFiles/blackbox_v2_bootloader.dir/Core/Src/system_stm32f4xx.c.obj
 .debug_aranges
                0x000009d0       0x20 CMakeFiles/blackbox_v2_bootloader.dir/Core/Src/sysmem.c.obj
 .debug_aranges
                0x000009f0       0xa8 CMakeFiles/blackbox_v2_bootloader.dir/Core/Src/syscalls.c.obj
 .debug_aranges
                0x00000a98       0x28 CMakeFiles/blackbox_v2_bootloader.dir/startup_stm32f411xe.s.obj

.debug_ranges   0x00000000      0x998
 .debug_ranges  0x00000000       0x70 CMakeFiles/blackbox_v2_bootloader.dir/fh_bootloader/fh_bootloader.c.obj
 .debug_ranges  0x00000070       0x20 CMakeFiles/blackbox_v2_bootloader.dir/fh_ringbuff/ringbuff.c.obj
 .debug_ranges  0x00000090       0x48 CMakeFiles/blackbox_v2_bootloader.dir/fh_stream/fh_stream.c.obj
 .debug_ranges  0x000000d8       0x28 CMakeFiles/blackbox_v2_bootloader.dir/Core/Src/main.c.obj
 .debug_ranges  0x00000100       0x10 CMakeFiles/blackbox_v2_bootloader.dir/Core/Src/gpio.c.obj
 .debug_ranges  0x00000110       0x20 CMakeFiles/blackbox_v2_bootloader.dir/Core/Src/crc.c.obj
 .debug_ranges  0x00000130       0x28 CMakeFiles/blackbox_v2_bootloader.dir/Core/Src/usart.c.obj
 .debug_ranges  0x00000158       0x60 CMakeFiles/blackbox_v2_bootloader.dir/Core/Src/stm32f4xx_it.c.obj
 .debug_ranges  0x000001b8       0x10 CMakeFiles/blackbox_v2_bootloader.dir/Core/Src/stm32f4xx_hal_msp.c.obj
 .debug_ranges  0x000001c8       0x40 CMakeFiles/blackbox_v2_bootloader.dir/Drivers/STM32F4xx_HAL_Driver/Src/stm32f4xx_hal_crc.c.obj
 .debug_ranges  0x00000208       0x78 CMakeFiles/blackbox_v2_bootloader.dir/Drivers/STM32F4xx_HAL_Driver/Src/stm32f4xx_hal_rcc.c.obj
 .debug_ranges  0x00000280       0x90 CMakeFiles/blackbox_v2_bootloader.dir/Drivers/STM32F4xx_HAL_Driver/Src/stm32f4xx_hal_flash.c.obj
 .debug_ranges  0x00000310       0xb8 CMakeFiles/blackbox_v2_bootloader.dir/Drivers/STM32F4xx_HAL_Driver/Src/stm32f4xx_hal_flash_ex.c.obj
 .debug_ranges  0x000003c8       0x48 CMakeFiles/blackbox_v2_bootloader.dir/Drivers/STM32F4xx_HAL_Driver/Src/stm32f4xx_hal_gpio.c.obj
 .debug_ranges  0x00000410       0x80 CMakeFiles/blackbox_v2_bootloader.dir/Drivers/STM32F4xx_HAL_Driver/Src/stm32f4xx_hal_dma.c.obj
 .debug_ranges  0x00000490      0x120 CMakeFiles/blackbox_v2_bootloader.dir/Drivers/STM32F4xx_HAL_Driver/Src/stm32f4xx_hal_cortex.c.obj
 .debug_ranges  0x000005b0       0xe0 CMakeFiles/blackbox_v2_bootloader.dir/Drivers/STM32F4xx_HAL_Driver/Src/stm32f4xx_hal.c.obj
 .debug_ranges  0x00000690      0x228 CMakeFiles/blackbox_v2_bootloader.dir/Drivers/STM32F4xx_HAL_Driver/Src/stm32f4xx_hal_uart.c.obj
 .debug_ranges  0x000008b8       0x18 CMakeFiles/blackbox_v2_bootloader.dir/Core/Src/system_stm32f4xx.c.obj
 .debug_ranges  0x000008d0       0x10 CMakeFiles/blackbox_v2_bootloader.dir/Core/Src/sysmem.c.obj
 .debug_ranges  0x000008e0       0x98 CMakeFiles/blackbox_v2_bootloader.dir/Core/Src/syscalls.c.obj
 .debug_ranges  0x00000978       0x20 CMakeFiles/blackbox_v2_bootloader.dir/startup_stm32f411xe.s.obj

.debug_macro    0x00000000    0x179cb
 .debug_macro   0x00000000      0x391 CMakeFiles/blackbox_v2_bootloader.dir/fh_bootloader/fh_bootloader.c.obj
 .debug_macro   0x00000391      0xa78 CMakeFiles/blackbox_v2_bootloader.dir/fh_bootloader/fh_bootloader.c.obj
 .debug_macro   0x00000e09       0x22 CMakeFiles/blackbox_v2_bootloader.dir/fh_bootloader/fh_bootloader.c.obj
 .debug_macro   0x00000e2b       0x8e CMakeFiles/blackbox_v2_bootloader.dir/fh_bootloader/fh_bootloader.c.obj
 .debug_macro   0x00000eb9       0x51 CMakeFiles/blackbox_v2_bootloader.dir/fh_bootloader/fh_bootloader.c.obj
 .debug_macro   0x00000f0a      0x103 CMakeFiles/blackbox_v2_bootloader.dir/fh_bootloader/fh_bootloader.c.obj
 .debug_macro   0x0000100d       0x6a CMakeFiles/blackbox_v2_bootloader.dir/fh_bootloader/fh_bootloader.c.obj
 .debug_macro   0x00001077      0x1df CMakeFiles/blackbox_v2_bootloader.dir/fh_bootloader/fh_bootloader.c.obj
 .debug_macro   0x00001256       0x64 CMakeFiles/blackbox_v2_bootloader.dir/fh_bootloader/fh_bootloader.c.obj
 .debug_macro   0x000012ba       0x1e CMakeFiles/blackbox_v2_bootloader.dir/fh_bootloader/fh_bootloader.c.obj
 .debug_macro   0x000012d8       0x35 CMakeFiles/blackbox_v2_bootloader.dir/fh_bootloader/fh_bootloader.c.obj
 .debug_macro   0x0000130d       0x34 CMakeFiles/blackbox_v2_bootloader.dir/fh_bootloader/fh_bootloader.c.obj
 .debug_macro   0x00001341       0x16 CMakeFiles/blackbox_v2_bootloader.dir/fh_bootloader/fh_bootloader.c.obj
 .debug_macro   0x00001357       0x97 CMakeFiles/blackbox_v2_bootloader.dir/fh_bootloader/fh_bootloader.c.obj
 .debug_macro   0x000013ee      0x341 CMakeFiles/blackbox_v2_bootloader.dir/fh_bootloader/fh_bootloader.c.obj
 .debug_macro   0x0000172f       0xfd CMakeFiles/blackbox_v2_bootloader.dir/fh_bootloader/fh_bootloader.c.obj
 .debug_macro   0x0000182c       0x10 CMakeFiles/blackbox_v2_bootloader.dir/fh_bootloader/fh_bootloader.c.obj
 .debug_macro   0x0000183c       0x16 CMakeFiles/blackbox_v2_bootloader.dir/fh_bootloader/fh_bootloader.c.obj
 .debug_macro   0x00001852       0x43 CMakeFiles/blackbox_v2_bootloader.dir/fh_bootloader/fh_bootloader.c.obj
 .debug_macro   0x00001895       0x34 CMakeFiles/blackbox_v2_bootloader.dir/fh_bootloader/fh_bootloader.c.obj
 .debug_macro   0x000018c9       0x10 CMakeFiles/blackbox_v2_bootloader.dir/fh_bootloader/fh_bootloader.c.obj
 .debug_macro   0x000018d9       0x58 CMakeFiles/blackbox_v2_bootloader.dir/fh_bootloader/fh_bootloader.c.obj
 .debug_macro   0x00001931      0x182 CMakeFiles/blackbox_v2_bootloader.dir/fh_bootloader/fh_bootloader.c.obj
 .debug_macro   0x00001ab3       0x10 CMakeFiles/blackbox_v2_bootloader.dir/fh_bootloader/fh_bootloader.c.obj
 .debug_macro   0x00001ac3       0x1c CMakeFiles/blackbox_v2_bootloader.dir/fh_bootloader/fh_bootloader.c.obj
 .debug_macro   0x00001adf       0x52 CMakeFiles/blackbox_v2_bootloader.dir/fh_bootloader/fh_bootloader.c.obj
 .debug_macro   0x00001b31       0x22 CMakeFiles/blackbox_v2_bootloader.dir/fh_bootloader/fh_bootloader.c.obj
 .debug_macro   0x00001b53       0x10 CMakeFiles/blackbox_v2_bootloader.dir/fh_bootloader/fh_bootloader.c.obj
 .debug_macro   0x00001b63       0x52 CMakeFiles/blackbox_v2_bootloader.dir/fh_bootloader/fh_bootloader.c.obj
 .debug_macro   0x00001bb5       0xd5 CMakeFiles/blackbox_v2_bootloader.dir/fh_bootloader/fh_bootloader.c.obj
 .debug_macro   0x00001c8a       0x1c CMakeFiles/blackbox_v2_bootloader.dir/fh_bootloader/fh_bootloader.c.obj
 .debug_macro   0x00001ca6       0x3d CMakeFiles/blackbox_v2_bootloader.dir/fh_bootloader/fh_bootloader.c.obj
 .debug_macro   0x00001ce3       0x16 CMakeFiles/blackbox_v2_bootloader.dir/fh_bootloader/fh_bootloader.c.obj
 .debug_macro   0x00001cf9      0x16f CMakeFiles/blackbox_v2_bootloader.dir/fh_bootloader/fh_bootloader.c.obj
 .debug_macro   0x00001e68       0x10 CMakeFiles/blackbox_v2_bootloader.dir/fh_bootloader/fh_bootloader.c.obj
 .debug_macro   0x00001e78      0x29b CMakeFiles/blackbox_v2_bootloader.dir/fh_bootloader/fh_bootloader.c.obj
 .debug_macro   0x00002113       0x2e CMakeFiles/blackbox_v2_bootloader.dir/fh_bootloader/fh_bootloader.c.obj
 .debug_macro   0x00002141       0x28 CMakeFiles/blackbox_v2_bootloader.dir/fh_bootloader/fh_bootloader.c.obj
 .debug_macro   0x00002169       0x1c CMakeFiles/blackbox_v2_bootloader.dir/fh_bootloader/fh_bootloader.c.obj
 .debug_macro   0x00002185       0x22 CMakeFiles/blackbox_v2_bootloader.dir/fh_bootloader/fh_bootloader.c.obj
 .debug_macro   0x000021a7       0xfb CMakeFiles/blackbox_v2_bootloader.dir/fh_bootloader/fh_bootloader.c.obj
 .debug_macro   0x000022a2     0x1011 CMakeFiles/blackbox_v2_bootloader.dir/fh_bootloader/fh_bootloader.c.obj
 .debug_macro   0x000032b3      0x11f CMakeFiles/blackbox_v2_bootloader.dir/fh_bootloader/fh_bootloader.c.obj
 .debug_macro   0x000033d2     0xb968 CMakeFiles/blackbox_v2_bootloader.dir/fh_bootloader/fh_bootloader.c.obj
 .debug_macro   0x0000ed3a       0x6d CMakeFiles/blackbox_v2_bootloader.dir/fh_bootloader/fh_bootloader.c.obj
 .debug_macro   0x0000eda7     0x3693 CMakeFiles/blackbox_v2_bootloader.dir/fh_bootloader/fh_bootloader.c.obj
 .debug_macro   0x0001243a       0x56 CMakeFiles/blackbox_v2_bootloader.dir/fh_bootloader/fh_bootloader.c.obj
 .debug_macro   0x00012490      0x45c CMakeFiles/blackbox_v2_bootloader.dir/fh_bootloader/fh_bootloader.c.obj
 .debug_macro   0x000128ec      0x9e9 CMakeFiles/blackbox_v2_bootloader.dir/fh_bootloader/fh_bootloader.c.obj
 .debug_macro   0x000132d5      0x115 CMakeFiles/blackbox_v2_bootloader.dir/fh_bootloader/fh_bootloader.c.obj
 .debug_macro   0x000133ea      0x11b CMakeFiles/blackbox_v2_bootloader.dir/fh_bootloader/fh_bootloader.c.obj
 .debug_macro   0x00013505       0xa5 CMakeFiles/blackbox_v2_bootloader.dir/fh_bootloader/fh_bootloader.c.obj
 .debug_macro   0x000135aa      0x15f CMakeFiles/blackbox_v2_bootloader.dir/fh_bootloader/fh_bootloader.c.obj
 .debug_macro   0x00013709      0x287 CMakeFiles/blackbox_v2_bootloader.dir/fh_bootloader/fh_bootloader.c.obj
 .debug_macro   0x00013990       0x5f CMakeFiles/blackbox_v2_bootloader.dir/fh_bootloader/fh_bootloader.c.obj
 .debug_macro   0x000139ef      0x236 CMakeFiles/blackbox_v2_bootloader.dir/fh_bootloader/fh_bootloader.c.obj
 .debug_macro   0x00013c25       0x22 CMakeFiles/blackbox_v2_bootloader.dir/fh_bootloader/fh_bootloader.c.obj
 .debug_macro   0x00013c47      0x132 CMakeFiles/blackbox_v2_bootloader.dir/fh_bootloader/fh_bootloader.c.obj
 .debug_macro   0x00013d79      0x264 CMakeFiles/blackbox_v2_bootloader.dir/fh_bootloader/fh_bootloader.c.obj
 .debug_macro   0x00013fdd       0x2e CMakeFiles/blackbox_v2_bootloader.dir/fh_bootloader/fh_bootloader.c.obj
 .debug_macro   0x0001400b      0x127 CMakeFiles/blackbox_v2_bootloader.dir/fh_bootloader/fh_bootloader.c.obj
 .debug_macro   0x00014132       0x85 CMakeFiles/blackbox_v2_bootloader.dir/fh_bootloader/fh_bootloader.c.obj
 .debug_macro   0x000141b7       0x89 CMakeFiles/blackbox_v2_bootloader.dir/fh_bootloader/fh_bootloader.c.obj
 .debug_macro   0x00014240      0x2aa CMakeFiles/blackbox_v2_bootloader.dir/fh_bootloader/fh_bootloader.c.obj