Archive member included to satisfy reference by file (symbol)

c:/tools/gcc-arm-none-eabi-10.3-2021.10/bin/../lib/gcc/arm-none-eabi/10.3.1/../../../../arm-none-eabi/lib/thumb/v7e-m+fp/hard\libc_nano.a(lib_a-exit.o)
                              c:/tools/gcc-arm-none-eabi-10.3-2021.10/bin/../lib/gcc/arm-none-eabi/10.3.1/../../../../arm-none-eabi/lib/thumb/v7e-m+fp/hard/crt0.o (exit)
c:/tools/gcc-arm-none-eabi-10.3-2021.10/bin/../lib/gcc/arm-none-eabi/10.3.1/../../../../arm-none-eabi/lib/thumb/v7e-m+fp/hard\libc_nano.a(lib_a-impure.o)
                              c:/tools/gcc-arm-none-eabi-10.3-2021.10/bin/../lib/gcc/arm-none-eabi/10.3.1/../../../../arm-none-eabi/lib/thumb/v7e-m+fp/hard\libc_nano.a(lib_a-exit.o) (_global_impure_ptr)
c:/tools/gcc-arm-none-eabi-10.3-2021.10/bin/../lib/gcc/arm-none-eabi/10.3.1/../../../../arm-none-eabi/lib/thumb/v7e-m+fp/hard\libc_nano.a(lib_a-init.o)
                              c:/tools/gcc-arm-none-eabi-10.3-2021.10/bin/../lib/gcc/arm-none-eabi/10.3.1/../../../../arm-none-eabi/lib/thumb/v7e-m+fp/hard/crt0.o (__libc_init_array)
c:/tools/gcc-arm-none-eabi-10.3-2021.10/bin/../lib/gcc/arm-none-eabi/10.3.1/../../../../arm-none-eabi/lib/thumb/v7e-m+fp/hard\libc_nano.a(lib_a-memset.o)
                              c:/tools/gcc-arm-none-eabi-10.3-2021.10/bin/../lib/gcc/arm-none-eabi/10.3.1/../../../../arm-none-eabi/lib/thumb/v7e-m+fp/hard/crt0.o (memset)
c:/tools/gcc-arm-none-eabi-10.3-2021.10/bin/../lib/gcc/arm-none-eabi/10.3.1/thumb/v7e-m+fp/hard\libgcc.a(_aeabi_uldivmod.o)
                              CMakeFiles/blackbox_v2_bootloader.dir/Drivers/STM32F4xx_HAL_Driver/Src/stm32f4xx_hal_rcc.c.obj (__aeabi_uldivmod)
c:/tools/gcc-arm-none-eabi-10.3-2021.10/bin/../lib/gcc/arm-none-eabi/10.3.1/thumb/v7e-m+fp/hard\libgcc.a(_udivmoddi4.o)
                              c:/tools/gcc-arm-none-eabi-10.3-2021.10/bin/../lib/gcc/arm-none-eabi/10.3.1/thumb/v7e-m+fp/hard\libgcc.a(_aeabi_uldivmod.o) (__udivmoddi4)
c:/tools/gcc-arm-none-eabi-10.3-2021.10/bin/../lib/gcc/arm-none-eabi/10.3.1/thumb/v7e-m+fp/hard\libgcc.a(_dvmd_tls.o)
                              c:/tools/gcc-arm-none-eabi-10.3-2021.10/bin/../lib/gcc/arm-none-eabi/10.3.1/thumb/v7e-m+fp/hard\libgcc.a(_aeabi_uldivmod.o) (__aeabi_ldiv0)
c:/tools/gcc-arm-none-eabi-10.3-2021.10/bin/../lib/gcc/arm-none-eabi/10.3.1/../../../../arm-none-eabi/lib/thumb/v7e-m+fp/hard\libg_nano.a(lib_a-errno.o)
                              CMakeFiles/blackbox_v2_bootloader.dir/Core/Src/sysmem.c.obj (__errno)
c:/tools/gcc-arm-none-eabi-10.3-2021.10/bin/../lib/gcc/arm-none-eabi/10.3.1/../../../../arm-none-eabi/lib/thumb/v7e-m+fp/hard\libg_nano.a(lib_a-memcpy-stub.o)
                              CMakeFiles/blackbox_v2_bootloader.dir/fh_bootloader/fh_bootloader.c.obj (memcpy)
c:/tools/gcc-arm-none-eabi-10.3-2021.10/bin/../lib/gcc/arm-none-eabi/10.3.1/../../../../arm-none-eabi/lib/thumb/v7e-m+fp/hard\libg_nano.a(lib_a-memmove.o)
                              CMakeFiles/blackbox_v2_bootloader.dir/fh_bootloader/fh_bootloader.c.obj (memmove)
c:/tools/gcc-arm-none-eabi-10.3-2021.10/bin/../lib/gcc/arm-none-eabi/10.3.1/../../../../arm-none-eabi/lib/thumb/v7e-m+fp/hard\libg_nano.a(lib_a-printf.o)
                              CMakeFiles/blackbox_v2_bootloader.dir/fh_bootloader/fh_bootloader.c.obj (printf)
c:/tools/gcc-arm-none-eabi-10.3-2021.10/bin/../lib/gcc/arm-none-eabi/10.3.1/../../../../arm-none-eabi/lib/thumb/v7e-m+fp/hard\libg_nano.a(lib_a-puts.o)
                              CMakeFiles/blackbox_v2_bootloader.dir/fh_bootloader/fh_bootloader.c.obj (puts)
c:/tools/gcc-arm-none-eabi-10.3-2021.10/bin/../lib/gcc/arm-none-eabi/10.3.1/../../../../arm-none-eabi/lib/thumb/v7e-m+fp/hard\libg_nano.a(lib_a-wbuf.o)
                              c:/tools/gcc-arm-none-eabi-10.3-2021.10/bin/../lib/gcc/arm-none-eabi/10.3.1/../../../../arm-none-eabi/lib/thumb/v7e-m+fp/hard\libg_nano.a(lib_a-puts.o) (__swbuf_r)
c:/tools/gcc-arm-none-eabi-10.3-2021.10/bin/../lib/gcc/arm-none-eabi/10.3.1/../../../../arm-none-eabi/lib/thumb/v7e-m+fp/hard\libg_nano.a(lib_a-wsetup.o)
                              c:/tools/gcc-arm-none-eabi-10.3-2021.10/bin/../lib/gcc/arm-none-eabi/10.3.1/../../../../arm-none-eabi/lib/thumb/v7e-m+fp/hard\libg_nano.a(lib_a-puts.o) (__swsetup_r)
c:/tools/gcc-arm-none-eabi-10.3-2021.10/bin/../lib/gcc/arm-none-eabi/10.3.1/../../../../arm-none-eabi/lib/thumb/v7e-m+fp/hard\libg_nano.a(lib_a-fflush.o)
                              c:/tools/gcc-arm-none-eabi-10.3-2021.10/bin/../lib/gcc/arm-none-eabi/10.3.1/../../../../arm-none-eabi/lib/thumb/v7e-m+fp/hard\libg_nano.a(lib_a-wbuf.o) (_fflush_r)
c:/tools/gcc-arm-none-eabi-10.3-2021.10/bin/../lib/gcc/arm-none-eabi/10.3.1/../../../../arm-none-eabi/lib/thumb/v7e-m+fp/hard\libg_nano.a(lib_a-findfp.o)
                              c:/tools/gcc-arm-none-eabi-10.3-2021.10/bin/../lib/gcc/arm-none-eabi/10.3.1/../../../../arm-none-eabi/lib/thumb/v7e-m+fp/hard\libg_nano.a(lib_a-printf.o) (__sinit)
[...]
Memory Configuration

Name             Origin             Length             Attributes
RAM              0x20000000         0x00020000         xrw
FLASH            0x08000000         0x00080000         xr
*default*        0x00000000         0xffffffff

Linker script and memory map

LOAD c:/tools/gcc-arm-none-eabi-10.3-2021.10/bin/../lib/gcc/arm-none-eabi/10.3.1/thumb/v7e-m+fp/hard/crti.o
LOAD c:/tools/gcc-arm-none-eabi-10.3-2021.10/bin/../lib/gcc/arm-none-eabi/10.3.1/thumb/v7e-m+fp/hard/crtbegin.o
LOAD c:/tools/gcc-arm-none-eabi-10.3-2021.10/bin/../lib/gcc/arm-none-eabi/10.3.1/../../../../arm-none-eabi/lib/thumb/v7e-m+fp/hard/crt0.o
START GROUP
LOAD c:/tools/gcc-arm-none-eabi-10.3-2021.10/bin/../lib/gcc/arm-none-eabi/10.3.1/../../../../arm-none-eabi/lib/thumb/v7e-m+fp/hard\libc_nano.a
LOAD c:/tools/gcc-arm-none-eabi-10.3-2021.10/bin/../lib/gcc/arm-none-eabi/10.3.1/../../../../arm-none-eabi/lib/thumb/v7e-m+fp/hard\libm.a
END GROUP
LOAD CMakeFiles/blackbox_v2_bootloader.dir/fh_bootloader/fh_bootloader.c.obj
LOAD CMakeFiles/blackbox_v2_bootloader.dir/fh_ringbuff/ringbuff.c.obj
LOAD CMakeFiles/blackbox_v2_bootloader.dir/fh_stream/fh_stream.c.obj
LOAD CMakeFiles/blackbox_v2_bootloader.dir/fh_sw_crc/fh_sw_crc.c.obj
LOAD CMakeFiles/blackbox_v2_bootloader.dir/Core/Src/main.c.obj
LOAD CMakeFiles/blackbox_v2_bootloader.dir/Core/Src/gpio.c.obj
LOAD CMakeFiles/blackbox_v2_bootloader.dir/Core/Src/crc.c.obj
LOAD CMakeFiles/blackbox_v2_bootloader.dir/Core/Src/usart.c.obj
LOAD CMakeFiles/blackbox_v2_bootloader.dir/Core/Src/stm32f4xx_it.c.obj
LOAD CMakeFiles/blackbox_v2_bootloader.dir/Core/Src/stm32f4xx_hal_msp.c.obj
LOAD CMakeFiles/blackbox_v2_bootloader.dir/Drivers/STM32F4xx_HAL_Driver/Src/stm32f4xx_hal_crc.c.obj
LOAD CMakeFiles/blackbox_v2_bootloader.dir/Drivers/STM32F4xx_HAL_Driver/Src/stm32f4xx_hal_rcc.c.obj
LOAD CMakeFiles/blackbox_v2_bootloader.dir/Drivers/STM32F4xx_HAL_Driver/Src/stm32f4xx_hal_rcc_ex.c.obj
LOAD CMakeFiles/blackbox_v2_bootloader.dir/Drivers/STM32F4xx_HAL_Driver/Src/stm32f4xx_hal_flash.c.obj
LOAD CMakeFiles/blackbox_v2_bootloader.dir/Drivers/STM32F4xx_HAL_Driver/Src/stm32f4xx_hal_flash_ex.c.obj
LOAD CMakeFiles/blackbox_v2_bootloader.dir/Drivers/STM32F4xx_HAL_Driver/Src/stm32f4xx_hal_flash_ramfunc.c.obj
LOAD CMakeFiles/blackbox_v2_bootloader.dir/Drivers/STM32F4xx_HAL_Driver/Src/stm32f4xx_hal_gpio.c.obj
LOAD CMakeFiles/blackbox_v2_bootloader.dir/Drivers/STM32F4xx_HAL_Driver/Src/stm32f4xx_hal_dma_ex.c.obj
LOAD CMakeFiles/blackbox_v2_bootloader.dir/Drivers/STM32F4xx_HAL_Driver/Src/stm32f4xx_hal_dma.c.obj
LOAD CMakeFiles/blackbox_v2_bootloader.dir/Drivers/STM32F4xx_HAL_Driver/Src/stm32f4xx_hal_pwr.c.obj
LOAD CMakeFiles/blackbox_v2_bootloader.dir/Drivers/STM32F4xx_HAL_Driver/Src/stm32f4xx_hal_pwr_ex.c.obj
LOAD CMakeFiles/blackbox_v2_bootloader.dir/Drivers/STM32F4xx_HAL_Driver/Src/stm32f4xx_hal_cortex.c.obj
LOAD CMakeFiles/blackbox_v2_bootloader.dir/Drivers/STM32F4xx_HAL_Driver/Src/stm32f4xx_hal.c.obj
LOAD CMakeFiles/blackbox_v2_bootloader.dir/Drivers/STM32F4xx_HAL_Driver/Src/stm32f4xx_hal_exti.c.obj
LOAD CMakeFiles/blackbox_v2_bootloader.dir/Drivers/STM32F4xx_HAL_Driver/Src/stm32f4xx_hal_uart.c.obj
LOAD CMakeFiles/blackbox_v2_bootloader.dir/Core/Src/system_stm32f4xx.c.obj
LOAD CMakeFiles/blackbox_v2_bootloader.dir/Core/Src/sysmem.c.obj
LOAD CMakeFiles/blackbox_v2_bootloader.dir/Core/Src/syscalls.c.obj
LOAD CMakeFiles/blackbox_v2_bootloader.dir/startup_stm32f411xe.s.obj
START GROUP
LOAD c:/tools/gcc-arm-none-eabi-10.3-2021.10/bin/../lib/gcc/arm-none-eabi/10.3.1/thumb/v7e-m+fp/hard\libgcc.a
LOAD c:/tools/gcc-arm-none-eabi-10.3-2021.10/bin/../lib/gcc/arm-none-eabi/10.3.1/../../../../arm-none-eabi/lib/thumb/v7e-m+fp/hard\libg_nano.a
LOAD c:/tools/gcc-arm-none-eabi-10.3-2021.10/bin/../lib/gcc/arm-none-eabi/10.3.1/../../../../arm-none-eabi/lib/thumb/v7e-m+fp/hard\libc_nano.a
END GROUP
START GROUP
LOAD c:/tools/gcc-arm-none-eabi-10.3-2021.10/bin/../lib/gcc/arm-none-eabi/10.3.1/thumb/v7e-m+fp/hard\libgcc.a
LOAD c:/tools/gcc-arm-none-eabi-10.3-2021.10/bin/../lib/gcc/arm-none-eabi/10.3.1/../../../../arm-none-eabi/lib/thumb/v7e-m+fp/hard\libc_nano.a
END GROUP
LOAD c:/tools/gcc-arm-none-eabi-10.3-2021.10/bin/../lib/gcc/arm-none-eabi/10.3.1/thumb/v7e-m+fp/hard/crtend.o
LOAD c:/tools/gcc-arm-none-eabi-10.3-2021.10/bin/../lib/gcc/arm-none-eabi/10.3.1/thumb/v7e-m+fp/hard/crtn.o
                0x20020000                _estack = (ORIGIN (RAM) + LENGTH (RAM))
                0x00000200                _Min_Heap_Size = 0x200
                0x00001400                _Min_Stack_Size = 0x1400

.isr_vector     0x08000000      0x198
                0x08000000                . = ALIGN (0x4)
 *(.isr_vector)
 .isr_vector    0x08000000      0x198 CMakeFiles/blackbox_v2_bootloader.dir/startup_stm32f411xe.s.obj
                0x08000000                g_pfnVectors
                0x08000198                . = ALIGN (0x4)

.text           0x080001a0     0x4d60
                0x080001a0                . = ALIGN (0x4)
 *(.text)
 .text          0x080001a0       0x40 c:/tools/gcc-arm-none-eabi-10.3-2021.10/bin/../lib/gcc/arm-none-eabi/10.3.1/thumb/v7e-m+fp/hard/crtbegin.o
 .text          0x080001e0       0x30 c:/tools/gcc-arm-none-eabi-10.3-2021.10/bin/../lib/gcc/arm-none-eabi/10.3.1/thumb/v7e-m+fp/hard\libgcc.a(_aeabi_uldivmod.o)
                0x080001e0                __aeabi_uldivmod
 .text          0x08000210      0x2d0 c:/tools/gcc-arm-none-eabi-10.3-2021.10/bin/../lib/gcc/arm-none-eabi/10.3.1/thumb/v7e-m+fp/hard\libgcc.a(_udivmoddi4.o)
                0x08000210                __udivmoddi4
 .text          0x080004e0        0x4 c:/tools/gcc-arm-none-eabi-10.3-2021.10/bin/../lib/gcc/arm-none-eabi/10.3.1/thumb/v7e-m+fp/hard\libgcc.a(_dvmd_tls.o)
                0x080004e0                __aeabi_idiv0
                0x080004e0                __aeabi_ldiv0
 *fill*         0x080004e4        0xc 
 .text          0x080004f0       0xa0 c:/tools/gcc-arm-none-eabi-10.3-2021.10/bin/../lib/gcc/arm-none-eabi/10.3.1/../../../../arm-none-eabi/lib/thumb/v7e-m+fp/hard\libg_nano.a(lib_a-memchr.o)
                0x080004f0                memchr
 *(.text*)
 .text.__libc_init_array
                0x08000590       0x48 c:/tools/gcc-arm-none-eabi-10.3-2021.10/bin/../lib/gcc/arm-none-eabi/10.3.1/../../../../arm-none-eabi/lib/thumb/v7e-m+fp/hard\libc_nano.a(lib_a-init.o)
                0x08000590                __libc_init_array
 .text.memset   0x080005d8       0x10 c:/tools/gcc-arm-none-eabi-10.3-2021.10/bin/../lib/gcc/arm-none-eabi/10.3.1/../../../../arm-none-eabi/lib/thumb/v7e-m+fp/hard\libc_nano.a(lib_a-memset.o)
                0x080005d8                memset
 .text.__NVIC_SystemReset
                0x080005e8       0x2c CMakeFiles/blackbox_v2_bootloader.dir/fh_bootloader/fh_bootloader.c.obj
 .text.fh_key_get_state
                0x08000614       0x18 CMakeFiles/blackbox_v2_bootloader.dir/fh_bootloader/fh_bootloader.c.obj
                0x08000614                fh_key_get_state
 .text.HAL_UART_RxCpltCallback
                0x0800062c       0x40 CMakeFiles/blackbox_v2_bootloader.dir/fh_bootloader/fh_bootloader.c.obj
                0x0800062c                HAL_UART_RxCpltCallback
 .text.fh_bl_info_read
                0x0800066c       0x4c CMakeFiles/blackbox_v2_bootloader.dir/fh_bootloader/fh_bootloader.c.obj
                0x0800066c                fh_bl_info_read
 .text.fh_bl_info_write
                0x080006b8       0xbe CMakeFiles/blackbox_v2_bootloader.dir/fh_bootloader/fh_bootloader.c.obj
                0x080006b8                fh_bl_info_write
 *fill*         0x08000776        0x2 
 .text.fh_bl_update_check
                0x08000778       0x40 CMakeFiles/blackbox_v2_bootloader.dir/fh_bootloader/fh_bootloader.c.obj
                0x08000778                fh_bl_update_check
 .text.fh_bl_ack
                0x080007b8       0x4c CMakeFiles/blackbox_v2_bootloader.dir/fh_bootloader/fh_bootloader.c.obj
 .text.stm32_flash_write
                0x08000804       0x66 CMakeFiles/blackbox_v2_bootloader.dir/fh_bootloader/fh_bootloader.c.obj
                0x08000804                stm32_flash_write
 *fill*         0x0800086a        0x2 
 .text.fh_bl_flash_write
                0x0800086c       0xe4 CMakeFiles/blackbox_v2_bootloader.dir/fh_bootloader/fh_bootloader.c.obj
                0x0800086c                fh_bl_flash_write
 .text.fh_bl_flash_write_final
                0x08000950       0x5c CMakeFiles/blackbox_v2_bootloader.dir/fh_bootloader/fh_bootloader.c.obj
                0x08000950                fh_bl_flash_write_final
 .text.fh_bl_clear_app
                0x080009ac       0x62 CMakeFiles/blackbox_v2_bootloader.dir/fh_bootloader/fh_bootloader.c.obj
                0x080009ac                fh_bl_clear_app
 .text.fh_bl_crc_check
                0x08000a0e       0x30 CMakeFiles/blackbox_v2_bootloader.dir/fh_bootloader/fh_bootloader.c.obj
                0x08000a0e                fh_bl_crc_check
 *fill*         0x08000a3e        0x2 
 .text.fh_bl_update
                0x08000a40      0x118 CMakeFiles/blackbox_v2_bootloader.dir/fh_bootloader/fh_bootloader.c.obj
                0x08000a40                fh_bl_update
 .text.fh_bl_hello
                0x08000b58       0x84 CMakeFiles/blackbox_v2_bootloader.dir/fh_bootloader/fh_bootloader.c.obj
                0x08000b58                fh_bl_hello
 .text.fh_bl_jmp_to_app
                0x08000bdc       0x88 CMakeFiles/blackbox_v2_bootloader.dir/fh_bootloader/fh_bootloader.c.obj
                0x08000bdc                fh_bl_jmp_to_app
 .text.fh_bl_boot
                0x08000c64       0x7c CMakeFiles/blackbox_v2_bootloader.dir/fh_bootloader/fh_bootloader.c.obj
                0x08000c64                fh_bl_boot
 .text.RingBuff_Init
                0x08000ce0       0x26 CMakeFiles/blackbox_v2_bootloader.dir/fh_ringbuff/ringbuff.c.obj
                0x08000ce0                RingBuff_Init
 .text.Write_RingBuff
                0x08000d06       0x56 CMakeFiles/blackbox_v2_bootloader.dir/fh_ringbuff/ringbuff.c.obj
                0x08000d06                Write_RingBuff
 .text.Read_RingBuff
                0x08000d5c       0x56 CMakeFiles/blackbox_v2_bootloader.dir/fh_ringbuff/ringbuff.c.obj
                0x08000d5c                Read_RingBuff
 *fill*         0x08000db2        0x2 
 .text.fh_stream_set_crc_func
                0x08000db4       0x20 CMakeFiles/blackbox_v2_bootloader.dir/fh_stream/fh_stream.c.obj
                0x08000db4                fh_stream_set_crc_func
 .text.fh_stream_pack
                0x08000dd4       0x84 CMakeFiles/blackbox_v2_bootloader.dir/fh_stream/fh_stream.c.obj
                0x08000dd4                fh_stream_pack
 .text.fh_state_idle
                0x08000e58       0x40 CMakeFiles/blackbox_v2_bootloader.dir/fh_stream/fh_stream.c.obj
 .text.fh_state_tag
                0x08000e98       0x2c CMakeFiles/blackbox_v2_bootloader.dir/fh_stream/fh_stream.c.obj
 .text.fh_state_length
                0x08000ec4       0x2c CMakeFiles/blackbox_v2_bootloader.dir/fh_stream/fh_stream.c.obj
 .text.fh_state_value
                0x08000ef0       0x4c CMakeFiles/blackbox_v2_bootloader.dir/fh_stream/fh_stream.c.obj
 .text.fh_state_crc
                0x08000f3c       0x84 CMakeFiles/blackbox_v2_bootloader.dir/fh_stream/fh_stream.c.obj
 .text.fh_stream_unpack
                0x08000fc0       0x54 CMakeFiles/blackbox_v2_bootloader.dir/fh_stream/fh_stream.c.obj
                0x08000fc0                fh_stream_unpack
 .text.fh_sw_crc32
                0x08001014       0x5c CMakeFiles/blackbox_v2_bootloader.dir/fh_sw_crc/fh_sw_crc.c.obj
                0x08001014                fh_sw_crc32
 .text.main     0x08001070       0x50 CMakeFiles/blackbox_v2_bootloader.dir/Core/Src/main.c.obj
                0x08001070                main
 .text.SystemClock_Config
                0x080010c0       0xd0 CMakeFiles/blackbox_v2_bootloader.dir/Core/Src/main.c.obj
                0x080010c0                SystemClock_Config
 .text.Error_Handler
                0x08001190        0xa CMakeFiles/blackbox_v2_bootloader.dir/Core/Src/main.c.obj
                0x08001190                Error_Handler
 *fill*         0x0800119a        0x2 
 .text.MX_GPIO_Init
                0x0800119c       0x94 CMakeFiles/blackbox_v2_bootloader.dir/Core/Src/gpio.c.obj
                0x0800119c                MX_GPIO_Init
 .text.MX_CRC_Init
                0x08001230       0x28 CMakeFiles/blackbox_v2_bootloader.dir/Core/Src/crc.c.obj
                0x08001230                MX_CRC_Init
 .text.HAL_CRC_MspInit
                0x08001258       0x44 CMakeFiles/blackbox_v2_bootloader.dir/Core/Src/crc.c.obj
                0x08001258                HAL_CRC_MspInit
 .text.__io_putchar
                0x0800129c       0x24 CMakeFiles/blackbox_v2_bootloader.dir/Core/Src/usart.c.obj
                0x0800129c                __io_putchar
 .text.MX_USART1_UART_Init
                0x080012c0       0x54 CMakeFiles/blackbox_v2_bootloader.dir/Core/Src/usart.c.obj
                0x080012c0                MX_USART1_UART_Init
 .text.HAL_UART_MspInit
                0x08001314       0xa0 CMakeFiles/blackbox_v2_bootloader.dir/Core/Src/usart.c.obj
                0x08001314                HAL_UART_MspInit
 .text.NMI_Handler
                0x080013b4        0x6 CMakeFiles/blackbox_v2_bootloader.dir/Core/Src/stm32f4xx_it.c.obj
                0x080013b4                NMI_Handler
 .text.HardFault_Handler
                0x080013ba        0x6 CMakeFiles/blackbox_v2_bootloader.dir/Core/Src/stm32f4xx_it.c.obj
                0x080013ba                HardFault_Handler
 .text.MemManage_Handler
                0x080013c0        0x6 CMakeFiles/blackbox_v2_bootloader.dir/Core/Src/stm32f4xx_it.c.obj
                0x080013c0                MemManage_Handler
 .text.BusFault_Handler
                0x080013c6        0x6 CMakeFiles/blackbox_v2_bootloader.dir/Core/Src/stm32f4xx_it.c.obj
                0x080013c6                BusFault_Handler
 .text.UsageFault_Handler
                0x080013cc        0x6 CMakeFiles/blackbox_v2_bootloader.dir/Core/Src/stm32f4xx_it.c.obj
                0x080013cc                UsageFault_Handler
 .text.SVC_Handler
                0x080013d2        0xe CMakeFiles/blackbox_v2_bootloader.dir/Core/Src/stm32f4xx_it.c.obj
                0x080013d2                SVC_Handler
 .text.DebugMon_Handler
                0x080013e0        0xe CMakeFiles/blackbox_v2_bootloader.dir/Core/Src/stm32f4xx_it.c.obj
                0x080013e0                DebugMon_Handler
 .text.PendSV_Handler
                0x080013ee        0xe CMakeFiles/blackbox_v2_bootloader.dir/Core/Src/stm32f4xx_it.c.obj
                0x080013ee                PendSV_Handler
 .text.SysTick_Handler
                0x080013fc        0xc CMakeFiles/blackbox_v2_bootloader.dir/Core/Src/stm32f4xx_it.c.obj
                0x080013fc                SysTick_Handler
 .text.RCC_IRQHandler
                0x08001408        0xe CMakeFiles/blackbox_v2_bootloader.dir/Core/Src/stm32f4xx_it.c.obj
                0x08001408                RCC_IRQHandler
 *fill*         0x08001416        0x2 
 .text.USART1_IRQHandler
                0x08001418       0x14 CMakeFiles/blackbox_v2_bootloader.dir/Core/Src/stm32f4xx_it.c.obj
                0x08001418                USART1_IRQHandler
 .text.HAL_MspInit
                0x0800142c       0x5c CMakeFiles/blackbox_v2_bootloader.dir/Core/Src/stm32f4xx_hal_msp.c.obj
                0x0800142c                HAL_MspInit
 .text.HAL_CRC_Init
                0x08001488       0x38 CMakeFiles/blackbox_v2_bootloader.dir/Drivers/STM32F4xx_HAL_Driver/Src/stm32f4xx_hal_crc.c.obj
                0x08001488                HAL_CRC_Init
 .text.HAL_RCC_OscConfig
                0x080014c0      0x4f0 CMakeFiles/blackbox_v2_bootloader.dir/Drivers/STM32F4xx_HAL_Driver/Src/stm32f4xx_hal_rcc.c.obj
                0x080014c0                HAL_RCC_OscConfig
 .text.HAL_RCC_ClockConfig
                0x080019b0      0x1cc CMakeFiles/blackbox_v2_bootloader.dir/Drivers/STM32F4xx_HAL_Driver/Src/stm32f4xx_hal_rcc.c.obj
                0x080019b0                HAL_RCC_ClockConfig
 .text.HAL_RCC_GetSysClockFreq
                0x08001b7c      0x20c CMakeFiles/blackbox_v2_bootloader.dir/Drivers/STM32F4xx_HAL_Driver/Src/stm32f4xx_hal_rcc.c.obj
                0x08001b7c                HAL_RCC_GetSysClockFreq
 .text.HAL_RCC_GetHCLKFreq
                0x08001d88       0x18 CMakeFiles/blackbox_v2_bootloader.dir/Drivers/STM32F4xx_HAL_Driver/Src/stm32f4xx_hal_rcc.c.obj
                0x08001d88                HAL_RCC_GetHCLKFreq
 .text.HAL_RCC_GetPCLK1Freq
                0x08001da0       0x28 CMakeFiles/blackbox_v2_bootloader.dir/Drivers/STM32F4xx_HAL_Driver/Src/stm32f4xx_hal_rcc.c.obj
                0x08001da0                HAL_RCC_GetPCLK1Freq
 .text.HAL_RCC_GetPCLK2Freq
                0x08001dc8       0x28 CMakeFiles/blackbox_v2_bootloader.dir/Drivers/STM32F4xx_HAL_Driver/Src/stm32f4xx_hal_rcc.c.obj
                0x08001dc8                HAL_RCC_GetPCLK2Freq
 .text.HAL_FLASH_Program
                0x08001df0       0xa4 CMakeFiles/blackbox_v2_bootloader.dir/Drivers/STM32F4xx_HAL_Driver/Src/stm32f4xx_hal_flash.c.obj
                0x08001df0                HAL_FLASH_Program
 .text.HAL_FLASH_Unlock
                0x08001e94       0x44 CMakeFiles/blackbox_v2_bootloader.dir/Drivers/STM32F4xx_HAL_Driver/Src/stm32f4xx_hal_flash.c.obj
                0x08001e94                HAL_FLASH_Unlock
 .text.HAL_FLASH_Lock
                0x08001ed8       0x20 CMakeFiles/blackbox_v2_bootloader.dir/Drivers/STM32F4xx_HAL_Driver/Src/stm32f4xx_hal_flash.c.obj
                0x08001ed8                HAL_FLASH_Lock
 .text.FLASH_WaitForLastOperation
                0x08001ef8       0x80 CMakeFiles/blackbox_v2_bootloader.dir/Drivers/STM32F4xx_HAL_Driver/Src/stm32f4xx_hal_flash.c.obj
                0x08001ef8                FLASH_WaitForLastOperation
 .text.FLASH_Program_DoubleWord
                0x08001f78       0x64 CMakeFiles/blackbox_v2_bootloader.dir/Drivers/STM32F4xx_HAL_Driver/Src/stm32f4xx_hal_flash.c.obj
 .text.FLASH_Program_Word
                0x08001fdc       0x44 CMakeFiles/blackbox_v2_bootloader.dir/Drivers/STM32F4xx_HAL_Driver/Src/stm32f4xx_hal_flash.c.obj
 .text.FLASH_Program_HalfWord
                0x08002020       0x48 CMakeFiles/blackbox_v2_bootloader.dir/Drivers/STM32F4xx_HAL_Driver/Src/stm32f4xx_hal_flash.c.obj
 .text.FLASH_Program_Byte
                0x08002068       0x44 CMakeFiles/blackbox_v2_bootloader.dir/Drivers/STM32F4xx_HAL_Driver/Src/stm32f4xx_hal_flash.c.obj
 .text.FLASH_SetErrorCode
                0x080020ac       0xcc CMakeFiles/blackbox_v2_bootloader.dir/Drivers/STM32F4xx_HAL_Driver/Src/stm32f4xx_hal_flash.c.obj
 .text.HAL_FLASHEx_Erase
                0x08002178       0xdc CMakeFiles/blackbox_v2_bootloader.dir/Drivers/STM32F4xx_HAL_Driver/Src/stm32f4xx_hal_flash_ex.c.obj
                0x08002178                HAL_FLASHEx_Erase
 .text.FLASH_MassErase
                0x08002254       0x48 CMakeFiles/blackbox_v2_bootloader.dir/Drivers/STM32F4xx_HAL_Driver/Src/stm32f4xx_hal_flash_ex.c.obj
 .text.FLASH_Erase_Sector
                0x0800229c       0x90 CMakeFiles/blackbox_v2_bootloader.dir/Drivers/STM32F4xx_HAL_Driver/Src/stm32f4xx_hal_flash_ex.c.obj
                0x0800229c                FLASH_Erase_Sector
 .text.FLASH_FlushCaches
                0x0800232c       0x8c CMakeFiles/blackbox_v2_bootloader.dir/Drivers/STM32F4xx_HAL_Driver/Src/stm32f4xx_hal_flash_ex.c.obj
                0x0800232c                FLASH_FlushCaches
 .text.HAL_GPIO_Init
                0x080023b8      0x308 CMakeFiles/blackbox_v2_bootloader.dir/Drivers/STM32F4xx_HAL_Driver/Src/stm32f4xx_hal_gpio.c.obj
                0x080023b8                HAL_GPIO_Init
 .text.HAL_GPIO_ReadPin
                0x080026c0       0x30 CMakeFiles/blackbox_v2_bootloader.dir/Drivers/STM32F4xx_HAL_Driver/Src/stm32f4xx_hal_gpio.c.obj
                0x080026c0                HAL_GPIO_ReadPin
 .text.HAL_DMA_Abort
                0x080026f0       0xe0 CMakeFiles/blackbox_v2_bootloader.dir/Drivers/STM32F4xx_HAL_Driver/Src/stm32f4xx_hal_dma.c.obj
                0x080026f0                HAL_DMA_Abort
 .text.HAL_DMA_Abort_IT
                0x080027d0       0x44 CMakeFiles/blackbox_v2_bootloader.dir/Drivers/STM32F4xx_HAL_Driver/Src/stm32f4xx_hal_dma.c.obj
                0x080027d0                HAL_DMA_Abort_IT
 .text.__NVIC_SetPriorityGrouping
                0x08002814       0x48 CMakeFiles/blackbox_v2_bootloader.dir/Drivers/STM32F4xx_HAL_Driver/Src/stm32f4xx_hal_cortex.c.obj
 .text.__NVIC_GetPriorityGrouping
                0x0800285c       0x1c CMakeFiles/blackbox_v2_bootloader.dir/Drivers/STM32F4xx_HAL_Driver/Src/stm32f4xx_hal_cortex.c.obj
 .text.__NVIC_EnableIRQ
                0x08002878       0x3c CMakeFiles/blackbox_v2_bootloader.dir/Drivers/STM32F4xx_HAL_Driver/Src/stm32f4xx_hal_cortex.c.obj
 .text.__NVIC_DisableIRQ
                0x080028b4       0x48 CMakeFiles/blackbox_v2_bootloader.dir/Drivers/STM32F4xx_HAL_Driver/Src/stm32f4xx_hal_cortex.c.obj
 .text.__NVIC_SetPriority
                0x080028fc       0x54 CMakeFiles/blackbox_v2_bootloader.dir/Drivers/STM32F4xx_HAL_Driver/Src/stm32f4xx_hal_cortex.c.obj
 .text.NVIC_EncodePriority
                0x08002950       0x66 CMakeFiles/blackbox_v2_bootloader.dir/Drivers/STM32F4xx_HAL_Driver/Src/stm32f4xx_hal_cortex.c.obj
 *fill*         0x080029b6        0x2 
 .text.SysTick_Config
                0x080029b8       0x44 CMakeFiles/blackbox_v2_bootloader.dir/Drivers/STM32F4xx_HAL_Driver/Src/stm32f4xx_hal_cortex.c.obj
 .text.HAL_NVIC_SetPriorityGrouping
                0x080029fc       0x16 CMakeFiles/blackbox_v2_bootloader.dir/Drivers/STM32F4xx_HAL_Driver/Src/stm32f4xx_hal_cortex.c.obj
                0x080029fc                HAL_NVIC_SetPriorityGrouping
 .text.HAL_NVIC_SetPriority
                0x08002a12       0x38 CMakeFiles/blackbox_v2_bootloader.dir/Drivers/STM32F4xx_HAL_Driver/Src/stm32f4xx_hal_cortex.c.obj
                0x08002a12                HAL_NVIC_SetPriority
 .text.HAL_NVIC_EnableIRQ
                0x08002a4a       0x1c CMakeFiles/blackbox_v2_bootloader.dir/Drivers/STM32F4xx_HAL_Driver/Src/stm32f4xx_hal_cortex.c.obj
                0x08002a4a                HAL_NVIC_EnableIRQ
 .text.HAL_NVIC_DisableIRQ
                0x08002a66       0x1c CMakeFiles/blackbox_v2_bootloader.dir/Drivers/STM32F4xx_HAL_Driver/Src/stm32f4xx_hal_cortex.c.obj
                0x08002a66                HAL_NVIC_DisableIRQ
 .text.HAL_SYSTICK_Config
                0x08002a82       0x18 CMakeFiles/blackbox_v2_bootloader.dir/Drivers/STM32F4xx_HAL_Driver/Src/stm32f4xx_hal_cortex.c.obj
                0x08002a82                HAL_SYSTICK_Config
 *fill*         0x08002a9a        0x2 
 .text.HAL_Init
                0x08002a9c       0x44 CMakeFiles/blackbox_v2_bootloader.dir/Drivers/STM32F4xx_HAL_Driver/Src/stm32f4xx_hal.c.obj
                0x08002a9c                HAL_Init
 .text.HAL_DeInit
                0x08002ae0       0x5c CMakeFiles/blackbox_v2_bootloader.dir/Drivers/STM32F4xx_HAL_Driver/Src/stm32f4xx_hal.c.obj
                0x08002ae0                HAL_DeInit
 .text.HAL_MspDeInit
                0x08002b3c        0xe CMakeFiles/blackbox_v2_bootloader.dir/Drivers/STM32F4xx_HAL_Driver/Src/stm32f4xx_hal.c.obj
                0x08002b3c                HAL_MspDeInit
 *fill*         0x08002b4a        0x2 
 .text.HAL_InitTick
                0x08002b4c       0x60 CMakeFiles/blackbox_v2_bootloader.dir/Drivers/STM32F4xx_HAL_Driver/Src/stm32f4xx_hal.c.obj
                0x08002b4c                HAL_InitTick
 .text.HAL_IncTick
                0x08002bac       0x28 CMakeFiles/blackbox_v2_bootloader.dir/Drivers/STM32F4xx_HAL_Driver/Src/stm32f4xx_hal.c.obj
                0x08002bac                HAL_IncTick
 .text.HAL_GetTick
                0x08002bd4       0x18 CMakeFiles/blackbox_v2_bootloader.dir/Drivers/STM32F4xx_HAL_Driver/Src/stm32f4xx_hal.c.obj
                0x08002bd4                HAL_GetTick
 .text.HAL_UART_Init
                0x08002bec       0xa0 CMakeFiles/blackbox_v2_bootloader.dir/Drivers/STM32F4xx_HAL_Driver/Src/stm32f4xx_hal_uart.c.obj
                0x08002bec                HAL_UART_Init
 .text.HAL_UART_Transmit
                0x08002c8c      0x116 CMakeFiles/blackbox_v2_bootloader.dir/Drivers/STM32F4xx_HAL_Driver/Src/stm32f4xx_hal_uart.c.obj
                0x08002c8c                HAL_UART_Transmit
 .text.HAL_UART_Receive_IT
                0x08002da2       0x4a CMakeFiles/blackbox_v2_bootloader.dir/Drivers/STM32F4xx_HAL_Driver/Src/stm32f4xx_hal_uart.c.obj
                0x08002da2                HAL_UART_Receive_IT
 .text.HAL_UART_IRQHandler
                0x08002dec      0x554 CMakeFiles/blackbox_v2_bootloader.dir/Drivers/STM32F4xx_HAL_Driver/Src/stm32f4xx_hal_uart.c.obj
                0x08002dec                HAL_UART_IRQHandler
 .text.HAL_UART_TxCpltCallback
                0x08003340       0x14 CMakeFiles/blackbox_v2_bootloader.dir/Drivers/STM32F4xx_HAL_Driver/Src/stm32f4xx_hal_uart.c.obj
                0x08003340                HAL_UART_TxCpltCallback
 .text.HAL_UART_ErrorCallback
                0x08003354       0x14 CMakeFiles/blackbox_v2_bootloader.dir/Drivers/STM32F4xx_HAL_Driver/Src/stm32f4xx_hal_uart.c.obj
                0x08003354                HAL_UART_ErrorCallback
 .text.HAL_UARTEx_RxEventCallback
                0x08003368       0x18 CMakeFiles/blackbox_v2_bootloader.dir/Drivers/STM32F4xx_HAL_Driver/Src/stm32f4xx_hal_uart.c.obj
                0x08003368                HAL_UARTEx_RxEventCallback
 .text.UART_WaitOnFlagUntilTimeout
                0x08003380       0xb2 CMakeFiles/blackbox_v2_bootloader.dir/Drivers/STM32F4xx_HAL_Driver/Src/stm32f4xx_hal_uart.c.obj
 .text.UART_Start_Receive_IT
                0x08003432       0x74 CMakeFiles/blackbox_v2_bootloader.dir/Drivers/STM32F4xx_HAL_Driver/Src/stm32f4xx_hal_uart.c.obj
                0x08003432                UART_Start_Receive_IT
 .text.UART_EndRxTransfer
                0x080034a6       0xc6 CMakeFiles/blackbox_v2_bootloader.dir/Drivers/STM32F4xx_HAL_Driver/Src/stm32f4xx_hal_uart.c.obj
 .text.UART_DMAAbortOnError
                0x0800356c       0x22 CMakeFiles/blackbox_v2_bootloader.dir/Drivers/STM32F4xx_HAL_Driver/Src/stm32f4xx_hal_uart.c.obj
 .text.UART_Transmit_IT
                0x0800358e       0xa0 CMakeFiles/blackbox_v2_bootloader.dir/Drivers/STM32F4xx_HAL_Driver/Src/stm32f4xx_hal_uart.c.obj
 .text.UART_EndTransmit_IT
                0x0800362e       0x30 CMakeFiles/blackbox_v2_bootloader.dir/Drivers/STM32F4xx_HAL_Driver/Src/stm32f4xx_hal_uart.c.obj
 .text.UART_Receive_IT
                0x0800365e      0x17c CMakeFiles/blackbox_v2_bootloader.dir/Drivers/STM32F4xx_HAL_Driver/Src/stm32f4xx_hal_uart.c.obj
 *fill*         0x080037da        0x2 
 .text.UART_SetConfig
                0x080037dc      0x4e8 CMakeFiles/blackbox_v2_bootloader.dir/Drivers/STM32F4xx_HAL_Driver/Src/stm32f4xx_hal_uart.c.obj
 .text.SystemInit
                0x08003cc4       0x24 CMakeFiles/blackbox_v2_bootloader.dir/Core/Src/system_stm32f4xx.c.obj
                0x08003cc4                SystemInit
 .text._sbrk    0x08003ce8       0x6c CMakeFiles/blackbox_v2_bootloader.dir/Core/Src/sysmem.c.obj
                0x08003ce8                _sbrk
 .text._read    0x08003d54       0x3a CMakeFiles/blackbox_v2_bootloader.dir/Core/Src/syscalls.c.obj
                0x08003d54                _read
 .text._write   0x08003d8e       0x38 CMakeFiles/blackbox_v2_bootloader.dir/Core/Src/syscalls.c.obj
                0x08003d8e                _write
 .text._close   0x08003dc6       0x18 CMakeFiles/blackbox_v2_bootloader.dir/Core/Src/syscalls.c.obj
                0x08003dc6                _close
 .text._fstat   0x08003dde       0x20 CMakeFiles/blackbox_v2_bootloader.dir/Core/Src/syscalls.c.obj
                0x08003dde                _fstat
 .text._isatty  0x08003dfe       0x16 CMakeFiles/blackbox_v2_bootloader.dir/Core/Src/syscalls.c.obj
                0x08003dfe                _isatty
 .text._lseek   0x08003e14       0x1a CMakeFiles/blackbox_v2_bootloader.dir/Core/Src/syscalls.c.obj
                0x08003e14                _lseek
 *fill*         0x08003e2e        0x2 
 .text.Reset_Handler
                0x08003e30       0x50 CMakeFiles/blackbox_v2_bootloader.dir/startup_stm32f411xe.s.obj
                0x08003e30                Reset_Handler
 .text.Default_Handler
                0x08003e80        0x2 CMakeFiles/blackbox_v2_bootloader.dir/startup_stm32f411xe.s.obj
                0x08003e80                RTC_Alarm_IRQHandler
                0x08003e80                EXTI2_IRQHandler
                0x08003e80                SPI4_IRQHandler
                0x08003e80                TIM1_CC_IRQHandler
                0x08003e80                DMA2_Stream5_IRQHandler
                0x08003e80                DMA1_Stream5_IRQHandler
                0x08003e80                PVD_IRQHandler
                0x08003e80                SDIO_IRQHandler
                0x08003e80                TAMP_STAMP_IRQHandler
                0x08003e80                EXTI3_IRQHandler
                0x08003e80                TIM1_UP_TIM10_IRQHandler
                0x08003e80                I2C3_ER_IRQHandler
                0x08003e80                EXTI0_IRQHandler
                0x08003e80                I2C2_EV_IRQHandler
                0x08003e80                DMA1_Stream2_IRQHandler
                0x08003e80                FPU_IRQHandler
                0x08003e80                DMA2_Stream2_IRQHandler
                0x08003e80                SPI1_IRQHandler
                0x08003e80                TIM1_BRK_TIM9_IRQHandler
                0x08003e80                DMA2_Stream3_IRQHandler
                0x08003e80                USART6_IRQHandler
                0x08003e80                DMA2_Stream0_IRQHandler
                0x08003e80                TIM4_IRQHandler
                0x08003e80                I2C1_EV_IRQHandler
                0x08003e80                DMA1_Stream6_IRQHandler
                0x08003e80                DMA1_Stream1_IRQHandler
                0x08003e80                TIM3_IRQHandler
                0x08003e80                Default_Handler
                0x08003e80                EXTI15_10_IRQHandler
                0x08003e80                ADC_IRQHandler
                0x08003e80                DMA1_Stream7_IRQHandler
                0x08003e80                SPI5_IRQHandler
                0x08003e80                TIM5_IRQHandler
                0x08003e80                DMA2_Stream7_IRQHandler
                0x08003e80                I2C3_EV_IRQHandler
                0x08003e80                EXTI9_5_IRQHandler
                0x08003e80                RTC_WKUP_IRQHandler
                0x08003e80                SPI2_IRQHandler
                0x08003e80                DMA1_Stream0_IRQHandler
                0x08003e80                EXTI4_IRQHandler
                0x08003e80                WWDG_IRQHandler
                0x08003e80                TIM2_IRQHandler
                0x08003e80                OTG_FS_WKUP_IRQHandler
                0x08003e80                TIM1_TRG_COM_TIM11_IRQHandler
                0x08003e80                EXTI1_IRQHandler
                0x08003e80                USART2_IRQHandler
                0x08003e80                I2C2_ER_IRQHandler
                0x08003e80                DMA2_Stream1_IRQHandler
                0x08003e80                FLASH_IRQHandler
                0x08003e80                DMA2_Stream4_IRQHandler
                0x08003e80                OTG_FS_IRQHandler
                0x08003e80                SPI3_IRQHandler
                0x08003e80                DMA1_Stream4_IRQHandler
                0x08003e80                I2C1_ER_IRQHandler
                0x08003e80                DMA2_Stream6_IRQHandler
                0x08003e80                DMA1_Stream3_IRQHandler
 *fill*         0x08003e82        0x2 
 .text.__errno  0x08003e84        0xc c:/tools/gcc-arm-none-eabi-10.3-2021.10/bin/../lib/gcc/arm-none-eabi/10.3.1/../../../../arm-none-eabi/lib/thumb/v7e-m+fp/hard\libg_nano.a(lib_a-errno.o)
                0x08003e84                __errno
 .text.memcpy   0x08003e90       0x1c c:/tools/gcc-arm-none-eabi-10.3-2021.10/bin/../lib/gcc/arm-none-eabi/10.3.1/../../../../arm-none-eabi/lib/thumb/v7e-m+fp/hard\libg_nano.a(lib_a-memcpy-stub.o)
                0x08003e90                memcpy
 .text.memmove  0x08003eac       0x34 c:/tools/gcc-arm-none-eabi-10.3-2021.10/bin/../lib/gcc/arm-none-eabi/10.3.1/../../../../arm-none-eabi/lib/thumb/v7e-m+fp/hard\libg_nano.a(lib_a-memmove.o)
                0x08003eac                memmove
 .text.printf   0x08003ee0       0x30 c:/tools/gcc-arm-none-eabi-10.3-2021.10/bin/../lib/gcc/arm-none-eabi/10.3.1/../../../../arm-none-eabi/lib/thumb/v7e-m+fp/hard\libg_nano.a(lib_a-printf.o)
                0x08003ee0                iprintf
                0x08003ee0                printf
 .text._puts_r  0x08003f10       0xdc c:/tools/gcc-arm-none-eabi-10.3-2021.10/bin/../lib/gcc/arm-none-eabi/10.3.1/../../../../arm-none-eabi/lib/thumb/v7e-m+fp/hard\libg_nano.a(lib_a-puts.o)
                0x08003f10                _puts_r
 .text.puts     0x08003fec       0x10 c:/tools/gcc-arm-none-eabi-10.3-2021.10/bin/../lib/gcc/arm-none-eabi/10.3.1/../../../../arm-none-eabi/lib/thumb/v7e-m+fp/hard\libg_nano.a(lib_a-puts.o)
                0x08003fec                puts
 .text.__swbuf_r
                0x08003ffc       0xa4 c:/tools/gcc-arm-none-eabi-10.3-2021.10/bin/../lib/gcc/arm-none-eabi/10.3.1/../../../../arm-none-eabi/lib/thumb/v7e-m+fp/hard\libg_nano.a(lib_a-wbuf.o)
                0x08003ffc                __swbuf_r
 .text.__swsetup_r
                0x080040a0       0xdc c:/tools/gcc-arm-none-eabi-10.3-2021.10/bin/../lib/gcc/arm-none-eabi/10.3.1/../../../../arm-none-eabi/lib/thumb/v7e-m+fp/hard\libg_nano.a(lib_a-wsetup.o)
                0x080040a0                __swsetup_r
 .text.__sflush_r
                0x0800417c      0x10c c:/tools/gcc-arm-none-eabi-10.3-2021.10/bin/../lib/gcc/arm-none-eabi/10.3.1/../../../../arm-none-eabi/lib/thumb/v7e-m+fp/hard\libg_nano.a(lib_a-fflush.o)
                0x0800417c                __sflush_r
 .text._fflush_r
                0x08004288       0x78 c:/tools/gcc-arm-none-eabi-10.3-2021.10/bin/../lib/gcc/arm-none-eabi/10.3.1/../../../../arm-none-eabi/lib/thumb/v7e-m+fp/hard\libg_nano.a(lib_a-fflush.o)
                0x08004288                _fflush_r
 .text.std      0x08004300       0x48 c:/tools/gcc-arm-none-eabi-10.3-2021.10/bin/../lib/gcc/arm-none-eabi/10.3.1/../../../../arm-none-eabi/lib/thumb/v7e-m+fp/hard\libg_nano.a(lib_a-findfp.o)
 .text._cleanup_r
                0x08004348        0xc c:/tools/gcc-arm-none-eabi-10.3-2021.10/bin/../lib/gcc/arm-none-eabi/10.3.1/../../../../arm-none-eabi/lib/thumb/v7e-m+fp/hard\libg_nano.a(lib_a-findfp.o)
                0x08004348                _cleanup_r
 .text.__sfmoreglue
                0x08004354       0x2c c:/tools/gcc-arm-none-eabi-10.3-2021.10/bin/../lib/gcc/arm-none-eabi/10.3.1/../../../../arm-none-eabi/lib/thumb/v7e-m+fp/hard\libg_nano.a(lib_a-findfp.o)
                0x08004354                __sfmoreglue
 .text.__sfp_lock_acquire
                0x08004380        0xc c:/tools/gcc-arm-none-eabi-10.3-2021.10/bin/../lib/gcc/arm-none-eabi/10.3.1/../../../../arm-none-eabi/lib/thumb/v7e-m+fp/hard\libg_nano.a(lib_a-findfp.o)
                0x08004380                __sfp_lock_acquire
 .text.__sfp_lock_release
                0x0800438c        0xc c:/tools/gcc-arm-none-eabi-10.3-2021.10/bin/../lib/gcc/arm-none-eabi/10.3.1/../../../../arm-none-eabi/lib/thumb/v7e-m+fp/hard\libg_nano.a(lib_a-findfp.o)
                0x0800438c                __sfp_lock_release
 .text.__sinit_lock_acquire
                0x08004398        0xc c:/tools/gcc-arm-none-eabi-10.3-2021.10/bin/../lib/gcc/arm-none-eabi/10.3.1/../../../../arm-none-eabi/lib/thumb/v7e-m+fp/hard\libg_nano.a(lib_a-findfp.o)
                0x08004398                __sinit_lock_acquire
 .text.__sinit_lock_release
                0x080043a4        0xc c:/tools/gcc-arm-none-eabi-10.3-2021.10/bin/../lib/gcc/arm-none-eabi/10.3.1/../../../../arm-none-eabi/lib/thumb/v7e-m+fp/hard\libg_nano.a(lib_a-findfp.o)
                0x080043a4                __sinit_lock_release
 .text.__sinit  0x080043b0       0x70 c:/tools/gcc-arm-none-eabi-10.3-2021.10/bin/../lib/gcc/arm-none-eabi/10.3.1/../../../../arm-none-eabi/lib/thumb/v7e-m+fp/hard\libg_nano.a(lib_a-findfp.o)
                0x080043b0                __sinit
 .text.__sfp    0x08004420       0x8c c:/tools/gcc-arm-none-eabi-10.3-2021.10/bin/../lib/gcc/arm-none-eabi/10.3.1/../../../../arm-none-eabi/lib/thumb/v7e-m+fp/hard\libg_nano.a(lib_a-findfp.o)
                0x08004420                __sfp
 .text._fwalk_reent
                0x080044ac       0x3e c:/tools/gcc-arm-none-eabi-10.3-2021.10/bin/../lib/gcc/arm-none-eabi/10.3.1/../../../../arm-none-eabi/lib/thumb/v7e-m+fp/hard\libg_nano.a(lib_a-fwalk.o)
                0x080044ac                _fwalk_reent
 .text.__retarget_lock_init_recursive
                0x080044ea        0x2 c:/tools/gcc-arm-none-eabi-10.3-2021.10/bin/../lib/gcc/arm-none-eabi/10.3.1/../../../../arm-none-eabi/lib/thumb/v7e-m+fp/hard\libg_nano.a(lib_a-lock.o)
                0x080044ea                __retarget_lock_init_recursive
 .text.__retarget_lock_acquire_recursive
                0x080044ec        0x2 c:/tools/gcc-arm-none-eabi-10.3-2021.10/bin/../lib/gcc/arm-none-eabi/10.3.1/../../../../arm-none-eabi/lib/thumb/v7e-m+fp/hard\libg_nano.a(lib_a-lock.o)
                0x080044ec                __retarget_lock_acquire_recursive
 .text.__retarget_lock_release_recursive
                0x080044ee        0x2 c:/tools/gcc-arm-none-eabi-10.3-2021.10/bin/../lib/gcc/arm-none-eabi/10.3.1/../../../../arm-none-eabi/lib/thumb/v7e-m+fp/hard\libg_nano.a(lib_a-lock.o)
                0x080044ee                __retarget_lock_release_recursive
 .text.__swhatbuf_r
                0x080044f0       0x4a c:/tools/gcc-arm-none-eabi-10.3-2021.10/bin/../lib/gcc/arm-none-eabi/10.3.1/../../../../arm-none-eabi/lib/thumb/v7e-m+fp/hard\libg_nano.a(lib_a-makebuf.o)
                0x080044f0                __swhatbuf_r
 *fill*         0x0800453a        0x2 
 .text.__smakebuf_r
                0x0800453c       0x80 c:/tools/gcc-arm-none-eabi-10.3-2021.10/bin/../lib/gcc/arm-none-eabi/10.3.1/../../../../arm-none-eabi/lib/thumb/v7e-m+fp/hard\libg_nano.a(lib_a-makebuf.o)
                0x0800453c                __smakebuf_r
 .text._free_r  0x080045bc       0x98 c:/tools/gcc-arm-none-eabi-10.3-2021.10/bin/../lib/gcc/arm-none-eabi/10.3.1/../../../../arm-none-eabi/lib/thumb/v7e-m+fp/hard\libg_nano.a(lib_a-nano-freer.o)
                0x080045bc                _free_r
 .text.sbrk_aligned
                0x08004654       0x40 c:/tools/gcc-arm-none-eabi-10.3-2021.10/bin/../lib/gcc/arm-none-eabi/10.3.1/../../../../arm-none-eabi/lib/thumb/v7e-m+fp/hard\libg_nano.a(lib_a-nano-mallocr.o)
 .text._malloc_r
                0x08004694       0xe8 c:/tools/gcc-arm-none-eabi-10.3-2021.10/bin/../lib/gcc/arm-none-eabi/10.3.1/../../../../arm-none-eabi/lib/thumb/v7e-m+fp/hard\libg_nano.a(lib_a-nano-mallocr.o)
                0x08004694                _malloc_r
 .text.__sfputc_r
                0x0800477c       0x2e c:/tools/gcc-arm-none-eabi-10.3-2021.10/bin/../lib/gcc/arm-none-eabi/10.3.1/../../../../arm-none-eabi/lib/thumb/v7e-m+fp/hard\libg_nano.a(lib_a-nano-vfprintf.o)
 .text.__sfputs_r
                0x080047aa       0x24 c:/tools/gcc-arm-none-eabi-10.3-2021.10/bin/../lib/gcc/arm-none-eabi/10.3.1/../../../../arm-none-eabi/lib/thumb/v7e-m+fp/hard\libg_nano.a(lib_a-nano-vfprintf.o)
                0x080047aa                __sfputs_r
 *fill*         0x080047ce        0x2 
 .text._vfprintf_r
                0x080047d0      0x260 c:/tools/gcc-arm-none-eabi-10.3-2021.10/bin/../lib/gcc/arm-none-eabi/10.3.1/../../../../arm-none-eabi/lib/thumb/v7e-m+fp/hard\libg_nano.a(lib_a-nano-vfprintf.o)
                0x080047d0                _vfprintf_r
                0x080047d0                _vfiprintf_r
 .text._printf_common
                0x08004a30       0xda c:/tools/gcc-arm-none-eabi-10.3-2021.10/bin/../lib/gcc/arm-none-eabi/10.3.1/../../../../arm-none-eabi/lib/thumb/v7e-m+fp/hard\libg_nano.a(lib_a-nano-vfprintf_i.o)
                0x08004a30                _printf_common
 *fill*         0x08004b0a        0x2 
 .text._printf_i
                0x08004b0c      0x24c c:/tools/gcc-arm-none-eabi-10.3-2021.10/bin/../lib/gcc/arm-none-eabi/10.3.1/../../../../arm-none-eabi/lib/thumb/v7e-m+fp/hard\libg_nano.a(lib_a-nano-vfprintf_i.o)
                0x08004b0c                _printf_i
 .text._sbrk_r  0x08004d58       0x20 c:/tools/gcc-arm-none-eabi-10.3-2021.10/bin/../lib/gcc/arm-none-eabi/10.3.1/../../../../arm-none-eabi/lib/thumb/v7e-m+fp/hard\libg_nano.a(lib_a-sbrkr.o)
                0x08004d58                _sbrk_r
 .text.__sread  0x08004d78       0x22 c:/tools/gcc-arm-none-eabi-10.3-2021.10/bin/../lib/gcc/arm-none-eabi/10.3.1/../../../../arm-none-eabi/lib/thumb/v7e-m+fp/hard\libg_nano.a(lib_a-stdio.o)
                0x08004d78                __sread
 .text.__swrite
                0x08004d9a       0x38 c:/tools/gcc-arm-none-eabi-10.3-2021.10/bin/../lib/gcc/arm-none-eabi/10.3.1/../../../../arm-none-eabi/lib/thumb/v7e-m+fp/hard\libg_nano.a(lib_a-stdio.o)
                0x08004d9a                __swrite
 .text.__sseek  0x08004dd2       0x24 c:/tools/gcc-arm-none-eabi-10.3-2021.10/bin/../lib/gcc/arm-none-eabi/10.3.1/../../../../arm-none-eabi/lib/thumb/v7e-m+fp/hard\libg_nano.a(lib_a-stdio.o)
                0x08004dd2                __sseek
 .text.__sclose
                0x08004df6        0x8 c:/tools/gcc-arm-none-eabi-10.3-2021.10/bin/../lib/gcc/arm-none-eabi/10.3.1/../../../../arm-none-eabi/lib/thumb/v7e-m+fp/hard\libg_nano.a(lib_a-stdio.o)
                0x08004df6                __sclose
 *fill*         0x08004dfe        0x2 
 .text._write_r
                0x08004e00       0x24 c:/tools/gcc-arm-none-eabi-10.3-2021.10/bin/../lib/gcc/arm-none-eabi/10.3.1/../../../../arm-none-eabi/lib/thumb/v7e-m+fp/hard\libg_nano.a(lib_a-writer.o)
                0x08004e00                _write_r
 .text._close_r
                0x08004e24       0x20 c:/tools/gcc-arm-none-eabi-10.3-2021.10/bin/../lib/gcc/arm-none-eabi/10.3.1/../../../../arm-none-eabi/lib/thumb/v7e-m+fp/hard\libg_nano.a(lib_a-closer.o)
                0x08004e24                _close_r
 .text._fstat_r
                0x08004e44       0x24 c:/tools/gcc-arm-none-eabi-10.3-2021.10/bin/../lib/gcc/arm-none-eabi/10.3.1/../../../../arm-none-eabi/lib/thumb/v7e-m+fp/hard\libg_nano.a(lib_a-fstatr.o)
                0x08004e44                _fstat_r
 .text._isatty_r
                0x08004e68       0x20 c:/tools/gcc-arm-none-eabi-10.3-2021.10/bin/../lib/gcc/arm-none-eabi/10.3.1/../../../../arm-none-eabi/lib/thumb/v7e-m+fp/hard\libg_nano.a(lib_a-isattyr.o)
                0x08004e68                _isatty_r
 .text._lseek_r
                0x08004e88       0x24 c:/tools/gcc-arm-none-eabi-10.3-2021.10/bin/../lib/gcc/arm-none-eabi/10.3.1/../../../../arm-none-eabi/lib/thumb/v7e-m+fp/hard\libg_nano.a(lib_a-lseekr.o)
                0x08004e88                _lseek_r
 .text.__malloc_lock
                0x08004eac        0xc c:/tools/gcc-arm-none-eabi-10.3-2021.10/bin/../lib/gcc/arm-none-eabi/10.3.1/../../../../arm-none-eabi/lib/thumb/v7e-m+fp/hard\libg_nano.a(lib_a-mlock.o)
                0x08004eac                __malloc_lock
 .text.__malloc_unlock
                0x08004eb8        0xc c:/tools/gcc-arm-none-eabi-10.3-2021.10/bin/../lib/gcc/arm-none-eabi/10.3.1/../../../../arm-none-eabi/lib/thumb/v7e-m+fp/hard\libg_nano.a(lib_a-mlock.o)
                0x08004eb8                __malloc_unlock
 .text._read_r  0x08004ec4       0x24 c:/tools/gcc-arm-none-eabi-10.3-2021.10/bin/../lib/gcc/arm-none-eabi/10.3.1/../../../../arm-none-eabi/lib/thumb/v7e-m+fp/hard\libg_nano.a(lib_a-readr.o)
                0x08004ec4                _read_r
 *(.glue_7)
 .glue_7        0x08004ee8        0x0 linker stubs
 *(.glue_7t)
 .glue_7t       0x08004ee8        0x0 linker stubs
 *(.eh_frame)
 .eh_frame      0x08004ee8        0x0 c:/tools/gcc-arm-none-eabi-10.3-2021.10/bin/../lib/gcc/arm-none-eabi/10.3.1/thumb/v7e-m+fp/hard/crtbegin.o
 *(.init)
 .init          0x08004ee8        0x4 c:/tools/gcc-arm-none-eabi-10.3-2021.10/bin/../lib/gcc/arm-none-eabi/10.3.1/thumb/v7e-m+fp/hard/crti.o
                0x08004ee8                _init
 .init          0x08004eec        0x8 c:/tools/gcc-arm-none-eabi-10.3-2021.10/bin/../lib/gcc/arm-none-eabi/10.3.1/thumb/v7e-m+fp/hard/crtn.o
 *(.fini)
 .fini          0x08004ef4        0x4 c:/tools/gcc-arm-none-eabi-10.3-2021.10/bin/../lib/gcc/arm-none-eabi/10.3.1/thumb/v7e-m+fp/hard/crti.o
                0x08004ef4                _fini
 .fini          0x08004ef8        0x8 c:/tools/gcc-arm-none-eabi-10.3-2021.10/bin/../lib/gcc/arm-none-eabi/10.3.1/thumb/v7e-m+fp/hard/crtn.o
                0x08004f00                . = ALIGN (0x4)
                0x08004f00                _etext = .

.vfp11_veneer   0x08004f00        0x0
 .vfp11_veneer  0x08004f00        0x0 linker stubs

.v4_bx          0x08004f00        0x0
 .v4_bx         0x08004f00        0x0 linker stubs

.iplt           0x08004f00        0x0
 .iplt          0x08004f00        0x0 c:/tools/gcc-arm-none-eabi-10.3-2021.10/bin/../lib/gcc/arm-none-eabi/10.3.1/thumb/v7e-m+fp/hard/crtbegin.o

.rodata         0x08004f00      0x264
                0x08004f00                . = ALIGN (0x4)
 *(.rodata)
 .rodata        0x08004f00      0x187 CMakeFiles/blackbox_v2_bootloader.dir/fh_bootloader/fh_bootloader.c.obj
 *fill*         0x08005087        0x1 
 .rodata        0x08005088       0x18 CMakeFiles/blackbox_v2_bootloader.dir/Core/Src/main.c.obj
 *(.rodata*)
 .rodata._global_impure_ptr
                0x080050a0        0x4 c:/tools/gcc-arm-none-eabi-10.3-2021.10/bin/../lib/gcc/arm-none-eabi/10.3.1/../../../../arm-none-eabi/lib/thumb/v7e-m+fp/hard\libc_nano.a(lib_a-impure.o)
                0x080050a0                _global_impure_ptr
 .rodata.state_handlers
                0x080050a4       0x14 CMakeFiles/blackbox_v2_bootloader.dir/fh_stream/fh_stream.c.obj
 .rodata.AHBPrescTable
                0x080050b8       0x10 CMakeFiles/blackbox_v2_bootloader.dir/Core/Src/system_stm32f4xx.c.obj
                0x080050b8                AHBPrescTable
 .rodata.APBPrescTable
                0x080050c8        0x8 CMakeFiles/blackbox_v2_bootloader.dir/Core/Src/system_stm32f4xx.c.obj
                0x080050c8                APBPrescTable
 .rodata.__sf_fake_stderr
                0x080050d0       0x20 c:/tools/gcc-arm-none-eabi-10.3-2021.10/bin/../lib/gcc/arm-none-eabi/10.3.1/../../../../arm-none-eabi/lib/thumb/v7e-m+fp/hard\libg_nano.a(lib_a-findfp.o)
                0x080050d0                __sf_fake_stderr
 .rodata.__sf_fake_stdin
                0x080050f0       0x20 c:/tools/gcc-arm-none-eabi-10.3-2021.10/bin/../lib/gcc/arm-none-eabi/10.3.1/../../../../arm-none-eabi/lib/thumb/v7e-m+fp/hard\libg_nano.a(lib_a-findfp.o)
                0x080050f0                __sf_fake_stdin
 .rodata.__sf_fake_stdout
                0x08005110       0x20 c:/tools/gcc-arm-none-eabi-10.3-2021.10/bin/../lib/gcc/arm-none-eabi/10.3.1/../../../../arm-none-eabi/lib/thumb/v7e-m+fp/hard\libg_nano.a(lib_a-findfp.o)
                0x08005110                __sf_fake_stdout
 .rodata._vfprintf_r.str1.1
                0x08005130       0x11 c:/tools/gcc-arm-none-eabi-10.3-2021.10/bin/../lib/gcc/arm-none-eabi/10.3.1/../../../../arm-none-eabi/lib/thumb/v7e-m+fp/hard\libg_nano.a(lib_a-nano-vfprintf.o)
 .rodata._printf_i.str1.1
                0x08005141       0x22 c:/tools/gcc-arm-none-eabi-10.3-2021.10/bin/../lib/gcc/arm-none-eabi/10.3.1/../../../../arm-none-eabi/lib/thumb/v7e-m+fp/hard\libg_nano.a(lib_a-nano-vfprintf_i.o)
                0x08005164                . = ALIGN (0x4)
 *fill*         0x08005163        0x1 

.ARM.extab
 *(.ARM.extab* .gnu.linkonce.armextab.*)

.ARM            0x08005164        0x8
                0x08005164                __exidx_start = .
 *(.ARM.exidx*)
 .ARM.exidx     0x08005164        0x8 c:/tools/gcc-arm-none-eabi-10.3-2021.10/bin/../lib/gcc/arm-none-eabi/10.3.1/thumb/v7e-m+fp/hard\libgcc.a(_udivmoddi4.o)
                0x0800516c                __exidx_end = .

.rel.dyn        0x0800516c        0x0
 .rel.iplt      0x0800516c        0x0 c:/tools/gcc-arm-none-eabi-10.3-2021.10/bin/../lib/gcc/arm-none-eabi/10.3.1/thumb/v7e-m+fp/hard/crtbegin.o

.preinit_array  0x0800516c        0x0
                0x0800516c                PROVIDE (__preinit_array_start = .)
 *(.preinit_array*)
                0x0800516c                PROVIDE (__preinit_array_end = .)

.init_array     0x0800516c        0x4
                0x0800516c                PROVIDE (__init_array_start = .)
 *(SORT_BY_NAME(.init_array.*))
 *(.init_array*)
 .init_array    0x0800516c        0x4 c:/tools/gcc-arm-none-eabi-10.3-2021.10/bin/../lib/gcc/arm-none-eabi/10.3.1/thumb/v7e-m+fp/hard/crtbegin.o
                0x08005170                PROVIDE (__init_array_end = .)

.fini_array     0x08005170        0x4
                [!provide]                PROVIDE (__fini_array_start = .)
 *(SORT_BY_NAME(.fini_array.*))
 *(.fini_array*)
 .fini_array    0x08005170        0x4 c:/tools/gcc-arm-none-eabi-10.3-2021.10/bin/../lib/gcc/arm-none-eabi/10.3.1/thumb/v7e-m+fp/hard/crtbegin.o
                [!provide]                PROVIDE (__fini_array_end = .)
                0x08005174                _sidata = LOADADDR (.data)

.data           0x20000000      0x498 load address 0x08005174
                0x20000000                . = ALIGN (0x4)
                0x20000000                _sdata = .
 *(.data)
 *(.data*)
 .data._impure_ptr
                0x20000000        0x4 c:/tools/gcc-arm-none-eabi-10.3-2021.10/bin/../lib/gcc/arm-none-eabi/10.3.1/../../../../arm-none-eabi/lib/thumb/v7e-m+fp/hard\libc_nano.a(lib_a-impure.o)
                0x20000000                _impure_ptr
 .data.impure_data
                0x20000004       0x60 c:/tools/gcc-arm-none-eabi-10.3-2021.10/bin/../lib/gcc/arm-none-eabi/10.3.1/../../../../arm-none-eabi/lib/thumb/v7e-m+fp/hard\libc_nano.a(lib_a-impure.o)
 .data.flash_write_ptr
                0x20000064        0x4 CMakeFiles/blackbox_v2_bootloader.dir/fh_bootloader/fh_bootloader.c.obj
 .data.rx_context
                0x20000068        0x4 CMakeFiles/blackbox_v2_bootloader.dir/fh_stream/fh_stream.c.obj
 .data.crc32_tab
                0x2000006c      0x400 CMakeFiles/blackbox_v2_bootloader.dir/fh_sw_crc/fh_sw_crc.c.obj
 .data.pFlash   0x2000046c       0x20 CMakeFiles/blackbox_v2_bootloader.dir/Drivers/STM32F4xx_HAL_Driver/Src/stm32f4xx_hal_flash.c.obj
                0x2000046c                pFlash
 .data.uwTickPrio
                0x2000048c        0x4 CMakeFiles/blackbox_v2_bootloader.dir/Drivers/STM32F4xx_HAL_Driver/Src/stm32f4xx_hal.c.obj
                0x2000048c                uwTickPrio
 .data.uwTickFreq
                0x20000490        0x1 CMakeFiles/blackbox_v2_bootloader.dir/Drivers/STM32F4xx_HAL_Driver/Src/stm32f4xx_hal.c.obj
                0x20000490                uwTickFreq
 *fill*         0x20000491        0x3 
 .data.SystemCoreClock
                0x20000494        0x4 CMakeFiles/blackbox_v2_bootloader.dir/Core/Src/system_stm32f4xx.c.obj
                0x20000494                SystemCoreClock
                0x20000498                . = ALIGN (0x4)
                0x20000498                _edata = .

.igot.plt       0x20000498        0x0 load address 0x0800560c
 .igot.plt      0x20000498        0x0 c:/tools/gcc-arm-none-eabi-10.3-2021.10/bin/../lib/gcc/arm-none-eabi/10.3.1/thumb/v7e-m+fp/hard/crtbegin.o
                0x20000498                . = ALIGN (0x4)

.bss            0x20000498      0x6a8 load address 0x0800560c
                0x20000498                _sbss = .
                0x20000498                __bss_start__ = _sbss
 *(.bss)
 .bss           0x20000498       0x1c c:/tools/gcc-arm-none-eabi-10.3-2021.10/bin/../lib/gcc/arm-none-eabi/10.3.1/thumb/v7e-m+fp/hard/crtbegin.o
 *(.bss*)
 .bss.Uart1_RingBuff
                0x200004b4      0x106 CMakeFiles/blackbox_v2_bootloader.dir/fh_bootloader/fh_bootloader.c.obj
                0x200004b4                Uart1_RingBuff
 .bss.rxbuf_u1  0x200005ba        0x1 CMakeFiles/blackbox_v2_bootloader.dir/fh_bootloader/fh_bootloader.c.obj
                0x200005ba                rxbuf_u1
 *fill*         0x200005bb        0x1 
 .bss.write_buff
                0x200005bc      0x400 CMakeFiles/blackbox_v2_bootloader.dir/fh_bootloader/fh_bootloader.c.obj
 .bss.write_ptr
                0x200009bc        0x2 CMakeFiles/blackbox_v2_bootloader.dir/fh_bootloader/fh_bootloader.c.obj
 *fill*         0x200009be        0x2 
 .bss.pack_id   0x200009c0        0x4 CMakeFiles/blackbox_v2_bootloader.dir/fh_bootloader/fh_bootloader.c.obj
 .bss.fh_stream_crc
                0x200009c4        0x4 CMakeFiles/blackbox_v2_bootloader.dir/fh_stream/fh_stream.c.obj
 .bss.fream_buff
                0x200009c8      0x10c CMakeFiles/blackbox_v2_bootloader.dir/fh_stream/fh_stream.c.obj
 .bss.crc_idx.0
                0x20000ad4        0x4 CMakeFiles/blackbox_v2_bootloader.dir/fh_stream/fh_stream.c.obj
 .bss.hcrc      0x20000ad8        0x8 CMakeFiles/blackbox_v2_bootloader.dir/Core/Src/crc.c.obj
                0x20000ad8                hcrc
 .bss.huart1    0x20000ae0       0x48 CMakeFiles/blackbox_v2_bootloader.dir/Core/Src/usart.c.obj
                0x20000ae0                huart1
 .bss.uwTick    0x20000b28        0x4 CMakeFiles/blackbox_v2_bootloader.dir/Drivers/STM32F4xx_HAL_Driver/Src/stm32f4xx_hal.c.obj
                0x20000b28                uwTick
 .bss.__sbrk_heap_end
                0x20000b2c        0x4 CMakeFiles/blackbox_v2_bootloader.dir/Core/Src/sysmem.c.obj
 .bss.__lock___malloc_recursive_mutex
                0x20000b30        0x1 c:/tools/gcc-arm-none-eabi-10.3-2021.10/bin/../lib/gcc/arm-none-eabi/10.3.1/../../../../arm-none-eabi/lib/thumb/v7e-m+fp/hard\libg_nano.a(lib_a-lock.o)
                0x20000b30                __lock___malloc_recursive_mutex
 .bss.__lock___sfp_recursive_mutex
                0x20000b31        0x1 c:/tools/gcc-arm-none-eabi-10.3-2021.10/bin/../lib/gcc/arm-none-eabi/10.3.1/../../../../arm-none-eabi/lib/thumb/v7e-m+fp/hard\libg_nano.a(lib_a-lock.o)
                0x20000b31                __lock___sfp_recursive_mutex
 .bss.__lock___sinit_recursive_mutex
                0x20000b32        0x1 c:/tools/gcc-arm-none-eabi-10.3-2021.10/bin/../lib/gcc/arm-none-eabi/10.3.1/../../../../arm-none-eabi/lib/thumb/v7e-m+fp/hard\libg_nano.a(lib_a-lock.o)
                0x20000b32                __lock___sinit_recursive_mutex
 *fill*         0x20000b33        0x1 
 .bss.__malloc_free_list
                0x20000b34        0x4 c:/tools/gcc-arm-none-eabi-10.3-2021.10/bin/../lib/gcc/arm-none-eabi/10.3.1/../../../../arm-none-eabi/lib/thumb/v7e-m+fp/hard\libg_nano.a(lib_a-nano-mallocr.o)
                0x20000b34                __malloc_free_list
 .bss.__malloc_sbrk_start
                0x20000b38        0x4 c:/tools/gcc-arm-none-eabi-10.3-2021.10/bin/../lib/gcc/arm-none-eabi/10.3.1/../../../../arm-none-eabi/lib/thumb/v7e-m+fp/hard\libg_nano.a(lib_a-nano-mallocr.o)
                0x20000b38                __malloc_sbrk_start
 .bss.errno     0x20000b3c        0x4 c:/tools/gcc-arm-none-eabi-10.3-2021.10/bin/../lib/gcc/arm-none-eabi/10.3.1/../../../../arm-none-eabi/lib/thumb/v7e-m+fp/hard\libg_nano.a(lib_a-reent.o)
                0x20000b3c                errno
 *(COMMON)
                0x20000b40                . = ALIGN (0x4)
                0x20000b40                _ebss = .
                0x20000b40                __bss_end__ = _ebss

._user_heap_stack
                0x20000b40     0x1600 load address 0x0800560c
                0x20000b40                . = ALIGN (0x8)
                [!provide]                PROVIDE (end = .)
                0x20000b40                PROVIDE (_end = .)
                0x20000d40                . = (. + _Min_Heap_Size)
 *fill*         0x20000b40      0x200 
                0x20002140                . = (. + _Min_Stack_Size)
 *fill*         0x20000d40     0x1400 
                0x20002140                . = ALIGN (0x8)

/DISCARD/
 libc.a(*)
 libm.a(*)
 libgcc.a(*)
OUTPUT(blackbox_v2_bootloader.elf elf32-littlearm)
LOAD linker stubs
LOAD c:/tools/gcc-arm-none-eabi-10.3-2021.10/bin/../lib/gcc/arm-none-eabi/10.3.1/../../../../arm-none-eabi/lib/thumb/v7e-m+fp/hard\libc.a
LOAD c:/tools/gcc-arm-none-eabi-10.3-2021.10/bin/../lib/gcc/arm-none-eabi/10.3.1/../../../../arm-none-eabi/lib/thumb/v7e-m+fp/hard\libm.a
LOAD c:/tools/gcc-arm-none-eabi-10.3-2021.10/bin/../lib/gcc/arm-none-eabi/10.3.1/thumb/v7e-m+fp/hard\libgcc.a

.ARM.attributes
                0x00000000       0x30
 .ARM.attributes
                0x00000000       0x1e c:/tools/gcc-arm-none-eabi-10.3-2021.10/bin/../lib/gcc/arm-none-eabi/10.3.1/thumb/v7e-m+fp/hard/crti.o
 .ARM.attributes
                0x0000001e       0x34 c:/tools/gcc-arm-none-eabi-10.3-2021.10/bin/../lib/gcc/arm-none-eabi/10.3.1/thumb/v7e-m+fp/hard/crtbegin.o
 .ARM.attributes
                0x00000052       0x34 c:/tools/gcc-arm-none-eabi-10.3-2021.10/bin/../lib/gcc/arm-none-eabi/10.3.1/../../../../arm-none-eabi/lib/thumb/v7e-m+fp/hard\libc_nano.a(lib_a-impure.o)
 .ARM.attributes
                0x00000086       0x34 c:/tools/gcc-arm-none-eabi-10.3-2021.10/bin/../lib/gcc/arm-none-eabi/10.3.1/../../../../arm-none-eabi/lib/thumb/v7e-m+fp/hard\libc_nano.a(lib_a-init.o)
 .ARM.attributes
                0x000000ba       0x34 c:/tools/gcc-arm-none-eabi-10.3-2021.10/bin/../lib/gcc/arm-none-eabi/10.3.1/../../../../arm-none-eabi/lib/thumb/v7e-m+fp/hard\libc_nano.a(lib_a-memset.o)
 .ARM.attributes
                0x000000ee       0x34 CMakeFiles/blackbox_v2_bootloader.dir/fh_bootloader/fh_bootloader.c.obj
 .ARM.attributes
                0x00000122       0x34 CMakeFiles/blackbox_v2_bootloader.dir/fh_ringbuff/ringbuff.c.obj
 .ARM.attributes
                0x00000156       0x34 CMakeFiles/blackbox_v2_bootloader.dir/fh_stream/fh_stream.c.obj
 .ARM.attributes
                0x0000018a       0x34 CMakeFiles/blackbox_v2_bootloader.dir/fh_sw_crc/fh_sw_crc.c.obj
 .ARM.attributes
                0x000001be       0x34 CMakeFiles/blackbox_v2_bootloader.dir/Core/Src/main.c.obj
 .ARM.attributes
                0x000001f2       0x34 CMakeFiles/blackbox_v2_bootloader.dir/Core/Src/gpio.c.obj
 .ARM.attributes
                0x00000226       0x34 CMakeFiles/blackbox_v2_bootloader.dir/Core/Src/crc.c.obj
 .ARM.attributes
                0x0000025a       0x34 CMakeFiles/blackbox_v2_bootloader.dir/Core/Src/usart.c.obj
 .ARM.attributes
                0x0000028e       0x34 CMakeFiles/blackbox_v2_bootloader.dir/Core/Src/stm32f4xx_it.c.obj
 .ARM.attributes
                0x000002c2       0x34 CMakeFiles/blackbox_v2_bootloader.dir/Core/Src/stm32f4xx_hal_msp.c.obj
 .ARM.attributes
                0x000002f6       0x34 CMakeFiles/blackbox_v2_bootloader.dir/Drivers/STM32F4xx_HAL_Driver/Src/stm32f4xx_hal_crc.c.obj
 .ARM.attributes
                0x0000032a       0x34 CMakeFiles/blackbox_v2_bootloader.dir/Drivers/STM32F4xx_HAL_Driver/Src/stm32f4xx_hal_rcc.c.obj
 .ARM.attributes
                0x0000035e       0x34 CMakeFiles/blackbox_v2_bootloader.dir/Drivers/STM32F4xx_HAL_Driver/Src/stm32f4xx_hal_flash.c.obj
 .ARM.attributes
                0x00000392       0x34 CMakeFiles/blackbox_v2_bootloader.dir/Drivers/STM32F4xx_HAL_Driver/Src/stm32f4xx_hal_flash_ex.c.obj
 .ARM.attributes
                0x000003c6       0x34 CMakeFiles/blackbox_v2_bootloader.dir/Drivers/STM32F4xx_HAL_Driver/Src/stm32f4xx_hal_gpio.c.obj
 .ARM.attributes
                0x000003fa       0x34 CMakeFiles/blackbox_v2_bootloader.dir/Drivers/STM32F4xx_HAL_Driver/Src/stm32f4xx_hal_dma.c.obj
 .ARM.attributes
                0x0000042e       0x34 CMakeFiles/blackbox_v2_bootloader.dir/Drivers/STM32F4xx_HAL_Driver/Src/stm32f4xx_hal_cortex.c.obj
 .ARM.attributes
                0x00000462       0x34 CMakeFiles/blackbox_v2_bootloader.dir/Drivers/STM32F4xx_HAL_Driver/Src/stm32f4xx_hal.c.obj
 .ARM.attributes
                0x00000496       0x34 CMakeFiles/blackbox_v2_bootloader.dir/Drivers/STM32F4xx_HAL_Driver/Src/stm32f4xx_hal_uart.c.obj
 .ARM.attributes
                0x000004ca       0x34 CMakeFiles/blackbox_v2_bootloader.dir/Core/Src/system_stm32f4xx.c.obj
 .ARM.attributes
                0x000004fe       0x34 CMakeFiles/blackbox_v2_bootloader.dir/Core/Src/sysmem.c.obj
 .ARM.attributes
                0x00000532       0x34 CMakeFiles/blackbox_v2_bootloader.dir/Core/Src/syscalls.c.obj
 .ARM.attributes
                0x00000566       0x21 CMakeFiles/blackbox_v2_bootloader.dir/startup_stm32f411xe.s.obj
 .ARM.attributes
                0x00000587       0x1e c:/tools/gcc-arm-none-eabi-10.3-2021.10/bin/../lib/gcc/arm-none-eabi/10.3.1/thumb/v7e-m+fp/hard\libgcc.a(_aeabi_uldivmod.o)
 .ARM.attributes
                0x000005a5       0x34 c:/tools/gcc-arm-none-eabi-10.3-2021.10/bin/../lib/gcc/arm-none-eabi/10.3.1/thumb/v7e-m+fp/hard\libgcc.a(_udivmoddi4.o)
 .ARM.attributes
                0x000005d9       0x1e c:/tools/gcc-arm-none-eabi-10.3-2021.10/bin/../lib/gcc/arm-none-eabi/10.3.1/thumb/v7e-m+fp/hard\libgcc.a(_dvmd_tls.o)
 .ARM.attributes
                0x000005f7       0x34 c:/tools/gcc-arm-none-eabi-10.3-2021.10/bin/../lib/gcc/arm-none-eabi/10.3.1/../../../../arm-none-eabi/lib/thumb/v7e-m+fp/hard\libg_nano.a(lib_a-errno.o)
 .ARM.attributes
                0x0000062b       0x34 c:/tools/gcc-arm-none-eabi-10.3-2021.10/bin/../lib/gcc/arm-none-eabi/10.3.1/../../../../arm-none-eabi/lib/thumb/v7e-m+fp/hard\libg_nano.a(lib_a-memcpy-stub.o)
 .ARM.attributes
                0x0000065f       0x34 c:/tools/gcc-arm-none-eabi-10.3-2021.10/bin/../lib/gcc/arm-none-eabi/10.3.1/../../../../arm-none-eabi/lib/thumb/v7e-m+fp/hard\libg_nano.a(lib_a-memmove.o)
 .ARM.attributes
                0x00000693       0x34 c:/tools/gcc-arm-none-eabi-10.3-2021.10/bin/../lib/gcc/arm-none-eabi/10.3.1/../../../../arm-none-eabi/lib/thumb/v7e-m+fp/hard\libg_nano.a(lib_a-printf.o)
 .ARM.attributes
                0x000006c7       0x34 c:/tools/gcc-arm-none-eabi-10.3-2021.10/bin/../lib/gcc/arm-none-eabi/10.3.1/../../../../arm-none-eabi/lib/thumb/v7e-m+fp/hard\libg_nano.a(lib_a-puts.o)
 .ARM.attributes
                0x000006fb       0x34 c:/tools/gcc-arm-none-eabi-10.3-2021.10/bin/../lib/gcc/arm-none-eabi/10.3.1/../../../../arm-none-eabi/lib/thumb/v7e-m+fp/hard\libg_nano.a(lib_a-wbuf.o)
 .ARM.attributes
                0x0000072f       0x34 c:/tools/gcc-arm-none-eabi-10.3-2021.10/bin/../lib/gcc/arm-none-eabi/10.3.1/../../../../arm-none-eabi/lib/thumb/v7e-m+fp/hard\libg_nano.a(lib_a-wsetup.o)
 .ARM.attributes
                0x00000763       0x34 c:/tools/gcc-arm-none-eabi-10.3-2021.10/bin/../lib/gcc/arm-none-eabi/10.3.1/../../../../arm-none-eabi/lib/thumb/v7e-m+fp/hard\libg_nano.a(lib_a-fflush.o)
 .ARM.attributes
                0x00000797       0x34 c:/tools/gcc-arm-none-eabi-10.3-2021.10/bin/../lib/gcc/arm-none-eabi/10.3.1/../../../../arm-none-eabi/lib/thumb/v7e-m+fp/hard\libg_nano.a(lib_a-findfp.o)
 .ARM.attributes
                0x000007cb       0x34 c:/tools/gcc-arm-none-eabi-10.3-2021.10/bin/../lib/gcc/arm-none-eabi/10.3.1/../../../../arm-none-eabi/lib/thumb/v7e-m+fp/hard\libg_nano.a(lib_a-fwalk.o)
 .ARM.attributes
                0x000007ff       0x34 c:/tools/gcc-arm-none-eabi-10.3-2021.10/bin/../lib/gcc/arm-none-eabi/10.3.1/../../../../arm-none-eabi/lib/thumb/v7e-m+fp/hard\libg_nano.a(lib_a-lock.o)
 .ARM.attributes
                0x00000833       0x34 c:/tools/gcc-arm-none-eabi-10.3-2021.10/bin/../lib/gcc/arm-none-eabi/10.3.1/../../../../arm-none-eabi/lib/thumb/v7e-m+fp/hard\libg_nano.a(lib_a-makebuf.o)
 .ARM.attributes
                0x00000867       0x34 c:/tools/gcc-arm-none-eabi-10.3-2021.10/bin/../lib/gcc/arm-none-eabi/10.3.1/../../../../arm-none-eabi/lib/thumb/v7e-m+fp/hard\libg_nano.a(lib_a-nano-freer.o)
 .ARM.attributes
                0x0000089b       0x34 c:/tools/gcc-arm-none-eabi-10.3-2021.10/bin/../lib/gcc/arm-none-eabi/10.3.1/../../../../arm-none-eabi/lib/thumb/v7e-m+fp/hard\libg_nano.a(lib_a-nano-mallocr.o)
 .ARM.attributes
                0x000008cf       0x34 c:/tools/gcc-arm-none-eabi-10.3-2021.10/bin/../lib/gcc/arm-none-eabi/10.3.1/../../../../arm-none-eabi/lib/thumb/v7e-m+fp/hard\libg_nano.a(lib_a-nano-vfprintf.o)
 .ARM.attributes
                0x00000903       0x34 c:/tools/gcc-arm-none-eabi-10.3-2021.10/bin/../lib/gcc/arm-none-eabi/10.3.1/../../../../arm-none-eabi/lib/thumb/v7e-m+fp/hard\libg_nano.a(lib_a-nano-vfprintf_i.o)
 .ARM.attributes
                0x00000937       0x34 c:/tools/gcc-arm-none-eabi-10.3-2021.10/bin/../lib/gcc/arm-none-eabi/10.3.1/../../../../arm-none-eabi/lib/thumb/v7e-m+fp/hard\libg_nano.a(lib_a-sbrkr.o)
 .ARM.attributes
                0x0000096b       0x34 c:/tools/gcc-arm-none-eabi-10.3-2021.10/bin/../lib/gcc/arm-none-eabi/10.3.1/../../../../arm-none-eabi/lib/thumb/v7e-m+fp/hard\libg_nano.a(lib_a-stdio.o)
 .ARM.attributes
                0x0000099f       0x34 c:/tools/gcc-arm-none-eabi-10.3-2021.10/bin/../lib/gcc/arm-none-eabi/10.3.1/../../../../arm-none-eabi/lib/thumb/v7e-m+fp/hard\libg_nano.a(lib_a-writer.o)
 .ARM.attributes
                0x000009d3       0x34 c:/tools/gcc-arm-none-eabi-10.3-2021.10/bin/../lib/gcc/arm-none-eabi/10.3.1/../../../../arm-none-eabi/lib/thumb/v7e-m+fp/hard\libg_nano.a(lib_a-closer.o)
 .ARM.attributes
                0x00000a07       0x34 c:/tools/gcc-arm-none-eabi-10.3-2021.10/bin/../lib/gcc/arm-none-eabi/10.3.1/../../../../arm-none-eabi/lib/thumb/v7e-m+fp/hard\libg_nano.a(lib_a-fstatr.o)
 .ARM.attributes
                0x00000a3b       0x34 c:/tools/gcc-arm-none-eabi-10.3-2021.10/bin/../lib/gcc/arm-none-eabi/10.3.1/../../../../arm-none-eabi/lib/thumb/v7e-m+fp/hard\libg_nano.a(lib_a-isattyr.o)
 .ARM.attributes
                0x00000a6f       0x34 c:/tools/gcc-arm-none-eabi-10.3-2021.10/bin/../lib/gcc/arm-none-eabi/10.3.1/../../../../arm-none-eabi/lib/thumb/v7e-m+fp/hard\libg_nano.a(lib_a-lseekr.o)
 .ARM.attributes
                0x00000aa3       0x1c c:/tools/gcc-arm-none-eabi-10.3-2021.10/bin/../lib/gcc/arm-none-eabi/10.3.1/../../../../arm-none-eabi/lib/thumb/v7e-m+fp/hard\libg_nano.a(lib_a-memchr.o)
 .ARM.attributes
                0x00000abf       0x34 c:/tools/gcc-arm-none-eabi-10.3-2021.10/bin/../lib/gcc/arm-none-eabi/10.3.1/../../../../arm-none-eabi/lib/thumb/v7e-m+fp/hard\libg_nano.a(lib_a-mlock.o)
 .ARM.attributes
                0x00000af3       0x34 c:/tools/gcc-arm-none-eabi-10.3-2021.10/bin/../lib/gcc/arm-none-eabi/10.3.1/../../../../arm-none-eabi/lib/thumb/v7e-m+fp/hard\libg_nano.a(lib_a-readr.o)
 .ARM.attributes
                0x00000b27       0x34 c:/tools/gcc-arm-none-eabi-10.3-2021.10/bin/../lib/gcc/arm-none-eabi/10.3.1/../../../../arm-none-eabi/lib/thumb/v7e-m+fp/hard\libg_nano.a(lib_a-reent.o)
 .ARM.attributes
                0x00000b5b       0x1e c:/tools/gcc-arm-none-eabi-10.3-2021.10/bin/../lib/gcc/arm-none-eabi/10.3.1/thumb/v7e-m+fp/hard/crtn.o

.comment        0x00000000       0x49
 .comment       0x00000000       0x49 CMakeFiles/blackbox_v2_bootloader.dir/fh_bootloader/fh_bootloader.c.obj
                                 0x4a (size before relaxing)
 .comment       0x00000049       0x4a CMakeFiles/blackbox_v2_bootloader.dir/fh_ringbuff/ringbuff.c.obj
 .comment       0x00000049       0x4a CMakeFiles/blackbox_v2_bootloader.dir/fh_stream/fh_stream.c.obj
 .comment       0x00000049       0x4a CMakeFiles/blackbox_v2_bootloader.dir/fh_sw_crc/fh_sw_crc.c.obj
 .comment       0x00000049       0x4a CMakeFiles/blackbox_v2_bootloader.dir/Core/Src/main.c.obj
 .comment       0x00000049       0x4a CMakeFiles/blackbox_v2_bootloader.dir/Core/Src/gpio.c.obj
 .comment       0x00000049       0x4a CMakeFiles/blackbox_v2_bootloader.dir/Core/Src/crc.c.obj
 .comment       0x00000049       0x4a CMakeFiles/blackbox_v2_bootloader.dir/Core/Src/usart.c.obj
 .comment       0x00000049       0x4a CMakeFiles/blackbox_v2_bootloader.dir/Core/Src/stm32f4xx_it.c.obj
 .comment       0x00000049       0x4a CMakeFiles/blackbox_v2_bootloader.dir/Core/Src/stm32f4xx_hal_msp.c.obj
 .comment       0x00000049       0x4a CMakeFiles/blackbox_v2_bootloader.dir/Drivers/STM32F4xx_HAL_Driver/Src/stm32f4xx_hal_crc.c.obj
 .comment       0x00000049       0x4a CMakeFiles/blackbox_v2_bootloader.dir/Drivers/STM32F4xx_HAL_Driver/Src/stm32f4xx_hal_rcc.c.obj
 .comment       0x00000049       0x4a CMakeFiles/blackbox_v2_bootloader.dir/Drivers/STM32F4xx_HAL_Driver/Src/stm32f4xx_hal_flash.c.obj
 .comment       0x00000049       0x4a CMakeFiles/blackbox_v2_bootloader.dir/Drivers/STM32F4xx_HAL_Driver/Src/stm32f4xx_hal_flash_ex.c.obj
 .comment       0x00000049       0x4a CMakeFiles/blackbox_v2_bootloader.dir/Drivers/STM32F4xx_HAL_Driver/Src/stm32f4xx_hal_gpio.c.obj
 .comment       0x00000049       0x4a CMakeFiles/blackbox_v2_bootloader.dir/Drivers/STM32F4xx_HAL_Driver/Src/stm32f4xx_hal_dma.c.obj
 .comment       0x00000049       0x4a CMakeFiles/blackbox_v2_bootloader.dir/Drivers/STM32F4xx_HAL_Driver/Src/stm32f4xx_hal_cortex.c.obj
 .comment       0x00000049       0x4a CMakeFiles/blackbox_v2_bootloader.dir/Drivers/STM32F4xx_HAL_Driver/Src/stm32f4xx_hal.c.obj
 .comment       0x00000049       0x4a CMakeFiles/blackbox_v2_bootloader.dir/Drivers/STM32F4xx_HAL_Driver/Src/stm32f4xx_hal_uart.c.obj
 .comment       0x00000049       0x4a CMakeFiles/blackbox_v2_bootloader.dir/Core/Src/system_stm32f4xx.c.obj
 .comment       0x00000049       0x4a CMakeFiles/blackbox_v2_bootloader.dir/Core/Src/sysmem.c.obj
 .comment       0x00000049       0x4a CMakeFiles/blackbox_v2_bootloader.dir/Core/Src/syscalls.c.obj

.debug_frame    0x00000000     0x31e0
 .debug_frame   0x00000000       0x2c c:/tools/gcc-arm-none-eabi-10.3-2021.10/bin/../lib/gcc/arm-none-eabi/10.3.1/../../../../arm-none-eabi/lib/thumb/v7e-m+fp/hard\libc_nano.a(lib_a-init.o)
 .debug_frame   0x0000002c       0x20 c:/tools/gcc-arm-none-eabi-10.3-2021.10/bin/../lib/gcc/arm-none-eabi/10.3.1/../../../../arm-none-eabi/lib/thumb/v7e-m+fp/hard\libc_nano.a(lib_a-memset.o)
 .debug_frame   0x0000004c      0x244 CMakeFiles/blackbox_v2_bootloader.dir/fh_bootloader/fh_bootloader.c.obj
 .debug_frame   0x00000290       0x88 CMakeFiles/blackbox_v2_bootloader.dir/fh_ringbuff/ringbuff.c.obj
 .debug_frame   0x00000318      0x144 CMakeFiles/blackbox_v2_bootloader.dir/fh_stream/fh_stream.c.obj
 .debug_frame   0x0000045c       0x38 CMakeFiles/blackbox_v2_bootloader.dir/fh_sw_crc/fh_sw_crc.c.obj
 .debug_frame   0x00000494       0x68 CMakeFiles/blackbox_v2_bootloader.dir/Core/Src/main.c.obj
 .debug_frame   0x000004fc       0x34 CMakeFiles/blackbox_v2_bootloader.dir/Core/Src/gpio.c.obj
 .debug_frame   0x00000530       0x7c CMakeFiles/blackbox_v2_bootloader.dir/Core/Src/crc.c.obj
 .debug_frame   0x000005ac       0x98 CMakeFiles/blackbox_v2_bootloader.dir/Core/Src/usart.c.obj
 .debug_frame   0x00000644      0x140 CMakeFiles/blackbox_v2_bootloader.dir/Core/Src/stm32f4xx_it.c.obj
 .debug_frame   0x00000784       0x34 CMakeFiles/blackbox_v2_bootloader.dir/Core/Src/stm32f4xx_hal_msp.c.obj
 .debug_frame   0x000007b8      0x120 CMakeFiles/blackbox_v2_bootloader.dir/Drivers/STM32F4xx_HAL_Driver/Src/stm32f4xx_hal_crc.c.obj
 .debug_frame   0x000008d8      0x1f4 CMakeFiles/blackbox_v2_bootloader.dir/Drivers/STM32F4xx_HAL_Driver/Src/stm32f4xx_hal_rcc.c.obj
 .debug_frame   0x00000acc      0x274 CMakeFiles/blackbox_v2_bootloader.dir/Drivers/STM32F4xx_HAL_Driver/Src/stm32f4xx_hal_flash.c.obj
 .debug_frame   0x00000d40      0x334 CMakeFiles/blackbox_v2_bootloader.dir/Drivers/STM32F4xx_HAL_Driver/Src/stm32f4xx_hal_flash_ex.c.obj
 .debug_frame   0x00001074      0x14c CMakeFiles/blackbox_v2_bootloader.dir/Drivers/STM32F4xx_HAL_Driver/Src/stm32f4xx_hal_gpio.c.obj
 .debug_frame   0x000011c0      0x250 CMakeFiles/blackbox_v2_bootloader.dir/Drivers/STM32F4xx_HAL_Driver/Src/stm32f4xx_hal_dma.c.obj
 .debug_frame   0x00001410      0x508 CMakeFiles/blackbox_v2_bootloader.dir/Drivers/STM32F4xx_HAL_Driver/Src/stm32f4xx_hal_cortex.c.obj
 .debug_frame   0x00001918      0x374 CMakeFiles/blackbox_v2_bootloader.dir/Drivers/STM32F4xx_HAL_Driver/Src/stm32f4xx_hal.c.obj
 .debug_frame   0x00001c8c      0x954 CMakeFiles/blackbox_v2_bootloader.dir/Drivers/STM32F4xx_HAL_Driver/Src/stm32f4xx_hal_uart.c.obj
 .debug_frame   0x000025e0       0x58 CMakeFiles/blackbox_v2_bootloader.dir/Core/Src/system_stm32f4xx.c.obj
 .debug_frame   0x00002638       0x34 CMakeFiles/blackbox_v2_bootloader.dir/Core/Src/sysmem.c.obj
 .debug_frame   0x0000266c      0x2ac CMakeFiles/blackbox_v2_bootloader.dir/Core/Src/syscalls.c.obj
 .debug_frame   0x00002918       0x2c c:/tools/gcc-arm-none-eabi-10.3-2021.10/bin/../lib/gcc/arm-none-eabi/10.3.1/thumb/v7e-m+fp/hard\libgcc.a(_aeabi_uldivmod.o)
 .debug_frame   0x00002944       0x34 c:/tools/gcc-arm-none-eabi-10.3-2021.10/bin/../lib/gcc/arm-none-eabi/10.3.1/thumb/v7e-m+fp/hard\libgcc.a(_udivmoddi4.o)
 .debug_frame   0x00002978       0x20 c:/tools/gcc-arm-none-eabi-10.3-2021.10/bin/../lib/gcc/arm-none-eabi/10.3.1/../../../../arm-none-eabi/lib/thumb/v7e-m+fp/hard\libg_nano.a(lib_a-errno.o)
 .debug_frame   0x00002998       0x28 c:/tools/gcc-arm-none-eabi-10.3-2021.10/bin/../lib/gcc/arm-none-eabi/10.3.1/../../../../arm-none-eabi/lib/thumb/v7e-m+fp/hard\libg_nano.a(lib_a-memcpy-stub.o)
 .debug_frame   0x000029c0       0x28 c:/tools/gcc-arm-none-eabi-10.3-2021.10/bin/../lib/gcc/arm-none-eabi/10.3.1/../../../../arm-none-eabi/lib/thumb/v7e-m+fp/hard\libg_nano.a(lib_a-memmove.o)
 .debug_frame   0x000029e8       0x74 c:/tools/gcc-arm-none-eabi-10.3-2021.10/bin/../lib/gcc/arm-none-eabi/10.3.1/../../../../arm-none-eabi/lib/thumb/v7e-m+fp/hard\libg_nano.a(lib_a-printf.o)
 .debug_frame   0x00002a5c       0x3c c:/tools/gcc-arm-none-eabi-10.3-2021.10/bin/../lib/gcc/arm-none-eabi/10.3.1/../../../../arm-none-eabi/lib/thumb/v7e-m+fp/hard\libg_nano.a(lib_a-puts.o)
 .debug_frame   0x00002a98       0x40 c:/tools/gcc-arm-none-eabi-10.3-2021.10/bin/../lib/gcc/arm-none-eabi/10.3.1/../../../../arm-none-eabi/lib/thumb/v7e-m+fp/hard\libg_nano.a(lib_a-wbuf.o)
 .debug_frame   0x00002ad8       0x2c c:/tools/gcc-arm-none-eabi-10.3-2021.10/bin/../lib/gcc/arm-none-eabi/10.3.1/../../../../arm-none-eabi/lib/thumb/v7e-m+fp/hard\libg_nano.a(lib_a-wsetup.o)
 .debug_frame   0x00002b04       0x5c c:/tools/gcc-arm-none-eabi-10.3-2021.10/bin/../lib/gcc/arm-none-eabi/10.3.1/../../../../arm-none-eabi/lib/thumb/v7e-m+fp/hard\libg_nano.a(lib_a-fflush.o)
 .debug_frame   0x00002b60      0x14c c:/tools/gcc-arm-none-eabi-10.3-2021.10/bin/../lib/gcc/arm-none-eabi/10.3.1/../../../../arm-none-eabi/lib/thumb/v7e-m+fp/hard\libg_nano.a(lib_a-findfp.o)
 .debug_frame   0x00002cac       0x54 c:/tools/gcc-arm-none-eabi-10.3-2021.10/bin/../lib/gcc/arm-none-eabi/10.3.1/../../../../arm-none-eabi/lib/thumb/v7e-m+fp/hard\libg_nano.a(lib_a-fwalk.o)
 .debug_frame   0x00002d00       0xb0 c:/tools/gcc-arm-none-eabi-10.3-2021.10/bin/../lib/gcc/arm-none-eabi/10.3.1/../../../../arm-none-eabi/lib/thumb/v7e-m+fp/hard\libg_nano.a(lib_a-lock.o)
 .debug_frame   0x00002db0       0x58 c:/tools/gcc-arm-none-eabi-10.3-2021.10/bin/../lib/gcc/arm-none-eabi/10.3.1/../../../../arm-none-eabi/lib/thumb/v7e-m+fp/hard\libg_nano.a(lib_a-makebuf.o)
 .debug_frame   0x00002e08       0x38 c:/tools/gcc-arm-none-eabi-10.3-2021.10/bin/../lib/gcc/arm-none-eabi/10.3.1/../../../../arm-none-eabi/lib/thumb/v7e-m+fp/hard\libg_nano.a(lib_a-nano-freer.o)
 .debug_frame   0x00002e40       0x4c c:/tools/gcc-arm-none-eabi-10.3-2021.10/bin/../lib/gcc/arm-none-eabi/10.3.1/../../../../arm-none-eabi/lib/thumb/v7e-m+fp/hard\libg_nano.a(lib_a-nano-mallocr.o)
 .debug_frame   0x00002e8c       0xac c:/tools/gcc-arm-none-eabi-10.3-2021.10/bin/../lib/gcc/arm-none-eabi/10.3.1/../../../../arm-none-eabi/lib/thumb/v7e-m+fp/hard\libg_nano.a(lib_a-nano-vfprintf.o)
 .debug_frame   0x00002f38       0x60 c:/tools/gcc-arm-none-eabi-10.3-2021.10/bin/../lib/gcc/arm-none-eabi/10.3.1/../../../../arm-none-eabi/lib/thumb/v7e-m+fp/hard\libg_nano.a(lib_a-nano-vfprintf_i.o)
 .debug_frame   0x00002f98       0x2c c:/tools/gcc-arm-none-eabi-10.3-2021.10/bin/../lib/gcc/arm-none-eabi/10.3.1/../../../../arm-none-eabi/lib/thumb/v7e-m+fp/hard\libg_nano.a(lib_a-sbrkr.o)
 .debug_frame   0x00002fc4       0x88 c:/tools/gcc-arm-none-eabi-10.3-2021.10/bin/../lib/gcc/arm-none-eabi/10.3.1/../../../../arm-none-eabi/lib/thumb/v7e-m+fp/hard\libg_nano.a(lib_a-stdio.o)
 .debug_frame   0x0000304c       0x2c c:/tools/gcc-arm-none-eabi-10.3-2021.10/bin/../lib/gcc/arm-none-eabi/10.3.1/../../../../arm-none-eabi/lib/thumb/v7e-m+fp/hard\libg_nano.a(lib_a-writer.o)
 .debug_frame   0x00003078       0x2c c:/tools/gcc-arm-none-eabi-10.3-2021.10/bin/../lib/gcc/arm-none-eabi/10.3.1/../../../../arm-none-eabi/lib/thumb/v7e-m+fp/hard\libg_nano.a(lib_a-closer.o)
 .debug_frame   0x000030a4       0x2c c:/tools/gcc-arm-none-eabi-10.3-2021.10/bin/../lib/gcc/arm-none-eabi/10.3.1/../../../../arm-none-eabi/lib/thumb/v7e-m+fp/hard\libg_nano.a(lib_a-fstatr.o)
 .debug_frame   0x000030d0       0x2c c:/tools/gcc-arm-none-eabi-10.3-2021.10/bin/../lib/gcc/arm-none-eabi/10.3.1/../../../../arm-none-eabi/lib/thumb/v7e-m+fp/hard\libg_nano.a(lib_a-isattyr.o)
 .debug_frame   0x000030fc       0x2c c:/tools/gcc-arm-none-eabi-10.3-2021.10/bin/../lib/gcc/arm-none-eabi/10.3.1/../../../../arm-none-eabi/lib/thumb/v7e-m+fp/hard\libg_nano.a(lib_a-lseekr.o)
 .debug_frame   0x00003128       0x30 c:/tools/gcc-arm-none-eabi-10.3-2021.10/bin/../lib/gcc/arm-none-eabi/10.3.1/../../../../arm-none-eabi/lib/thumb/v7e-m+fp/hard\libg_nano.a(lib_a-mlock.o)
 .debug_frame   0x00003158       0x2c c:/tools/gcc-arm-none-eabi-10.3-2021.10/bin/../lib/gcc/arm-none-eabi/10.3.1/../../../../arm-none-eabi/lib/thumb/v7e-m+fp/hard\libg_nano.a(lib_a-readr.o)
 .debug_frame   0x00003184       0x5c c:/tools/gcc-arm-none-eabi-10.3-2021.10/bin/../lib/gcc/arm-none-eabi/10.3.1/../../../../arm-none-eabi/lib/thumb/v7e-m+fp/hard\libg_nano.a(lib_a-reent.o)

.debug_info     0x00000000     0xc47f
 .debug_info    0x00000000     0x13aa CMakeFiles/blackbox_v2_bootloader.dir/fh_bootloader/fh_bootloader.c.obj
 .debug_info    0x000013aa      0x1a2 CMakeFiles/blackbox_v2_bootloader.dir/fh_ringbuff/ringbuff.c.obj
 .debug_info    0x0000154c      0x4a4 CMakeFiles/blackbox_v2_bootloader.dir/fh_stream/fh_stream.c.obj
 .debug_info    0x000019f0      0x135 CMakeFiles/blackbox_v2_bootloader.dir/fh_sw_crc/fh_sw_crc.c.obj
 .debug_info    0x00001b25      0xa52 CMakeFiles/blackbox_v2_bootloader.dir/Core/Src/main.c.obj
 .debug_info    0x00002577      0x41a CMakeFiles/blackbox_v2_bootloader.dir/Core/Src/gpio.c.obj
 .debug_info    0x00002991      0x47b CMakeFiles/blackbox_v2_bootloader.dir/Core/Src/crc.c.obj
 .debug_info    0x00002e0c      0xb3e CMakeFiles/blackbox_v2_bootloader.dir/Core/Src/usart.c.obj
 .debug_info    0x0000394a      0x66c CMakeFiles/blackbox_v2_bootloader.dir/Core/Src/stm32f4xx_it.c.obj
 .debug_info    0x00003fb6      0x469 CMakeFiles/blackbox_v2_bootloader.dir/Core/Src/stm32f4xx_hal_msp.c.obj
 .debug_info    0x0000441f      0x3aa CMakeFiles/blackbox_v2_bootloader.dir/Drivers/STM32F4xx_HAL_Driver/Src/stm32f4xx_hal_crc.c.obj
 .debug_info    0x000047c9      0x95e CMakeFiles/blackbox_v2_bootloader.dir/Drivers/STM32F4xx_HAL_Driver/Src/stm32f4xx_hal_rcc.c.obj
 .debug_info    0x00005127      0x5a0 CMakeFiles/blackbox_v2_bootloader.dir/Drivers/STM32F4xx_HAL_Driver/Src/stm32f4xx_hal_flash.c.obj
 .debug_info    0x000056c7      0x828 CMakeFiles/blackbox_v2_bootloader.dir/Drivers/STM32F4xx_HAL_Driver/Src/stm32f4xx_hal_flash_ex.c.obj
 .debug_info    0x00005eef      0x78e CMakeFiles/blackbox_v2_bootloader.dir/Drivers/STM32F4xx_HAL_Driver/Src/stm32f4xx_hal_gpio.c.obj
 .debug_info    0x0000667d      0x93b CMakeFiles/blackbox_v2_bootloader.dir/Drivers/STM32F4xx_HAL_Driver/Src/stm32f4xx_hal_dma.c.obj
 .debug_info    0x00006fb8      0xdd3 CMakeFiles/blackbox_v2_bootloader.dir/Drivers/STM32F4xx_HAL_Driver/Src/stm32f4xx_hal_cortex.c.obj
 .debug_info    0x00007d8b      0x8ba CMakeFiles/blackbox_v2_bootloader.dir/Drivers/STM32F4xx_HAL_Driver/Src/stm32f4xx_hal.c.obj
 .debug_info    0x00008645     0x30b8 CMakeFiles/blackbox_v2_bootloader.dir/Drivers/STM32F4xx_HAL_Driver/Src/stm32f4xx_hal_uart.c.obj
 .debug_info    0x0000b6fd      0x54f CMakeFiles/blackbox_v2_bootloader.dir/Core/Src/system_stm32f4xx.c.obj
 .debug_info    0x0000bc4c      0x15f CMakeFiles/blackbox_v2_bootloader.dir/Core/Src/sysmem.c.obj
 .debug_info    0x0000bdab      0x6b2 CMakeFiles/blackbox_v2_bootloader.dir/Core/Src/syscalls.c.obj
 .debug_info    0x0000c45d       0x22 CMakeFiles/blackbox_v2_bootloader.dir/startup_stm32f411xe.s.obj

.debug_abbrev   0x00000000     0x25f8
 .debug_abbrev  0x00000000      0x336 CMakeFiles/blackbox_v2_bootloader.dir/fh_bootloader/fh_bootloader.c.obj
 .debug_abbrev  0x00000336       0xc0 CMakeFiles/blackbox_v2_bootloader.dir/fh_ringbuff/ringbuff.c.obj
 .debug_abbrev  0x000003f6      0x19d CMakeFiles/blackbox_v2_bootloader.dir/fh_stream/fh_stream.c.obj
 .debug_abbrev  0x00000593       0xa8 CMakeFiles/blackbox_v2_bootloader.dir/fh_sw_crc/fh_sw_crc.c.obj
 .debug_abbrev  0x0000063b      0x1d7 CMakeFiles/blackbox_v2_bootloader.dir/Core/Src/main.c.obj
 .debug_abbrev  0x00000812      0x105 CMakeFiles/blackbox_v2_bootloader.dir/Core/Src/gpio.c.obj
 .debug_abbrev  0x00000917      0x16e CMakeFiles/blackbox_v2_bootloader.dir/Core/Src/crc.c.obj
 .debug_abbrev  0x00000a85      0x1de CMakeFiles/blackbox_v2_bootloader.dir/Core/Src/usart.c.obj
 .debug_abbrev  0x00000c63      0x14f CMakeFiles/blackbox_v2_bootloader.dir/Core/Src/stm32f4xx_it.c.obj
 .debug_abbrev  0x00000db2       0xf9 CMakeFiles/blackbox_v2_bootloader.dir/Core/Src/stm32f4xx_hal_msp.c.obj
 .debug_abbrev  0x00000eab      0x176 CMakeFiles/blackbox_v2_bootloader.dir/Drivers/STM32F4xx_HAL_Driver/Src/stm32f4xx_hal_crc.c.obj
 .debug_abbrev  0x00001021      0x262 CMakeFiles/blackbox_v2_bootloader.dir/Drivers/STM32F4xx_HAL_Driver/Src/stm32f4xx_hal_rcc.c.obj
 .debug_abbrev  0x00001283      0x23f CMakeFiles/blackbox_v2_bootloader.dir/Drivers/STM32F4xx_HAL_Driver/Src/stm32f4xx_hal_flash.c.obj
 .debug_abbrev  0x000014c2      0x242 CMakeFiles/blackbox_v2_bootloader.dir/Drivers/STM32F4xx_HAL_Driver/Src/stm32f4xx_hal_flash_ex.c.obj
 .debug_abbrev  0x00001704      0x1c4 CMakeFiles/blackbox_v2_bootloader.dir/Drivers/STM32F4xx_HAL_Driver/Src/stm32f4xx_hal_gpio.c.obj
 .debug_abbrev  0x000018c8      0x206 CMakeFiles/blackbox_v2_bootloader.dir/Drivers/STM32F4xx_HAL_Driver/Src/stm32f4xx_hal_dma.c.obj
 .debug_abbrev  0x00001ace      0x30d CMakeFiles/blackbox_v2_bootloader.dir/Drivers/STM32F4xx_HAL_Driver/Src/stm32f4xx_hal_cortex.c.obj
 .debug_abbrev  0x00001ddb      0x20b CMakeFiles/blackbox_v2_bootloader.dir/Drivers/STM32F4xx_HAL_Driver/Src/stm32f4xx_hal.c.obj
 .debug_abbrev  0x00001fe6      0x2c4 CMakeFiles/blackbox_v2_bootloader.dir/Drivers/STM32F4xx_HAL_Driver/Src/stm32f4xx_hal_uart.c.obj
 .debug_abbrev  0x000022aa      0x116 CMakeFiles/blackbox_v2_bootloader.dir/Core/Src/system_stm32f4xx.c.obj
 .debug_abbrev  0x000023c0       0xa6 CMakeFiles/blackbox_v2_bootloader.dir/Core/Src/sysmem.c.obj
 .debug_abbrev  0x00002466      0x180 CMakeFiles/blackbox_v2_bootloader.dir/Core/Src/syscalls.c.obj
 .debug_abbrev  0x000025e6       0x12 CMakeFiles/blackbox_v2_bootloader.dir/startup_stm32f411xe.s.obj

.debug_aranges  0x00000000      0xaf0
 .debug_aranges
                0x00000000       0x98 CMakeFiles/blackbox_v2_bootloader.dir/fh_bootloader/fh_bootloader.c.obj
 .debug_aranges
                0x00000098       0x30 CMakeFiles/blackbox_v2_bootloader.dir/fh_ringbuff/ringbuff.c.obj
 .debug_aranges
                0x000000c8       0x58 CMakeFiles/blackbox_v2_bootloader.dir/fh_stream/fh_stream.c.obj
 .debug_aranges
                0x00000120       0x20 CMakeFiles/blackbox_v2_bootloader.dir/fh_sw_crc/fh_sw_crc.c.obj
 .debug_aranges
                0x00000140       0x30 CMakeFiles/blackbox_v2_bootloader.dir/Core/Src/main.c.obj
 .debug_aranges
                0x00000170       0x20 CMakeFiles/blackbox_v2_bootloader.dir/Core/Src/gpio.c.obj
 .debug_aranges
                0x00000190       0x30 CMakeFiles/blackbox_v2_bootloader.dir/Core/Src/crc.c.obj
 .debug_aranges
                0x000001c0       0x38 CMakeFiles/blackbox_v2_bootloader.dir/Core/Src/usart.c.obj
 .debug_aranges
                0x000001f8       0x70 CMakeFiles/blackbox_v2_bootloader.dir/Core/Src/stm32f4xx_it.c.obj
 .debug_aranges
                0x00000268       0x20 CMakeFiles/blackbox_v2_bootloader.dir/Core/Src/stm32f4xx_hal_msp.c.obj
 .debug_aranges
                0x00000288       0x50 CMakeFiles/blackbox_v2_bootloader.dir/Drivers/STM32F4xx_HAL_Driver/Src/stm32f4xx_hal_crc.c.obj
 .debug_aranges
                0x000002d8       0x88 CMakeFiles/blackbox_v2_bootloader.dir/Drivers/STM32F4xx_HAL_Driver/Src/stm32f4xx_hal_rcc.c.obj
 .debug_aranges
                0x00000360       0xa0 CMakeFiles/blackbox_v2_bootloader.dir/Drivers/STM32F4xx_HAL_Driver/Src/stm32f4xx_hal_flash.c.obj
 .debug_aranges
                0x00000400       0xc8 CMakeFiles/blackbox_v2_bootloader.dir/Drivers/STM32F4xx_HAL_Driver/Src/stm32f4xx_hal_flash_ex.c.obj
 .debug_aranges
                0x000004c8       0x58 CMakeFiles/blackbox_v2_bootloader.dir/Drivers/STM32F4xx_HAL_Driver/Src/stm32f4xx_hal_gpio.c.obj
 .debug_aranges
                0x00000520       0x90 CMakeFiles/blackbox_v2_bootloader.dir/Drivers/STM32F4xx_HAL_Driver/Src/stm32f4xx_hal_dma.c.obj
 .debug_aranges
                0x000005b0      0x130 CMakeFiles/blackbox_v2_bootloader.dir/Drivers/STM32F4xx_HAL_Driver/Src/stm32f4xx_hal_cortex.c.obj
 .debug_aranges
                0x000006e0       0xf0 CMakeFiles/blackbox_v2_bootloader.dir/Drivers/STM32F4xx_HAL_Driver/Src/stm32f4xx_hal.c.obj
 .debug_aranges
                0x000007d0      0x208 CMakeFiles/blackbox_v2_bootloader.dir/Drivers/STM32F4xx_HAL_Driver/Src/stm32f4xx_hal_uart.c.obj
 .debug_aranges
                0x000009d8       0x28 CMakeFiles/blackbox_v2_bootloader.dir/Core/Src/system_stm32f4xx.c.obj
 .debug_aranges
                0x00000a00       0x20 CMakeFiles/blackbox_v2_bootloader.dir/Core/Src/sysmem.c.obj
 .debug_aranges
                0x00000a20       0xa8 CMakeFiles/blackbox_v2_bootloader.dir/Core/Src/syscalls.c.obj
 .debug_aranges
                0x00000ac8       0x28 CMakeFiles/blackbox_v2_bootloader.dir/startup_stm32f411xe.s.obj

.debug_ranges   0x00000000      0x9b8
 .debug_ranges  0x00000000       0x88 CMakeFiles/blackbox_v2_bootloader.dir/fh_bootloader/fh_bootloader.c.obj
 .debug_ranges  0x00000088       0x20 CMakeFiles/blackbox_v2_bootloader.dir/fh_ringbuff/ringbuff.c.obj
 .debug_ranges  0x000000a8       0x48 CMakeFiles/blackbox_v2_bootloader.dir/fh_stream/fh_stream.c.obj
 .debug_ranges  0x000000f0       0x10 CMakeFiles/blackbox_v2_bootloader.dir/fh_sw_crc/fh_sw_crc.c.obj
 .debug_ranges  0x00000100       0x20 CMakeFiles/blackbox_v2_bootloader.dir/Core/Src/main.c.obj
 .debug_ranges  0x00000120       0x10 CMakeFiles/blackbox_v2_bootloader.dir/Core/Src/gpio.c.obj
 .debug_ranges  0x00000130       0x20 CMakeFiles/blackbox_v2_bootloader.dir/Core/Src/crc.c.obj
 .debug_ranges  0x00000150       0x28 CMakeFiles/blackbox_v2_bootloader.dir/Core/Src/usart.c.obj
 .debug_ranges  0x00000178       0x60 CMakeFiles/blackbox_v2_bootloader.dir/Core/Src/stm32f4xx_it.c.obj
 .debug_ranges  0x000001d8       0x10 CMakeFiles/blackbox_v2_bootloader.dir/Core/Src/stm32f4xx_hal_msp.c.obj
 .debug_ranges  0x000001e8       0x40 CMakeFiles/blackbox_v2_bootloader.dir/Drivers/STM32F4xx_HAL_Driver/Src/stm32f4xx_hal_crc.c.obj
 .debug_ranges  0x00000228       0x78 CMakeFiles/blackbox_v2_bootloader.dir/Drivers/STM32F4xx_HAL_Driver/Src/stm32f4xx_hal_rcc.c.obj
 .debug_ranges  0x000002a0       0x90 CMakeFiles/blackbox_v2_bootloader.dir/Drivers/STM32F4xx_HAL_Driver/Src/stm32f4xx_hal_flash.c.obj
 .debug_ranges  0x00000330       0xb8 CMakeFiles/blackbox_v2_bootloader.dir/Drivers/STM32F4xx_HAL_Driver/Src/stm32f4xx_hal_flash_ex.c.obj
 .debug_ranges  0x000003e8       0x48 CMakeFiles/blackbox_v2_bootloader.dir/Drivers/STM32F4xx_HAL_Driver/Src/stm32f4xx_hal_gpio.c.obj
 .debug_ranges  0x00000430       0x80 CMakeFiles/blackbox_v2_bootloader.dir/Drivers/STM32F4xx_HAL_Driver/Src/stm32f4xx_hal_dma.c.obj
 .debug_ranges  0x000004b0      0x120 CMakeFiles/blackbox_v2_bootloader.dir/Drivers/STM32F4xx_HAL_Driver/Src/stm32f4xx_hal_cortex.c.obj
 .debug_ranges  0x000005d0       0xe0 CMakeFiles/blackbox_v2_bootloader.dir/Drivers/STM32F4xx_HAL_Driver/Src/stm32f4xx_hal.c.obj
 .debug_ranges  0x000006b0      0x228 CMakeFiles/blackbox_v2_bootloader.dir/Drivers/STM32F4xx_HAL_Driver/Src/stm32f4xx_hal_uart.c.obj
 .debug_ranges  0x000008d8       0x18 CMakeFiles/blackbox_v2_bootloader.dir/Core/Src/system_stm32f4xx.c.obj
 .debug_ranges  0x000008f0       0x10 CMakeFiles/blackbox_v2_bootloader.dir/Core/Src/sysmem.c.obj
 .debug_ranges  0x00000900       0x98 CMakeFiles/blackbox_v2_bootloader.dir/Core/Src/syscalls.c.obj
 .debug_ranges  0x00000998       0x20 CMakeFiles/blackbox_v2_bootloader.dir/startup_stm32f411xe.s.obj

.debug_macro    0x00000000    0x17bc3
 .debug_macro   0x00000000      0x39f CMakeFiles/blackbox_v2_bootloader.dir/fh_bootloader/fh_bootloader.c.obj
 .debug_macro   0x0000039f      0xa78 CMakeFiles/blackbox_v2_bootloader.dir/fh_bootloader/fh_bootloader.c.obj
 .debug_macro   0x00000e17       0x22 CMakeFiles/blackbox_v2_bootloader.dir/fh_bootloader/fh_bootloader.c.obj
 .debug_macro   0x00000e39       0x8e CMakeFiles/blackbox_v2_bootloader.dir/fh_bootloader/fh_bootloader.c.obj
 .debug_macro   0x00000ec7       0x51 CMakeFiles/blackbox_v2_bootloader.dir/fh_bootloader/fh_bootloader.c.obj
 .debug_macro   0x00000f18      0x103 CMakeFiles/blackbox_v2_bootloader.dir/fh_bootloader/fh_bootloader.c.obj
 .debug_macro   0x0000101b       0x6a CMakeFiles/blackbox_v2_bootloader.dir/fh_bootloader/fh_bootloader.c.obj
 .debug_macro   0x00001085      0x1df CMakeFiles/blackbox_v2_bootloader.dir/fh_bootloader/fh_bootloader.c.obj
 .debug_macro   0x00001264       0x28 CMakeFiles/blackbox_v2_bootloader.dir/fh_bootloader/fh_bootloader.c.obj
 .debug_macro   0x0000128c       0x64 CMakeFiles/blackbox_v2_bootloader.dir/fh_bootloader/fh_bootloader.c.obj
 .debug_macro   0x000012f0       0x1e CMakeFiles/blackbox_v2_bootloader.dir/fh_bootloader/fh_bootloader.c.obj
 .debug_macro   0x0000130e       0x35 CMakeFiles/blackbox_v2_bootloader.dir/fh_bootloader/fh_bootloader.c.obj
 .debug_macro   0x00001343       0x34 CMakeFiles/blackbox_v2_bootloader.dir/fh_bootloader/fh_bootloader.c.obj
 .debug_macro   0x00001377       0x16 CMakeFiles/blackbox_v2_bootloader.dir/fh_bootloader/fh_bootloader.c.obj
 .debug_macro   0x0000138d       0x97 CMakeFiles/blackbox_v2_bootloader.dir/fh_bootloader/fh_bootloader.c.obj
 .debug_macro   0x00001424      0x341 CMakeFiles/blackbox_v2_bootloader.dir/fh_bootloader/fh_bootloader.c.obj
 .debug_macro   0x00001765       0xfd CMakeFiles/blackbox_v2_bootloader.dir/fh_bootloader/fh_bootloader.c.obj
 .debug_macro   0x00001862       0x10 CMakeFiles/blackbox_v2_bootloader.dir/fh_bootloader/fh_bootloader.c.obj
 .debug_macro   0x00001872       0x16 CMakeFiles/blackbox_v2_bootloader.dir/fh_bootloader/fh_bootloader.c.obj
 .debug_macro   0x00001888       0x43 CMakeFiles/blackbox_v2_bootloader.dir/fh_bootloader/fh_bootloader.c.obj
 .debug_macro   0x000018cb       0x34 CMakeFiles/blackbox_v2_bootloader.dir/fh_bootloader/fh_bootloader.c.obj
 .debug_macro   0x000018ff       0x10 CMakeFiles/blackbox_v2_bootloader.dir/fh_bootloader/fh_bootloader.c.obj
 .debug_macro   0x0000190f       0x58 CMakeFiles/blackbox_v2_bootloader.dir/fh_bootloader/fh_bootloader.c.obj
 .debug_macro   0x00001967      0x182 CMakeFiles/blackbox_v2_bootloader.dir/fh_bootloader/fh_bootloader.c.obj
 .debug_macro   0x00001ae9       0x10 CMakeFiles/blackbox_v2_bootloader.dir/fh_bootloader/fh_bootloader.c.obj
 .debug_macro   0x00001af9       0x1c CMakeFiles/blackbox_v2_bootloader.dir/fh_bootloader/fh_bootloader.c.obj
 .debug_macro   0x00001b15       0x52 CMakeFiles/blackbox_v2_bootloader.dir/fh_bootloader/fh_bootloader.c.obj
 .debug_macro   0x00001b67       0x22 CMakeFiles/blackbox_v2_bootloader.dir/fh_bootloader/fh_bootloader.c.obj
 .debug_macro   0x00001b89       0x10 CMakeFiles/blackbox_v2_bootloader.dir/fh_bootloader/fh_bootloader.c.obj
 .debug_macro   0x00001b99       0x52 CMakeFiles/blackbox_v2_bootloader.dir/fh_bootloader/fh_bootloader.c.obj
 .debug_macro   0x00001beb       0xd5 CMakeFiles/blackbox_v2_bootloader.dir/fh_bootloader/fh_bootloader.c.obj
 .debug_macro   0x00001cc0       0x1c CMakeFiles/blackbox_v2_bootloader.dir/fh_bootloader/fh_bootloader.c.obj
 .debug_macro   0x00001cdc       0x3d CMakeFiles/blackbox_v2_bootloader.dir/fh_bootloader/fh_bootloader.c.obj
 .debug_macro   0x00001d19       0x16 CMakeFiles/blackbox_v2_bootloader.dir/fh_bootloader/fh_bootloader.c.obj
 .debug_macro   0x00001d2f      0x16f CMakeFiles/blackbox_v2_bootloader.dir/fh_bootloader/fh_bootloader.c.obj
 .debug_macro   0x00001e9e       0x10 CMakeFiles/blackbox_v2_bootloader.dir/fh_bootloader/fh_bootloader.c.obj
 .debug_macro   0x00001eae       0x16 CMakeFiles/blackbox_v2_bootloader.dir/fh_bootloader/fh_bootloader.c.obj
 .debug_macro   0x00001ec4       0x35 CMakeFiles/blackbox_v2_bootloader.dir/fh_bootloader/fh_bootloader.c.obj
 .debug_macro   0x00001ef9      0x29b CMakeFiles/blackbox_v2_bootloader.dir/fh_bootloader/fh_bootloader.c.obj
 .debug_macro   0x00002194       0x2e CMakeFiles/blackbox_v2_bootloader.dir/fh_bootloader/fh_bootloader.c.obj
 .debug_macro   0x000021c2       0x28 CMakeFiles/blackbox_v2_bootloader.dir/fh_bootloader/fh_bootloader.c.obj
 .debug_macro   0x000021ea       0x1c CMakeFiles/blackbox_v2_bootloader.dir/fh_bootloader/fh_bootloader.c.obj
 .debug_macro   0x00002206       0x22 CMakeFiles/blackbox_v2_bootloader.dir/fh_bootloader/fh_bootloader.c.obj
 .debug_macro   0x00002228       0xfb CMakeFiles/blackbox_v2_bootloader.dir/fh_bootloader/fh_bootloader.c.obj
 .debug_macro   0x00002323     0x1011 CMakeFiles/blackbox_v2_bootloader.dir/fh_bootloader/fh_bootloader.c.obj
 .debug_macro   0x00003334      0x11f CMakeFiles/blackbox_v2_bootloader.dir/fh_bootloader/fh_bootloader.c.obj
 .debug_macro   0x00003453     0xb968 CMakeFiles/blackbox_v2_bootloader.dir/fh_bootloader/fh_bootloader.c.obj
 .debug_macro   0x0000edbb       0x6d CMakeFiles/blackbox_v2_bootloader.dir/fh_bootloader/fh_bootloader.c.obj
 .debug_macro   0x0000ee28     0x3693 CMakeFiles/blackbox_v2_bootloader.dir/fh_bootloader/fh_bootloader.c.obj
 .debug_macro   0x000124bb       0x56 CMakeFiles/blackbox_v2_bootloader.dir/fh_bootloader/fh_bootloader.c.obj