Archive member included to satisfy reference by file (symbol)

c:/tools/gcc-arm-none-eabi-10.3-2021.10/bin/../lib/gcc/arm-none-eabi/10.3.1/../../../../arm-none-eabi/lib/thumb/v7e-m+fp/hard\libc_nano.a(lib_a-exit.o)
                              c:/tools/gcc-arm-none-eabi-10.3-2021.10/bin/../lib/gcc/arm-none-eabi/10.3.1/../../../../arm-none-eabi/lib/thumb/v7e-m+fp/hard/crt0.o (exit)
c:/tools/gcc-arm-none-eabi-10.3-2021.10/bin/../lib/gcc/arm-none-eabi/10.3.1/../../../../arm-none-eabi/lib/thumb/v7e-m+fp/hard\libc_nano.a(lib_a-impure.o)
                              c:/tools/gcc-arm-none-eabi-10.3-2021.10/bin/../lib/gcc/arm-none-eabi/10.3.1/../../../../arm-none-eabi/lib/thumb/v7e-m+fp/hard\libc_nano.a(lib_a-exit.o) (_global_impure_ptr)
c:/tools/gcc-arm-none-eabi-10.3-2021.10/bin/../lib/gcc/arm-none-eabi/10.3.1/../../../../arm-none-eabi/lib/thumb/v7e-m+fp/hard\libc_nano.a(lib_a-init.o)
                              c:/tools/gcc-arm-none-eabi-10.3-2021.10/bin/../lib/gcc/arm-none-eabi/10.3.1/../../../../arm-none-eabi/lib/thumb/v7e-m+fp/hard/crt0.o (__libc_init_array)
c:/tools/gcc-arm-none-eabi-10.3-2021.10/bin/../lib/gcc/arm-none-eabi/10.3.1/../../../../arm-none-eabi/lib/thumb/v7e-m+fp/hard\libc_nano.a(lib_a-memset.o)
                              c:/tools/gcc-arm-none-eabi-10.3-2021.10/bin/../lib/gcc/arm-none-eabi/10.3.1/../../../../arm-none-eabi/lib/thumb/v7e-m+fp/hard/crt0.o (memset)
c:/tools/gcc-arm-none-eabi-10.3-2021.10/bin/../lib/gcc/arm-none-eabi/10.3.1/thumb/v7e-m+fp/hard\libgcc.a(_aeabi_ldivmod.o)
                              CMakeFiles/blackbox_v2_bootloader.dir/Drivers/STM32F4xx_HAL_Driver/Src/stm32f4xx_hal_rcc.c.obj (__aeabi_ldivmod)
c:/tools/gcc-arm-none-eabi-10.3-2021.10/bin/../lib/gcc/arm-none-eabi/10.3.1/thumb/v7e-m+fp/hard\libgcc.a(_aeabi_uldivmod.o)
                              CMakeFiles/blackbox_v2_bootloader.dir/Drivers/STM32F4xx_HAL_Driver/Src/stm32f4xx_hal_rcc.c.obj (__aeabi_uldivmod)
c:/tools/gcc-arm-none-eabi-10.3-2021.10/bin/../lib/gcc/arm-none-eabi/10.3.1/thumb/v7e-m+fp/hard\libgcc.a(_udivmoddi4.o)
                              c:/tools/gcc-arm-none-eabi-10.3-2021.10/bin/../lib/gcc/arm-none-eabi/10.3.1/thumb/v7e-m+fp/hard\libgcc.a(_aeabi_ldivmod.o) (__udivmoddi4)
c:/tools/gcc-arm-none-eabi-10.3-2021.10/bin/../lib/gcc/arm-none-eabi/10.3.1/thumb/v7e-m+fp/hard\libgcc.a(_dvmd_tls.o)
                              c:/tools/gcc-arm-none-eabi-10.3-2021.10/bin/../lib/gcc/arm-none-eabi/10.3.1/thumb/v7e-m+fp/hard\libgcc.a(_aeabi_ldivmod.o) (__aeabi_ldiv0)
c:/tools/gcc-arm-none-eabi-10.3-2021.10/bin/../lib/gcc/arm-none-eabi/10.3.1/../../../../arm-none-eabi/lib/thumb/v7e-m+fp/hard\libg_nano.a(lib_a-errno.o)
                              CMakeFiles/blackbox_v2_bootloader.dir/Core/Src/sysmem.c.obj (__errno)
c:/tools/gcc-arm-none-eabi-10.3-2021.10/bin/../lib/gcc/arm-none-eabi/10.3.1/../../../../arm-none-eabi/lib/thumb/v7e-m+fp/hard\libg_nano.a(lib_a-memcpy-stub.o)
                              CMakeFiles/blackbox_v2_bootloader.dir/fh_bootloader/fh_bootloader.c.obj (memcpy)
c:/tools/gcc-arm-none-eabi-10.3-2021.10/bin/../lib/gcc/arm-none-eabi/10.3.1/../../../../arm-none-eabi/lib/thumb/v7e-m+fp/hard\libg_nano.a(lib_a-memmove.o)
                              CMakeFiles/blackbox_v2_bootloader.dir/fh_bootloader/fh_bootloader.c.obj (memmove)
c:/tools/gcc-arm-none-eabi-10.3-2021.10/bin/../lib/gcc/arm-none-eabi/10.3.1/../../../../arm-none-eabi/lib/thumb/v7e-m+fp/hard\libg_nano.a(lib_a-printf.o)
                              CMakeFiles/blackbox_v2_bootloader.dir/fh_bootloader/fh_bootloader.c.obj (printf)
c:/tools/gcc-arm-none-eabi-10.3-2021.10/bin/../lib/gcc/arm-none-eabi/10.3.1/../../../../arm-none-eabi/lib/thumb/v7e-m+fp/hard\libg_nano.a(lib_a-puts.o)
                              CMakeFiles/blackbox_v2_bootloader.dir/fh_bootloader/fh_bootloader.c.obj (puts)
c:/tools/gcc-arm-none-eabi-10.3-2021.10/bin/../lib/gcc/arm-none-eabi/10.3.1/../../../../arm-none-eabi/lib/thumb/v7e-m+fp/hard\libg_nano.a(lib_a-wbuf.o)
                              c:/tools/gcc-arm-none-eabi-10.3-2021.10/bin/../lib/gcc/arm-none-eabi/10.3.1/../../../../arm-none-eabi/lib/thumb/v7e-m+fp/hard\libg_nano.a(lib_a-puts.o) (__swbuf_r)
c:/tools/gcc-arm-none-eabi-10.3-2021.10/bin/../lib/gcc/arm-none-eabi/10.3.1/../../../../arm-none-eabi/lib/thumb/v7e-m+fp/hard\libg_nano.a(lib_a-wsetup.o)
                              c:/tools/gcc-arm-none-eabi-10.3-2021.10/bin/../lib/gcc/arm-none-eabi/10.3.1/../../../../arm-none-eabi/lib/thumb/v7e-m+fp/hard\libg_nano.a(lib_a-puts.o) (__swsetup_r)
c:/tools/gcc-arm-none-eabi-10.3-2021.10/bin/../lib/gcc/arm-none-eabi/10.3.1/../../../../arm-none-eabi/lib/thumb/v7e-m+fp/hard\libg_nano.a(lib_a-fflush.o)
                              c:/tools/gcc-arm-none-eabi-10.3-2021.10/bin/../lib/gcc/arm-none-eabi/10.3.1/../../../../arm-none-eabi/lib/thumb/v7e-m+fp/hard\libg_nano.a(lib_a-wbuf.o) (_fflush_r)
[...]
Memory Configuration

Name             Origin             Length             Attributes
RAM              0x20000000         0x00020000         xrw
FLASH            0x08000000         0x00080000         xr
*default*        0x00000000         0xffffffff

Linker script and memory map

LOAD c:/tools/gcc-arm-none-eabi-10.3-2021.10/bin/../lib/gcc/arm-none-eabi/10.3.1/thumb/v7e-m+fp/hard/crti.o
LOAD c:/tools/gcc-arm-none-eabi-10.3-2021.10/bin/../lib/gcc/arm-none-eabi/10.3.1/thumb/v7e-m+fp/hard/crtbegin.o
LOAD c:/tools/gcc-arm-none-eabi-10.3-2021.10/bin/../lib/gcc/arm-none-eabi/10.3.1/../../../../arm-none-eabi/lib/thumb/v7e-m+fp/hard/crt0.o
START GROUP
LOAD c:/tools/gcc-arm-none-eabi-10.3-2021.10/bin/../lib/gcc/arm-none-eabi/10.3.1/../../../../arm-none-eabi/lib/thumb/v7e-m+fp/hard\libc_nano.a
LOAD c:/tools/gcc-arm-none-eabi-10.3-2021.10/bin/../lib/gcc/arm-none-eabi/10.3.1/../../../../arm-none-eabi/lib/thumb/v7e-m+fp/hard\libm.a
END GROUP
LOAD CMakeFiles/blackbox_v2_bootloader.dir/fh_bootloader/fh_bootloader.c.obj
LOAD CMakeFiles/blackbox_v2_bootloader.dir/fh_ringbuff/ringbuff.c.obj
LOAD CMakeFiles/blackbox_v2_bootloader.dir/fh_stream/fh_stream.c.obj
LOAD CMakeFiles/blackbox_v2_bootloader.dir/Core/Src/main.c.obj
LOAD CMakeFiles/blackbox_v2_bootloader.dir/Core/Src/gpio.c.obj
LOAD CMakeFiles/blackbox_v2_bootloader.dir/Core/Src/crc.c.obj
LOAD CMakeFiles/blackbox_v2_bootloader.dir/Core/Src/usart.c.obj
LOAD CMakeFiles/blackbox_v2_bootloader.dir/Core/Src/stm32f4xx_it.c.obj
LOAD CMakeFiles/blackbox_v2_bootloader.dir/Core/Src/stm32f4xx_hal_msp.c.obj
LOAD CMakeFiles/blackbox_v2_bootloader.dir/Drivers/STM32F4xx_HAL_Driver/Src/stm32f4xx_hal_crc.c.obj
LOAD CMakeFiles/blackbox_v2_bootloader.dir/Drivers/STM32F4xx_HAL_Driver/Src/stm32f4xx_hal_rcc.c.obj
LOAD CMakeFiles/blackbox_v2_bootloader.dir/Drivers/STM32F4xx_HAL_Driver/Src/stm32f4xx_hal_rcc_ex.c.obj
LOAD CMakeFiles/blackbox_v2_bootloader.dir/Drivers/STM32F4xx_HAL_Driver/Src/stm32f4xx_hal_flash.c.obj
LOAD CMakeFiles/blackbox_v2_bootloader.dir/Drivers/STM32F4xx_HAL_Driver/Src/stm32f4xx_hal_flash_ex.c.obj
LOAD CMakeFiles/blackbox_v2_bootloader.dir/Drivers/STM32F4xx_HAL_Driver/Src/stm32f4xx_hal_flash_ramfunc.c.obj
LOAD CMakeFiles/blackbox_v2_bootloader.dir/Drivers/STM32F4xx_HAL_Driver/Src/stm32f4xx_hal_gpio.c.obj
LOAD CMakeFiles/blackbox_v2_bootloader.dir/Drivers/STM32F4xx_HAL_Driver/Src/stm32f4xx_hal_dma_ex.c.obj
LOAD CMakeFiles/blackbox_v2_bootloader.dir/Drivers/STM32F4xx_HAL_Driver/Src/stm32f4xx_hal_dma.c.obj
LOAD CMakeFiles/blackbox_v2_bootloader.dir/Drivers/STM32F4xx_HAL_Driver/Src/stm32f4xx_hal_pwr.c.obj
LOAD CMakeFiles/blackbox_v2_bootloader.dir/Drivers/STM32F4xx_HAL_Driver/Src/stm32f4xx_hal_pwr_ex.c.obj
LOAD CMakeFiles/blackbox_v2_bootloader.dir/Drivers/STM32F4xx_HAL_Driver/Src/stm32f4xx_hal_cortex.c.obj
LOAD CMakeFiles/blackbox_v2_bootloader.dir/Drivers/STM32F4xx_HAL_Driver/Src/stm32f4xx_hal.c.obj
LOAD CMakeFiles/blackbox_v2_bootloader.dir/Drivers/STM32F4xx_HAL_Driver/Src/stm32f4xx_hal_exti.c.obj
LOAD CMakeFiles/blackbox_v2_bootloader.dir/Drivers/STM32F4xx_HAL_Driver/Src/stm32f4xx_hal_uart.c.obj
LOAD CMakeFiles/blackbox_v2_bootloader.dir/Core/Src/system_stm32f4xx.c.obj
LOAD CMakeFiles/blackbox_v2_bootloader.dir/Core/Src/sysmem.c.obj
LOAD CMakeFiles/blackbox_v2_bootloader.dir/Core/Src/syscalls.c.obj
LOAD CMakeFiles/blackbox_v2_bootloader.dir/startup_stm32f411xe.s.obj
START GROUP
LOAD c:/tools/gcc-arm-none-eabi-10.3-2021.10/bin/../lib/gcc/arm-none-eabi/10.3.1/thumb/v7e-m+fp/hard\libgcc.a
LOAD c:/tools/gcc-arm-none-eabi-10.3-2021.10/bin/../lib/gcc/arm-none-eabi/10.3.1/../../../../arm-none-eabi/lib/thumb/v7e-m+fp/hard\libg_nano.a
LOAD c:/tools/gcc-arm-none-eabi-10.3-2021.10/bin/../lib/gcc/arm-none-eabi/10.3.1/../../../../arm-none-eabi/lib/thumb/v7e-m+fp/hard\libc_nano.a
END GROUP
START GROUP
LOAD c:/tools/gcc-arm-none-eabi-10.3-2021.10/bin/../lib/gcc/arm-none-eabi/10.3.1/thumb/v7e-m+fp/hard\libgcc.a
LOAD c:/tools/gcc-arm-none-eabi-10.3-2021.10/bin/../lib/gcc/arm-none-eabi/10.3.1/../../../../arm-none-eabi/lib/thumb/v7e-m+fp/hard\libc_nano.a
END GROUP
LOAD c:/tools/gcc-arm-none-eabi-10.3-2021.10/bin/../lib/gcc/arm-none-eabi/10.3.1/thumb/v7e-m+fp/hard/crtend.o
LOAD c:/tools/gcc-arm-none-eabi-10.3-2021.10/bin/../lib/gcc/arm-none-eabi/10.3.1/thumb/v7e-m+fp/hard/crtn.o
                0x20020000                _estack = (ORIGIN (RAM) + LENGTH (RAM))
                0x00000200                _Min_Heap_Size = 0x200
                0x00001400                _Min_Stack_Size = 0x1400

.isr_vector     0x08000000      0x198
                0x08000000                . = ALIGN (0x4)
 *(.isr_vector)
 .isr_vector    0x08000000      0x198 CMakeFiles/blackbox_v2_bootloader.dir/startup_stm32f411xe.s.obj
                0x08000000                g_pfnVectors
                0x08000198                . = ALIGN (0x4)

.text           0x080001a0     0x32c8
                0x080001a0                . = ALIGN (0x4)
 *(.text)
 .text          0x080001a0       0x40 c:/tools/gcc-arm-none-eabi-10.3-2021.10/bin/../lib/gcc/arm-none-eabi/10.3.1/thumb/v7e-m+fp/hard/crtbegin.o
 .text          0x080001e0       0x30 c:/tools/gcc-arm-none-eabi-10.3-2021.10/bin/../lib/gcc/arm-none-eabi/10.3.1/thumb/v7e-m+fp/hard\libgcc.a(_aeabi_uldivmod.o)
                0x080001e0                __aeabi_uldivmod
 .text          0x08000210      0x2d0 c:/tools/gcc-arm-none-eabi-10.3-2021.10/bin/../lib/gcc/arm-none-eabi/10.3.1/thumb/v7e-m+fp/hard\libgcc.a(_udivmoddi4.o)
                0x08000210                __udivmoddi4
 .text          0x080004e0        0x4 c:/tools/gcc-arm-none-eabi-10.3-2021.10/bin/../lib/gcc/arm-none-eabi/10.3.1/thumb/v7e-m+fp/hard\libgcc.a(_dvmd_tls.o)
                0x080004e0                __aeabi_idiv0
                0x080004e0                __aeabi_ldiv0
 *fill*         0x080004e4        0xc 
 .text          0x080004f0       0xa0 c:/tools/gcc-arm-none-eabi-10.3-2021.10/bin/../lib/gcc/arm-none-eabi/10.3.1/../../../../arm-none-eabi/lib/thumb/v7e-m+fp/hard\libg_nano.a(lib_a-memchr.o)
                0x080004f0                memchr
 *(.text*)
 .text.__libc_init_array
                0x08000590       0x48 c:/tools/gcc-arm-none-eabi-10.3-2021.10/bin/../lib/gcc/arm-none-eabi/10.3.1/../../../../arm-none-eabi/lib/thumb/v7e-m+fp/hard\libc_nano.a(lib_a-init.o)
                0x08000590                __libc_init_array
 .text.memset   0x080005d8       0x10 c:/tools/gcc-arm-none-eabi-10.3-2021.10/bin/../lib/gcc/arm-none-eabi/10.3.1/../../../../arm-none-eabi/lib/thumb/v7e-m+fp/hard\libc_nano.a(lib_a-memset.o)
                0x080005d8                memset
 .text.fh_bl_ack.isra.0
                0x080005e8       0x2c CMakeFiles/blackbox_v2_bootloader.dir/fh_bootloader/fh_bootloader.c.obj
 .text.fh_bl_flash_write.part.0
                0x08000614       0xa0 CMakeFiles/blackbox_v2_bootloader.dir/fh_bootloader/fh_bootloader.c.obj
 .text.HAL_UART_RxCpltCallback
                0x080006b4       0x34 CMakeFiles/blackbox_v2_bootloader.dir/fh_bootloader/fh_bootloader.c.obj
                0x080006b4                HAL_UART_RxCpltCallback
 .text.fh_bl_info_read
                0x080006e8       0x30 CMakeFiles/blackbox_v2_bootloader.dir/fh_bootloader/fh_bootloader.c.obj
                0x080006e8                fh_bl_info_read
 .text.fh_bl_hello
                0x08000718       0x44 CMakeFiles/blackbox_v2_bootloader.dir/fh_bootloader/fh_bootloader.c.obj
                0x08000718                fh_bl_hello
 .text.fh_bl_info_write
                0x0800075c       0x7c CMakeFiles/blackbox_v2_bootloader.dir/fh_bootloader/fh_bootloader.c.obj
                0x0800075c                fh_bl_info_write
 .text.fh_bl_update
                0x080007d8      0x10c CMakeFiles/blackbox_v2_bootloader.dir/fh_bootloader/fh_bootloader.c.obj
                0x080007d8                fh_bl_update
 .text.fh_bl_jmp_to_app
                0x080008e4       0x7c CMakeFiles/blackbox_v2_bootloader.dir/fh_bootloader/fh_bootloader.c.obj
                0x080008e4                fh_bl_jmp_to_app
 .text.fh_bl_boot
                0x08000960       0x40 CMakeFiles/blackbox_v2_bootloader.dir/fh_bootloader/fh_bootloader.c.obj
                0x08000960                fh_bl_boot
 .text.RingBuff_Init
                0x080009a0        0x8 CMakeFiles/blackbox_v2_bootloader.dir/fh_ringbuff/ringbuff.c.obj
                0x080009a0                RingBuff_Init
 .text.Write_RingBuff
                0x080009a8       0x24 CMakeFiles/blackbox_v2_bootloader.dir/fh_ringbuff/ringbuff.c.obj
                0x080009a8                Write_RingBuff
 .text.Read_RingBuff
                0x080009cc       0x20 CMakeFiles/blackbox_v2_bootloader.dir/fh_ringbuff/ringbuff.c.obj
                0x080009cc                Read_RingBuff
 .text.fh_state_tag
                0x080009ec       0x10 CMakeFiles/blackbox_v2_bootloader.dir/fh_stream/fh_stream.c.obj
 .text.fh_state_length
                0x080009fc       0x10 CMakeFiles/blackbox_v2_bootloader.dir/fh_stream/fh_stream.c.obj
 .text.fh_state_value
                0x08000a0c       0x20 CMakeFiles/blackbox_v2_bootloader.dir/fh_stream/fh_stream.c.obj
 .text.fh_state_crc
                0x08000a2c       0x44 CMakeFiles/blackbox_v2_bootloader.dir/fh_stream/fh_stream.c.obj
 .text.fh_state_idle
                0x08000a70       0x14 CMakeFiles/blackbox_v2_bootloader.dir/fh_stream/fh_stream.c.obj
 .text.fh_stream_set_crc_func
                0x08000a84        0xc CMakeFiles/blackbox_v2_bootloader.dir/fh_stream/fh_stream.c.obj
                0x08000a84                fh_stream_set_crc_func
 .text.fh_stream_pack
                0x08000a90       0x40 CMakeFiles/blackbox_v2_bootloader.dir/fh_stream/fh_stream.c.obj
                0x08000a90                fh_stream_pack
 .text.fh_stream_unpack
                0x08000ad0       0x38 CMakeFiles/blackbox_v2_bootloader.dir/fh_stream/fh_stream.c.obj
                0x08000ad0                fh_stream_unpack
 .text.crc32    0x08000b08       0x34 CMakeFiles/blackbox_v2_bootloader.dir/Core/Src/main.c.obj
                0x08000b08                crc32
 *fill*         0x08000b3c        0x4 
 .text.SystemClock_Config
                0x08000b40       0xb8 CMakeFiles/blackbox_v2_bootloader.dir/Core/Src/main.c.obj
                0x08000b40                SystemClock_Config
 .text.startup.main
                0x08000bf8       0x4c CMakeFiles/blackbox_v2_bootloader.dir/Core/Src/main.c.obj
                0x08000bf8                main
 .text.Error_Handler
                0x08000c44        0x4 CMakeFiles/blackbox_v2_bootloader.dir/Core/Src/main.c.obj
                0x08000c44                Error_Handler
 .text.MX_GPIO_Init
                0x08000c48       0x4c CMakeFiles/blackbox_v2_bootloader.dir/Core/Src/gpio.c.obj
                0x08000c48                MX_GPIO_Init
 .text.MX_CRC_Init
                0x08000c94       0x20 CMakeFiles/blackbox_v2_bootloader.dir/Core/Src/crc.c.obj
                0x08000c94                MX_CRC_Init
 .text.HAL_CRC_MspInit
                0x08000cb4       0x34 CMakeFiles/blackbox_v2_bootloader.dir/Core/Src/crc.c.obj
                0x08000cb4                HAL_CRC_MspInit
 .text.__io_putchar
                0x08000ce8       0x20 CMakeFiles/blackbox_v2_bootloader.dir/Core/Src/usart.c.obj
                0x08000ce8                __io_putchar
 .text.MX_USART1_UART_Init
                0x08000d08       0x38 CMakeFiles/blackbox_v2_bootloader.dir/Core/Src/usart.c.obj
                0x08000d08                MX_USART1_UART_Init
 .text.HAL_UART_MspInit
                0x08000d40       0x7c CMakeFiles/blackbox_v2_bootloader.dir/Core/Src/usart.c.obj
                0x08000d40                HAL_UART_MspInit
 .text.NMI_Handler
                0x08000dbc        0x4 CMakeFiles/blackbox_v2_bootloader.dir/Core/Src/stm32f4xx_it.c.obj
                0x08000dbc                NMI_Handler
 .text.HardFault_Handler
                0x08000dc0        0x4 CMakeFiles/blackbox_v2_bootloader.dir/Core/Src/stm32f4xx_it.c.obj
                0x08000dc0                HardFault_Handler
 .text.MemManage_Handler
                0x08000dc4        0x4 CMakeFiles/blackbox_v2_bootloader.dir/Core/Src/stm32f4xx_it.c.obj
                0x08000dc4                MemManage_Handler
 .text.BusFault_Handler
                0x08000dc8        0x4 CMakeFiles/blackbox_v2_bootloader.dir/Core/Src/stm32f4xx_it.c.obj
                0x08000dc8                BusFault_Handler
 .text.UsageFault_Handler
                0x08000dcc        0x4 CMakeFiles/blackbox_v2_bootloader.dir/Core/Src/stm32f4xx_it.c.obj
                0x08000dcc                UsageFault_Handler
 .text.SVC_Handler
                0x08000dd0        0x4 CMakeFiles/blackbox_v2_bootloader.dir/Core/Src/stm32f4xx_it.c.obj
                0x08000dd0                SVC_Handler
 .text.DebugMon_Handler
                0x08000dd4        0x4 CMakeFiles/blackbox_v2_bootloader.dir/Core/Src/stm32f4xx_it.c.obj
                0x08000dd4                DebugMon_Handler
 .text.PendSV_Handler
                0x08000dd8        0x4 CMakeFiles/blackbox_v2_bootloader.dir/Core/Src/stm32f4xx_it.c.obj
                0x08000dd8                PendSV_Handler
 .text.SysTick_Handler
                0x08000ddc        0x4 CMakeFiles/blackbox_v2_bootloader.dir/Core/Src/stm32f4xx_it.c.obj
                0x08000ddc                SysTick_Handler
 .text.RCC_IRQHandler
                0x08000de0        0x4 CMakeFiles/blackbox_v2_bootloader.dir/Core/Src/stm32f4xx_it.c.obj
                0x08000de0                RCC_IRQHandler
 .text.USART1_IRQHandler
                0x08000de4        0xc CMakeFiles/blackbox_v2_bootloader.dir/Core/Src/stm32f4xx_it.c.obj
                0x08000de4                USART1_IRQHandler
 .text.HAL_MspInit
                0x08000df0       0x48 CMakeFiles/blackbox_v2_bootloader.dir/Core/Src/stm32f4xx_hal_msp.c.obj
                0x08000df0                HAL_MspInit
 .text.HAL_CRC_Init
                0x08000e38       0x28 CMakeFiles/blackbox_v2_bootloader.dir/Drivers/STM32F4xx_HAL_Driver/Src/stm32f4xx_hal_crc.c.obj
                0x08000e38                HAL_CRC_Init
 .text.HAL_RCC_OscConfig
                0x08000e60      0x3c8 CMakeFiles/blackbox_v2_bootloader.dir/Drivers/STM32F4xx_HAL_Driver/Src/stm32f4xx_hal_rcc.c.obj
                0x08000e60                HAL_RCC_OscConfig
 .text.HAL_RCC_GetSysClockFreq
                0x08001228       0x68 CMakeFiles/blackbox_v2_bootloader.dir/Drivers/STM32F4xx_HAL_Driver/Src/stm32f4xx_hal_rcc.c.obj
                0x08001228                HAL_RCC_GetSysClockFreq
 .text.HAL_RCC_ClockConfig
                0x08001290      0x13c CMakeFiles/blackbox_v2_bootloader.dir/Drivers/STM32F4xx_HAL_Driver/Src/stm32f4xx_hal_rcc.c.obj
                0x08001290                HAL_RCC_ClockConfig
 .text.HAL_RCC_GetPCLK1Freq
                0x080013cc       0x20 CMakeFiles/blackbox_v2_bootloader.dir/Drivers/STM32F4xx_HAL_Driver/Src/stm32f4xx_hal_rcc.c.obj
                0x080013cc                HAL_RCC_GetPCLK1Freq
 .text.HAL_RCC_GetPCLK2Freq
                0x080013ec       0x20 CMakeFiles/blackbox_v2_bootloader.dir/Drivers/STM32F4xx_HAL_Driver/Src/stm32f4xx_hal_rcc.c.obj
                0x080013ec                HAL_RCC_GetPCLK2Freq
 .text.FLASH_SetErrorCode
                0x0800140c       0x90 CMakeFiles/blackbox_v2_bootloader.dir/Drivers/STM32F4xx_HAL_Driver/Src/stm32f4xx_hal_flash.c.obj
 .text.HAL_FLASH_Program
                0x0800149c      0x144 CMakeFiles/blackbox_v2_bootloader.dir/Drivers/STM32F4xx_HAL_Driver/Src/stm32f4xx_hal_flash.c.obj
                0x0800149c                HAL_FLASH_Program
 .text.HAL_FLASH_Unlock
                0x080015e0       0x28 CMakeFiles/blackbox_v2_bootloader.dir/Drivers/STM32F4xx_HAL_Driver/Src/stm32f4xx_hal_flash.c.obj
                0x080015e0                HAL_FLASH_Unlock
 .text.HAL_FLASH_Lock
                0x08001608       0x14 CMakeFiles/blackbox_v2_bootloader.dir/Drivers/STM32F4xx_HAL_Driver/Src/stm32f4xx_hal_flash.c.obj
                0x08001608                HAL_FLASH_Lock
 .text.FLASH_WaitForLastOperation
                0x0800161c       0x5c CMakeFiles/blackbox_v2_bootloader.dir/Drivers/STM32F4xx_HAL_Driver/Src/stm32f4xx_hal_flash.c.obj
                0x0800161c                FLASH_WaitForLastOperation
 .text.FLASH_FlushCaches
                0x08001678       0x58 CMakeFiles/blackbox_v2_bootloader.dir/Drivers/STM32F4xx_HAL_Driver/Src/stm32f4xx_hal_flash_ex.c.obj
                0x08001678                FLASH_FlushCaches
 .text.HAL_FLASHEx_Erase
                0x080016d0      0x104 CMakeFiles/blackbox_v2_bootloader.dir/Drivers/STM32F4xx_HAL_Driver/Src/stm32f4xx_hal_flash_ex.c.obj
                0x080016d0                HAL_FLASHEx_Erase
 .text.HAL_GPIO_Init
                0x080017d4      0x1e4 CMakeFiles/blackbox_v2_bootloader.dir/Drivers/STM32F4xx_HAL_Driver/Src/stm32f4xx_hal_gpio.c.obj
                0x080017d4                HAL_GPIO_Init
 .text.HAL_DMA_Abort
                0x080019b8       0x90 CMakeFiles/blackbox_v2_bootloader.dir/Drivers/STM32F4xx_HAL_Driver/Src/stm32f4xx_hal_dma.c.obj
                0x080019b8                HAL_DMA_Abort
 .text.HAL_DMA_Abort_IT
                0x08001a48       0x24 CMakeFiles/blackbox_v2_bootloader.dir/Drivers/STM32F4xx_HAL_Driver/Src/stm32f4xx_hal_dma.c.obj
                0x08001a48                HAL_DMA_Abort_IT
 .text.HAL_NVIC_SetPriorityGrouping
                0x08001a6c       0x24 CMakeFiles/blackbox_v2_bootloader.dir/Drivers/STM32F4xx_HAL_Driver/Src/stm32f4xx_hal_cortex.c.obj
                0x08001a6c                HAL_NVIC_SetPriorityGrouping
 .text.HAL_NVIC_SetPriority
                0x08001a90       0x7c CMakeFiles/blackbox_v2_bootloader.dir/Drivers/STM32F4xx_HAL_Driver/Src/stm32f4xx_hal_cortex.c.obj
                0x08001a90                HAL_NVIC_SetPriority
 .text.HAL_NVIC_EnableIRQ
                0x08001b0c       0x1c CMakeFiles/blackbox_v2_bootloader.dir/Drivers/STM32F4xx_HAL_Driver/Src/stm32f4xx_hal_cortex.c.obj
                0x08001b0c                HAL_NVIC_EnableIRQ
 .text.HAL_NVIC_DisableIRQ
                0x08001b28       0x28 CMakeFiles/blackbox_v2_bootloader.dir/Drivers/STM32F4xx_HAL_Driver/Src/stm32f4xx_hal_cortex.c.obj
                0x08001b28                HAL_NVIC_DisableIRQ
 .text.HAL_SYSTICK_Config
                0x08001b50       0x34 CMakeFiles/blackbox_v2_bootloader.dir/Drivers/STM32F4xx_HAL_Driver/Src/stm32f4xx_hal_cortex.c.obj
                0x08001b50                HAL_SYSTICK_Config
 .text.HAL_MspDeInit
                0x08001b84        0x4 CMakeFiles/blackbox_v2_bootloader.dir/Drivers/STM32F4xx_HAL_Driver/Src/stm32f4xx_hal.c.obj
                0x08001b84                HAL_MspDeInit
 .text.HAL_DeInit
                0x08001b88       0x40 CMakeFiles/blackbox_v2_bootloader.dir/Drivers/STM32F4xx_HAL_Driver/Src/stm32f4xx_hal.c.obj
                0x08001b88                HAL_DeInit
 .text.HAL_InitTick
                0x08001bc8       0x48 CMakeFiles/blackbox_v2_bootloader.dir/Drivers/STM32F4xx_HAL_Driver/Src/stm32f4xx_hal.c.obj
                0x08001bc8                HAL_InitTick
 .text.HAL_Init
                0x08001c10       0x34 CMakeFiles/blackbox_v2_bootloader.dir/Drivers/STM32F4xx_HAL_Driver/Src/stm32f4xx_hal.c.obj
                0x08001c10                HAL_Init
 .text.HAL_IncTick
                0x08001c44       0x18 CMakeFiles/blackbox_v2_bootloader.dir/Drivers/STM32F4xx_HAL_Driver/Src/stm32f4xx_hal.c.obj
                0x08001c44                HAL_IncTick
 .text.HAL_GetTick
                0x08001c5c        0xc CMakeFiles/blackbox_v2_bootloader.dir/Drivers/STM32F4xx_HAL_Driver/Src/stm32f4xx_hal.c.obj
                0x08001c5c                HAL_GetTick
 .text.HAL_UART_Init
                0x08001c68      0x13c CMakeFiles/blackbox_v2_bootloader.dir/Drivers/STM32F4xx_HAL_Driver/Src/stm32f4xx_hal_uart.c.obj
                0x08001c68                HAL_UART_Init
 .text.HAL_UART_Transmit
                0x08001da4       0xdc CMakeFiles/blackbox_v2_bootloader.dir/Drivers/STM32F4xx_HAL_Driver/Src/stm32f4xx_hal_uart.c.obj
                0x08001da4                HAL_UART_Transmit
 .text.HAL_UART_Receive_IT
                0x08001e80       0x4c CMakeFiles/blackbox_v2_bootloader.dir/Drivers/STM32F4xx_HAL_Driver/Src/stm32f4xx_hal_uart.c.obj
                0x08001e80                HAL_UART_Receive_IT
 .text.HAL_UART_TxCpltCallback
                0x08001ecc        0x4 CMakeFiles/blackbox_v2_bootloader.dir/Drivers/STM32F4xx_HAL_Driver/Src/stm32f4xx_hal_uart.c.obj
                0x08001ecc                HAL_UART_TxCpltCallback
 .text.HAL_UART_ErrorCallback
                0x08001ed0        0x4 CMakeFiles/blackbox_v2_bootloader.dir/Drivers/STM32F4xx_HAL_Driver/Src/stm32f4xx_hal_uart.c.obj
                0x08001ed0                HAL_UART_ErrorCallback
 .text.UART_DMAAbortOnError
                0x08001ed4       0x10 CMakeFiles/blackbox_v2_bootloader.dir/Drivers/STM32F4xx_HAL_Driver/Src/stm32f4xx_hal_uart.c.obj
 .text.HAL_UARTEx_RxEventCallback
                0x08001ee4        0x4 CMakeFiles/blackbox_v2_bootloader.dir/Drivers/STM32F4xx_HAL_Driver/Src/stm32f4xx_hal_uart.c.obj
                0x08001ee4                HAL_UARTEx_RxEventCallback
 .text.UART_Receive_IT.part.0.isra.0
                0x08001ee8       0xd0 CMakeFiles/blackbox_v2_bootloader.dir/Drivers/STM32F4xx_HAL_Driver/Src/stm32f4xx_hal_uart.c.obj
 .text.HAL_UART_IRQHandler
                0x08001fb8      0x334 CMakeFiles/blackbox_v2_bootloader.dir/Drivers/STM32F4xx_HAL_Driver/Src/stm32f4xx_hal_uart.c.obj
                0x08001fb8                HAL_UART_IRQHandler
 .text.SystemInit
                0x080022ec       0x14 CMakeFiles/blackbox_v2_bootloader.dir/Core/Src/system_stm32f4xx.c.obj
                0x080022ec                SystemInit
 .text._sbrk    0x08002300       0x44 CMakeFiles/blackbox_v2_bootloader.dir/Core/Src/sysmem.c.obj
                0x08002300                _sbrk
 .text._read    0x08002344       0x1c CMakeFiles/blackbox_v2_bootloader.dir/Core/Src/syscalls.c.obj
                0x08002344                _read
 .text._write   0x08002360       0x1c CMakeFiles/blackbox_v2_bootloader.dir/Core/Src/syscalls.c.obj
                0x08002360                _write
 .text._close   0x0800237c        0x8 CMakeFiles/blackbox_v2_bootloader.dir/Core/Src/syscalls.c.obj
                0x0800237c                _close
 .text._fstat   0x08002384        0xc CMakeFiles/blackbox_v2_bootloader.dir/Core/Src/syscalls.c.obj
                0x08002384                _fstat
 .text._isatty  0x08002390        0x4 CMakeFiles/blackbox_v2_bootloader.dir/Core/Src/syscalls.c.obj
                0x08002390                _isatty
 .text._lseek   0x08002394        0x4 CMakeFiles/blackbox_v2_bootloader.dir/Core/Src/syscalls.c.obj
                0x08002394                _lseek
 .text.Reset_Handler
                0x08002398       0x50 CMakeFiles/blackbox_v2_bootloader.dir/startup_stm32f411xe.s.obj
                0x08002398                Reset_Handler
 .text.Default_Handler
                0x080023e8        0x2 CMakeFiles/blackbox_v2_bootloader.dir/startup_stm32f411xe.s.obj
                0x080023e8                RTC_Alarm_IRQHandler
                0x080023e8                EXTI2_IRQHandler
                0x080023e8                SPI4_IRQHandler
                0x080023e8                TIM1_CC_IRQHandler
                0x080023e8                DMA2_Stream5_IRQHandler
                0x080023e8                DMA1_Stream5_IRQHandler
                0x080023e8                PVD_IRQHandler
                0x080023e8                SDIO_IRQHandler
                0x080023e8                TAMP_STAMP_IRQHandler
                0x080023e8                EXTI3_IRQHandler
                0x080023e8                TIM1_UP_TIM10_IRQHandler
                0x080023e8                I2C3_ER_IRQHandler
                0x080023e8                EXTI0_IRQHandler
                0x080023e8                I2C2_EV_IRQHandler
                0x080023e8                DMA1_Stream2_IRQHandler
                0x080023e8                FPU_IRQHandler
                0x080023e8                DMA2_Stream2_IRQHandler
                0x080023e8                SPI1_IRQHandler
                0x080023e8                TIM1_BRK_TIM9_IRQHandler
                0x080023e8                DMA2_Stream3_IRQHandler
                0x080023e8                USART6_IRQHandler
                0x080023e8                DMA2_Stream0_IRQHandler
                0x080023e8                TIM4_IRQHandler
                0x080023e8                I2C1_EV_IRQHandler
                0x080023e8                DMA1_Stream6_IRQHandler
                0x080023e8                DMA1_Stream1_IRQHandler
                0x080023e8                TIM3_IRQHandler
                0x080023e8                Default_Handler
                0x080023e8                EXTI15_10_IRQHandler
                0x080023e8                ADC_IRQHandler
                0x080023e8                DMA1_Stream7_IRQHandler
                0x080023e8                SPI5_IRQHandler
                0x080023e8                TIM5_IRQHandler
                0x080023e8                DMA2_Stream7_IRQHandler
                0x080023e8                I2C3_EV_IRQHandler
                0x080023e8                EXTI9_5_IRQHandler
                0x080023e8                RTC_WKUP_IRQHandler
                0x080023e8                SPI2_IRQHandler
                0x080023e8                DMA1_Stream0_IRQHandler
                0x080023e8                EXTI4_IRQHandler
                0x080023e8                WWDG_IRQHandler
                0x080023e8                TIM2_IRQHandler
                0x080023e8                OTG_FS_WKUP_IRQHandler
                0x080023e8                TIM1_TRG_COM_TIM11_IRQHandler
                0x080023e8                EXTI1_IRQHandler
                0x080023e8                USART2_IRQHandler
                0x080023e8                I2C2_ER_IRQHandler
                0x080023e8                DMA2_Stream1_IRQHandler
                0x080023e8                FLASH_IRQHandler
                0x080023e8                DMA2_Stream4_IRQHandler
                0x080023e8                OTG_FS_IRQHandler
                0x080023e8                SPI3_IRQHandler
                0x080023e8                DMA1_Stream4_IRQHandler
                0x080023e8                I2C1_ER_IRQHandler
                0x080023e8                DMA2_Stream6_IRQHandler
                0x080023e8                DMA1_Stream3_IRQHandler
 *fill*         0x080023ea        0x2 
 .text.__errno  0x080023ec        0xc c:/tools/gcc-arm-none-eabi-10.3-2021.10/bin/../lib/gcc/arm-none-eabi/10.3.1/../../../../arm-none-eabi/lib/thumb/v7e-m+fp/hard\libg_nano.a(lib_a-errno.o)
                0x080023ec                __errno
 .text.memcpy   0x080023f8       0x1c c:/tools/gcc-arm-none-eabi-10.3-2021.10/bin/../lib/gcc/arm-none-eabi/10.3.1/../../../../arm-none-eabi/lib/thumb/v7e-m+fp/hard\libg_nano.a(lib_a-memcpy-stub.o)
                0x080023f8                memcpy
 .text.memmove  0x08002414       0x34 c:/tools/gcc-arm-none-eabi-10.3-2021.10/bin/../lib/gcc/arm-none-eabi/10.3.1/../../../../arm-none-eabi/lib/thumb/v7e-m+fp/hard\libg_nano.a(lib_a-memmove.o)
                0x08002414                memmove
 .text.printf   0x08002448       0x30 c:/tools/gcc-arm-none-eabi-10.3-2021.10/bin/../lib/gcc/arm-none-eabi/10.3.1/../../../../arm-none-eabi/lib/thumb/v7e-m+fp/hard\libg_nano.a(lib_a-printf.o)
                0x08002448                iprintf
                0x08002448                printf
 .text._puts_r  0x08002478       0xdc c:/tools/gcc-arm-none-eabi-10.3-2021.10/bin/../lib/gcc/arm-none-eabi/10.3.1/../../../../arm-none-eabi/lib/thumb/v7e-m+fp/hard\libg_nano.a(lib_a-puts.o)
                0x08002478                _puts_r
 .text.puts     0x08002554       0x10 c:/tools/gcc-arm-none-eabi-10.3-2021.10/bin/../lib/gcc/arm-none-eabi/10.3.1/../../../../arm-none-eabi/lib/thumb/v7e-m+fp/hard\libg_nano.a(lib_a-puts.o)
                0x08002554                puts
 .text.__swbuf_r
                0x08002564       0xa4 c:/tools/gcc-arm-none-eabi-10.3-2021.10/bin/../lib/gcc/arm-none-eabi/10.3.1/../../../../arm-none-eabi/lib/thumb/v7e-m+fp/hard\libg_nano.a(lib_a-wbuf.o)
                0x08002564                __swbuf_r
 .text.__swsetup_r
                0x08002608       0xdc c:/tools/gcc-arm-none-eabi-10.3-2021.10/bin/../lib/gcc/arm-none-eabi/10.3.1/../../../../arm-none-eabi/lib/thumb/v7e-m+fp/hard\libg_nano.a(lib_a-wsetup.o)
                0x08002608                __swsetup_r
 .text.__sflush_r
                0x080026e4      0x10c c:/tools/gcc-arm-none-eabi-10.3-2021.10/bin/../lib/gcc/arm-none-eabi/10.3.1/../../../../arm-none-eabi/lib/thumb/v7e-m+fp/hard\libg_nano.a(lib_a-fflush.o)
                0x080026e4                __sflush_r
 .text._fflush_r
                0x080027f0       0x78 c:/tools/gcc-arm-none-eabi-10.3-2021.10/bin/../lib/gcc/arm-none-eabi/10.3.1/../../../../arm-none-eabi/lib/thumb/v7e-m+fp/hard\libg_nano.a(lib_a-fflush.o)
                0x080027f0                _fflush_r
 .text.std      0x08002868       0x48 c:/tools/gcc-arm-none-eabi-10.3-2021.10/bin/../lib/gcc/arm-none-eabi/10.3.1/../../../../arm-none-eabi/lib/thumb/v7e-m+fp/hard\libg_nano.a(lib_a-findfp.o)
 .text._cleanup_r
                0x080028b0        0xc c:/tools/gcc-arm-none-eabi-10.3-2021.10/bin/../lib/gcc/arm-none-eabi/10.3.1/../../../../arm-none-eabi/lib/thumb/v7e-m+fp/hard\libg_nano.a(lib_a-findfp.o)
                0x080028b0                _cleanup_r
 .text.__sfmoreglue
                0x080028bc       0x2c c:/tools/gcc-arm-none-eabi-10.3-2021.10/bin/../lib/gcc/arm-none-eabi/10.3.1/../../../../arm-none-eabi/lib/thumb/v7e-m+fp/hard\libg_nano.a(lib_a-findfp.o)
                0x080028bc                __sfmoreglue
 .text.__sfp_lock_acquire
                0x080028e8        0xc c:/tools/gcc-arm-none-eabi-10.3-2021.10/bin/../lib/gcc/arm-none-eabi/10.3.1/../../../../arm-none-eabi/lib/thumb/v7e-m+fp/hard\libg_nano.a(lib_a-findfp.o)
                0x080028e8                __sfp_lock_acquire
 .text.__sfp_lock_release
                0x080028f4        0xc c:/tools/gcc-arm-none-eabi-10.3-2021.10/bin/../lib/gcc/arm-none-eabi/10.3.1/../../../../arm-none-eabi/lib/thumb/v7e-m+fp/hard\libg_nano.a(lib_a-findfp.o)
                0x080028f4                __sfp_lock_release
 .text.__sinit_lock_acquire
                0x08002900        0xc c:/tools/gcc-arm-none-eabi-10.3-2021.10/bin/../lib/gcc/arm-none-eabi/10.3.1/../../../../arm-none-eabi/lib/thumb/v7e-m+fp/hard\libg_nano.a(lib_a-findfp.o)
                0x08002900                __sinit_lock_acquire
 .text.__sinit_lock_release
                0x0800290c        0xc c:/tools/gcc-arm-none-eabi-10.3-2021.10/bin/../lib/gcc/arm-none-eabi/10.3.1/../../../../arm-none-eabi/lib/thumb/v7e-m+fp/hard\libg_nano.a(lib_a-findfp.o)
                0x0800290c                __sinit_lock_release
 .text.__sinit  0x08002918       0x70 c:/tools/gcc-arm-none-eabi-10.3-2021.10/bin/../lib/gcc/arm-none-eabi/10.3.1/../../../../arm-none-eabi/lib/thumb/v7e-m+fp/hard\libg_nano.a(lib_a-findfp.o)
                0x08002918                __sinit
 .text.__sfp    0x08002988       0x8c c:/tools/gcc-arm-none-eabi-10.3-2021.10/bin/../lib/gcc/arm-none-eabi/10.3.1/../../../../arm-none-eabi/lib/thumb/v7e-m+fp/hard\libg_nano.a(lib_a-findfp.o)
                0x08002988                __sfp
 .text._fwalk_reent
                0x08002a14       0x3e c:/tools/gcc-arm-none-eabi-10.3-2021.10/bin/../lib/gcc/arm-none-eabi/10.3.1/../../../../arm-none-eabi/lib/thumb/v7e-m+fp/hard\libg_nano.a(lib_a-fwalk.o)
                0x08002a14                _fwalk_reent
 .text.__retarget_lock_init_recursive
                0x08002a52        0x2 c:/tools/gcc-arm-none-eabi-10.3-2021.10/bin/../lib/gcc/arm-none-eabi/10.3.1/../../../../arm-none-eabi/lib/thumb/v7e-m+fp/hard\libg_nano.a(lib_a-lock.o)
                0x08002a52                __retarget_lock_init_recursive
 .text.__retarget_lock_acquire_recursive
                0x08002a54        0x2 c:/tools/gcc-arm-none-eabi-10.3-2021.10/bin/../lib/gcc/arm-none-eabi/10.3.1/../../../../arm-none-eabi/lib/thumb/v7e-m+fp/hard\libg_nano.a(lib_a-lock.o)
                0x08002a54                __retarget_lock_acquire_recursive
 .text.__retarget_lock_release_recursive
                0x08002a56        0x2 c:/tools/gcc-arm-none-eabi-10.3-2021.10/bin/../lib/gcc/arm-none-eabi/10.3.1/../../../../arm-none-eabi/lib/thumb/v7e-m+fp/hard\libg_nano.a(lib_a-lock.o)
                0x08002a56                __retarget_lock_release_recursive
 .text.__swhatbuf_r
                0x08002a58       0x4a c:/tools/gcc-arm-none-eabi-10.3-2021.10/bin/../lib/gcc/arm-none-eabi/10.3.1/../../../../arm-none-eabi/lib/thumb/v7e-m+fp/hard\libg_nano.a(lib_a-makebuf.o)
                0x08002a58                __swhatbuf_r
 *fill*         0x08002aa2        0x2 
 .text.__smakebuf_r
                0x08002aa4       0x80 c:/tools/gcc-arm-none-eabi-10.3-2021.10/bin/../lib/gcc/arm-none-eabi/10.3.1/../../../../arm-none-eabi/lib/thumb/v7e-m+fp/hard\libg_nano.a(lib_a-makebuf.o)
                0x08002aa4                __smakebuf_r
 .text._free_r  0x08002b24       0x98 c:/tools/gcc-arm-none-eabi-10.3-2021.10/bin/../lib/gcc/arm-none-eabi/10.3.1/../../../../arm-none-eabi/lib/thumb/v7e-m+fp/hard\libg_nano.a(lib_a-nano-freer.o)
                0x08002b24                _free_r
 .text.sbrk_aligned
                0x08002bbc       0x40 c:/tools/gcc-arm-none-eabi-10.3-2021.10/bin/../lib/gcc/arm-none-eabi/10.3.1/../../../../arm-none-eabi/lib/thumb/v7e-m+fp/hard\libg_nano.a(lib_a-nano-mallocr.o)
 .text._malloc_r
                0x08002bfc       0xe8 c:/tools/gcc-arm-none-eabi-10.3-2021.10/bin/../lib/gcc/arm-none-eabi/10.3.1/../../../../arm-none-eabi/lib/thumb/v7e-m+fp/hard\libg_nano.a(lib_a-nano-mallocr.o)
                0x08002bfc                _malloc_r
 .text.__sfputc_r
                0x08002ce4       0x2e c:/tools/gcc-arm-none-eabi-10.3-2021.10/bin/../lib/gcc/arm-none-eabi/10.3.1/../../../../arm-none-eabi/lib/thumb/v7e-m+fp/hard\libg_nano.a(lib_a-nano-vfprintf.o)
 .text.__sfputs_r
                0x08002d12       0x24 c:/tools/gcc-arm-none-eabi-10.3-2021.10/bin/../lib/gcc/arm-none-eabi/10.3.1/../../../../arm-none-eabi/lib/thumb/v7e-m+fp/hard\libg_nano.a(lib_a-nano-vfprintf.o)
                0x08002d12                __sfputs_r
 *fill*         0x08002d36        0x2 
 .text._vfprintf_r
                0x08002d38      0x260 c:/tools/gcc-arm-none-eabi-10.3-2021.10/bin/../lib/gcc/arm-none-eabi/10.3.1/../../../../arm-none-eabi/lib/thumb/v7e-m+fp/hard\libg_nano.a(lib_a-nano-vfprintf.o)
                0x08002d38                _vfprintf_r
                0x08002d38                _vfiprintf_r
 .text._printf_common
                0x08002f98       0xda c:/tools/gcc-arm-none-eabi-10.3-2021.10/bin/../lib/gcc/arm-none-eabi/10.3.1/../../../../arm-none-eabi/lib/thumb/v7e-m+fp/hard\libg_nano.a(lib_a-nano-vfprintf_i.o)
                0x08002f98                _printf_common
 *fill*         0x08003072        0x2 
 .text._printf_i
                0x08003074      0x24c c:/tools/gcc-arm-none-eabi-10.3-2021.10/bin/../lib/gcc/arm-none-eabi/10.3.1/../../../../arm-none-eabi/lib/thumb/v7e-m+fp/hard\libg_nano.a(lib_a-nano-vfprintf_i.o)
                0x08003074                _printf_i
 .text._sbrk_r  0x080032c0       0x20 c:/tools/gcc-arm-none-eabi-10.3-2021.10/bin/../lib/gcc/arm-none-eabi/10.3.1/../../../../arm-none-eabi/lib/thumb/v7e-m+fp/hard\libg_nano.a(lib_a-sbrkr.o)
                0x080032c0                _sbrk_r
 .text.__sread  0x080032e0       0x22 c:/tools/gcc-arm-none-eabi-10.3-2021.10/bin/../lib/gcc/arm-none-eabi/10.3.1/../../../../arm-none-eabi/lib/thumb/v7e-m+fp/hard\libg_nano.a(lib_a-stdio.o)
                0x080032e0                __sread
 .text.__swrite
                0x08003302       0x38 c:/tools/gcc-arm-none-eabi-10.3-2021.10/bin/../lib/gcc/arm-none-eabi/10.3.1/../../../../arm-none-eabi/lib/thumb/v7e-m+fp/hard\libg_nano.a(lib_a-stdio.o)
                0x08003302                __swrite
 .text.__sseek  0x0800333a       0x24 c:/tools/gcc-arm-none-eabi-10.3-2021.10/bin/../lib/gcc/arm-none-eabi/10.3.1/../../../../arm-none-eabi/lib/thumb/v7e-m+fp/hard\libg_nano.a(lib_a-stdio.o)
                0x0800333a                __sseek
 .text.__sclose
                0x0800335e        0x8 c:/tools/gcc-arm-none-eabi-10.3-2021.10/bin/../lib/gcc/arm-none-eabi/10.3.1/../../../../arm-none-eabi/lib/thumb/v7e-m+fp/hard\libg_nano.a(lib_a-stdio.o)
                0x0800335e                __sclose
 *fill*         0x08003366        0x2 
 .text._write_r
                0x08003368       0x24 c:/tools/gcc-arm-none-eabi-10.3-2021.10/bin/../lib/gcc/arm-none-eabi/10.3.1/../../../../arm-none-eabi/lib/thumb/v7e-m+fp/hard\libg_nano.a(lib_a-writer.o)
                0x08003368                _write_r
 .text._close_r
                0x0800338c       0x20 c:/tools/gcc-arm-none-eabi-10.3-2021.10/bin/../lib/gcc/arm-none-eabi/10.3.1/../../../../arm-none-eabi/lib/thumb/v7e-m+fp/hard\libg_nano.a(lib_a-closer.o)
                0x0800338c                _close_r
 .text._fstat_r
                0x080033ac       0x24 c:/tools/gcc-arm-none-eabi-10.3-2021.10/bin/../lib/gcc/arm-none-eabi/10.3.1/../../../../arm-none-eabi/lib/thumb/v7e-m+fp/hard\libg_nano.a(lib_a-fstatr.o)
                0x080033ac                _fstat_r
 .text._isatty_r
                0x080033d0       0x20 c:/tools/gcc-arm-none-eabi-10.3-2021.10/bin/../lib/gcc/arm-none-eabi/10.3.1/../../../../arm-none-eabi/lib/thumb/v7e-m+fp/hard\libg_nano.a(lib_a-isattyr.o)
                0x080033d0                _isatty_r
 .text._lseek_r
                0x080033f0       0x24 c:/tools/gcc-arm-none-eabi-10.3-2021.10/bin/../lib/gcc/arm-none-eabi/10.3.1/../../../../arm-none-eabi/lib/thumb/v7e-m+fp/hard\libg_nano.a(lib_a-lseekr.o)
                0x080033f0                _lseek_r
 .text.__malloc_lock
                0x08003414        0xc c:/tools/gcc-arm-none-eabi-10.3-2021.10/bin/../lib/gcc/arm-none-eabi/10.3.1/../../../../arm-none-eabi/lib/thumb/v7e-m+fp/hard\libg_nano.a(lib_a-mlock.o)
                0x08003414                __malloc_lock
 .text.__malloc_unlock
                0x08003420        0xc c:/tools/gcc-arm-none-eabi-10.3-2021.10/bin/../lib/gcc/arm-none-eabi/10.3.1/../../../../arm-none-eabi/lib/thumb/v7e-m+fp/hard\libg_nano.a(lib_a-mlock.o)
                0x08003420                __malloc_unlock
 .text._read_r  0x0800342c       0x24 c:/tools/gcc-arm-none-eabi-10.3-2021.10/bin/../lib/gcc/arm-none-eabi/10.3.1/../../../../arm-none-eabi/lib/thumb/v7e-m+fp/hard\libg_nano.a(lib_a-readr.o)
                0x0800342c                _read_r
 *(.glue_7)
 .glue_7        0x08003450        0x0 linker stubs
 *(.glue_7t)
 .glue_7t       0x08003450        0x0 linker stubs
 *(.eh_frame)
 .eh_frame      0x08003450        0x0 c:/tools/gcc-arm-none-eabi-10.3-2021.10/bin/../lib/gcc/arm-none-eabi/10.3.1/thumb/v7e-m+fp/hard/crtbegin.o
 *(.init)
 .init          0x08003450        0x4 c:/tools/gcc-arm-none-eabi-10.3-2021.10/bin/../lib/gcc/arm-none-eabi/10.3.1/thumb/v7e-m+fp/hard/crti.o
                0x08003450                _init
 .init          0x08003454        0x8 c:/tools/gcc-arm-none-eabi-10.3-2021.10/bin/../lib/gcc/arm-none-eabi/10.3.1/thumb/v7e-m+fp/hard/crtn.o
 *(.fini)
 .fini          0x0800345c        0x4 c:/tools/gcc-arm-none-eabi-10.3-2021.10/bin/../lib/gcc/arm-none-eabi/10.3.1/thumb/v7e-m+fp/hard/crti.o
                0x0800345c                _fini
 .fini          0x08003460        0x8 c:/tools/gcc-arm-none-eabi-10.3-2021.10/bin/../lib/gcc/arm-none-eabi/10.3.1/thumb/v7e-m+fp/hard/crtn.o
                0x08003468                . = ALIGN (0x4)
                0x08003468                _etext = .

.vfp11_veneer   0x08003468        0x0
 .vfp11_veneer  0x08003468        0x0 linker stubs

.v4_bx          0x08003468        0x0
 .v4_bx         0x08003468        0x0 linker stubs

.iplt           0x08003468        0x0
 .iplt          0x08003468        0x0 c:/tools/gcc-arm-none-eabi-10.3-2021.10/bin/../lib/gcc/arm-none-eabi/10.3.1/thumb/v7e-m+fp/hard/crtbegin.o

.rodata         0x08003468      0x548
                0x08003468                . = ALIGN (0x4)
 *(.rodata)
 *(.rodata*)
 .rodata._global_impure_ptr
                0x08003468        0x4 c:/tools/gcc-arm-none-eabi-10.3-2021.10/bin/../lib/gcc/arm-none-eabi/10.3.1/../../../../arm-none-eabi/lib/thumb/v7e-m+fp/hard\libc_nano.a(lib_a-impure.o)
                0x08003468                _global_impure_ptr
 .rodata.fh_bl_hello.str1.4
                0x0800346c       0x6a CMakeFiles/blackbox_v2_bootloader.dir/fh_bootloader/fh_bootloader.c.obj
 *fill*         0x080034d6        0x2 
 .rodata.state_handlers
                0x080034d8       0x14 CMakeFiles/blackbox_v2_bootloader.dir/fh_stream/fh_stream.c.obj
 .rodata.main.str1.4
                0x080034ec       0x18 CMakeFiles/blackbox_v2_bootloader.dir/Core/Src/main.c.obj
 .rodata.crc32_tab
                0x08003504      0x400 CMakeFiles/blackbox_v2_bootloader.dir/Core/Src/main.c.obj
 .rodata.AHBPrescTable
                0x08003904       0x10 CMakeFiles/blackbox_v2_bootloader.dir/Core/Src/system_stm32f4xx.c.obj
                0x08003904                AHBPrescTable
 .rodata.APBPrescTable
                0x08003914        0x8 CMakeFiles/blackbox_v2_bootloader.dir/Core/Src/system_stm32f4xx.c.obj
                0x08003914                APBPrescTable
 .rodata.__sf_fake_stderr
                0x0800391c       0x20 c:/tools/gcc-arm-none-eabi-10.3-2021.10/bin/../lib/gcc/arm-none-eabi/10.3.1/../../../../arm-none-eabi/lib/thumb/v7e-m+fp/hard\libg_nano.a(lib_a-findfp.o)
                0x0800391c                __sf_fake_stderr
 .rodata.__sf_fake_stdin
                0x0800393c       0x20 c:/tools/gcc-arm-none-eabi-10.3-2021.10/bin/../lib/gcc/arm-none-eabi/10.3.1/../../../../arm-none-eabi/lib/thumb/v7e-m+fp/hard\libg_nano.a(lib_a-findfp.o)
                0x0800393c                __sf_fake_stdin
 .rodata.__sf_fake_stdout
                0x0800395c       0x20 c:/tools/gcc-arm-none-eabi-10.3-2021.10/bin/../lib/gcc/arm-none-eabi/10.3.1/../../../../arm-none-eabi/lib/thumb/v7e-m+fp/hard\libg_nano.a(lib_a-findfp.o)
                0x0800395c                __sf_fake_stdout
 .rodata._vfprintf_r.str1.1
                0x0800397c       0x11 c:/tools/gcc-arm-none-eabi-10.3-2021.10/bin/../lib/gcc/arm-none-eabi/10.3.1/../../../../arm-none-eabi/lib/thumb/v7e-m+fp/hard\libg_nano.a(lib_a-nano-vfprintf.o)
 .rodata._printf_i.str1.1
                0x0800398d       0x22 c:/tools/gcc-arm-none-eabi-10.3-2021.10/bin/../lib/gcc/arm-none-eabi/10.3.1/../../../../arm-none-eabi/lib/thumb/v7e-m+fp/hard\libg_nano.a(lib_a-nano-vfprintf_i.o)
                0x080039b0                . = ALIGN (0x4)
 *fill*         0x080039af        0x1 

.ARM.extab
 *(.ARM.extab* .gnu.linkonce.armextab.*)

.ARM            0x080039b0        0x8
                0x080039b0                __exidx_start = .
 *(.ARM.exidx*)
 .ARM.exidx     0x080039b0        0x8 c:/tools/gcc-arm-none-eabi-10.3-2021.10/bin/../lib/gcc/arm-none-eabi/10.3.1/thumb/v7e-m+fp/hard\libgcc.a(_udivmoddi4.o)
                0x080039b8                __exidx_end = .

.rel.dyn        0x080039b8        0x0
 .rel.iplt      0x080039b8        0x0 c:/tools/gcc-arm-none-eabi-10.3-2021.10/bin/../lib/gcc/arm-none-eabi/10.3.1/thumb/v7e-m+fp/hard/crtbegin.o

.preinit_array  0x080039b8        0x0
                0x080039b8                PROVIDE (__preinit_array_start = .)
 *(.preinit_array*)
                0x080039b8                PROVIDE (__preinit_array_end = .)

.init_array     0x080039b8        0x4
                0x080039b8                PROVIDE (__init_array_start = .)
 *(SORT_BY_NAME(.init_array.*))
 *(.init_array*)
 .init_array    0x080039b8        0x4 c:/tools/gcc-arm-none-eabi-10.3-2021.10/bin/../lib/gcc/arm-none-eabi/10.3.1/thumb/v7e-m+fp/hard/crtbegin.o
                0x080039bc                PROVIDE (__init_array_end = .)

.fini_array     0x080039bc        0x4
                [!provide]                PROVIDE (__fini_array_start = .)
 *(SORT_BY_NAME(.fini_array.*))
 *(.fini_array*)
 .fini_array    0x080039bc        0x4 c:/tools/gcc-arm-none-eabi-10.3-2021.10/bin/../lib/gcc/arm-none-eabi/10.3.1/thumb/v7e-m+fp/hard/crtbegin.o
                [!provide]                PROVIDE (__fini_array_end = .)
                0x080039c0                _sidata = LOADADDR (.data)

.data           0x20000000       0x94 load address 0x080039c0
                0x20000000                . = ALIGN (0x4)
                0x20000000                _sdata = .
 *(.data)
 *(.data*)
 .data._impure_ptr
                0x20000000        0x4 c:/tools/gcc-arm-none-eabi-10.3-2021.10/bin/../lib/gcc/arm-none-eabi/10.3.1/../../../../arm-none-eabi/lib/thumb/v7e-m+fp/hard\libc_nano.a(lib_a-impure.o)
                0x20000000                _impure_ptr
 .data.impure_data
                0x20000004       0x60 c:/tools/gcc-arm-none-eabi-10.3-2021.10/bin/../lib/gcc/arm-none-eabi/10.3.1/../../../../arm-none-eabi/lib/thumb/v7e-m+fp/hard\libc_nano.a(lib_a-impure.o)
 .data.flash_write_ptr
                0x20000064        0x4 CMakeFiles/blackbox_v2_bootloader.dir/fh_bootloader/fh_bootloader.c.obj
 .data.pFlash   0x20000068       0x20 CMakeFiles/blackbox_v2_bootloader.dir/Drivers/STM32F4xx_HAL_Driver/Src/stm32f4xx_hal_flash.c.obj
                0x20000068                pFlash
 .data.uwTickFreq
                0x20000088        0x1 CMakeFiles/blackbox_v2_bootloader.dir/Drivers/STM32F4xx_HAL_Driver/Src/stm32f4xx_hal.c.obj
                0x20000088                uwTickFreq
 *fill*         0x20000089        0x3 
 .data.uwTickPrio
                0x2000008c        0x4 CMakeFiles/blackbox_v2_bootloader.dir/Drivers/STM32F4xx_HAL_Driver/Src/stm32f4xx_hal.c.obj
                0x2000008c                uwTickPrio
 .data.SystemCoreClock
                0x20000090        0x4 CMakeFiles/blackbox_v2_bootloader.dir/Core/Src/system_stm32f4xx.c.obj
                0x20000090                SystemCoreClock
                0x20000094                . = ALIGN (0x4)
                0x20000094                _edata = .

.igot.plt       0x20000094        0x0 load address 0x08003a54
 .igot.plt      0x20000094        0x0 c:/tools/gcc-arm-none-eabi-10.3-2021.10/bin/../lib/gcc/arm-none-eabi/10.3.1/thumb/v7e-m+fp/hard/crtbegin.o
                0x20000094                . = ALIGN (0x4)

.bss            0x20000094      0x6ac load address 0x08003a54
                0x20000094                _sbss = .
                0x20000094                __bss_start__ = _sbss
 *(.bss)
 .bss           0x20000094       0x1c c:/tools/gcc-arm-none-eabi-10.3-2021.10/bin/../lib/gcc/arm-none-eabi/10.3.1/thumb/v7e-m+fp/hard/crtbegin.o
 *(.bss*)
 .bss.Uart1_RingBuff
                0x200000b0      0x106 CMakeFiles/blackbox_v2_bootloader.dir/fh_bootloader/fh_bootloader.c.obj
                0x200000b0                Uart1_RingBuff
 *fill*         0x200001b6        0x2 
 .bss.pack_id   0x200001b8        0x4 CMakeFiles/blackbox_v2_bootloader.dir/fh_bootloader/fh_bootloader.c.obj
                0x200001b8                pack_id
 .bss.rxbuf_u1  0x200001bc        0x1 CMakeFiles/blackbox_v2_bootloader.dir/fh_bootloader/fh_bootloader.c.obj
                0x200001bc                rxbuf_u1
 *fill*         0x200001bd        0x3 
 .bss.write_buff
                0x200001c0      0x400 CMakeFiles/blackbox_v2_bootloader.dir/fh_bootloader/fh_bootloader.c.obj
 .bss.write_ptr
                0x200005c0        0x2 CMakeFiles/blackbox_v2_bootloader.dir/fh_bootloader/fh_bootloader.c.obj
 *fill*         0x200005c2        0x2 
 .bss.crc_idx.0
                0x200005c4        0x4 CMakeFiles/blackbox_v2_bootloader.dir/fh_stream/fh_stream.c.obj
 .bss.fh_stream_crc
                0x200005c8        0x4 CMakeFiles/blackbox_v2_bootloader.dir/fh_stream/fh_stream.c.obj
 .bss.fream_buff
                0x200005cc      0x10c CMakeFiles/blackbox_v2_bootloader.dir/fh_stream/fh_stream.c.obj
 .bss.hcrc      0x200006d8        0x8 CMakeFiles/blackbox_v2_bootloader.dir/Core/Src/crc.c.obj
                0x200006d8                hcrc
 .bss.huart1    0x200006e0       0x48 CMakeFiles/blackbox_v2_bootloader.dir/Core/Src/usart.c.obj
                0x200006e0                huart1
 .bss.uwTick    0x20000728        0x4 CMakeFiles/blackbox_v2_bootloader.dir/Drivers/STM32F4xx_HAL_Driver/Src/stm32f4xx_hal.c.obj
                0x20000728                uwTick
 .bss.__sbrk_heap_end
                0x2000072c        0x4 CMakeFiles/blackbox_v2_bootloader.dir/Core/Src/sysmem.c.obj
 .bss.__lock___malloc_recursive_mutex
                0x20000730        0x1 c:/tools/gcc-arm-none-eabi-10.3-2021.10/bin/../lib/gcc/arm-none-eabi/10.3.1/../../../../arm-none-eabi/lib/thumb/v7e-m+fp/hard\libg_nano.a(lib_a-lock.o)
                0x20000730                __lock___malloc_recursive_mutex
 .bss.__lock___sfp_recursive_mutex
                0x20000731        0x1 c:/tools/gcc-arm-none-eabi-10.3-2021.10/bin/../lib/gcc/arm-none-eabi/10.3.1/../../../../arm-none-eabi/lib/thumb/v7e-m+fp/hard\libg_nano.a(lib_a-lock.o)
                0x20000731                __lock___sfp_recursive_mutex
 .bss.__lock___sinit_recursive_mutex
                0x20000732        0x1 c:/tools/gcc-arm-none-eabi-10.3-2021.10/bin/../lib/gcc/arm-none-eabi/10.3.1/../../../../arm-none-eabi/lib/thumb/v7e-m+fp/hard\libg_nano.a(lib_a-lock.o)
                0x20000732                __lock___sinit_recursive_mutex
 *fill*         0x20000733        0x1 
 .bss.__malloc_free_list
                0x20000734        0x4 c:/tools/gcc-arm-none-eabi-10.3-2021.10/bin/../lib/gcc/arm-none-eabi/10.3.1/../../../../arm-none-eabi/lib/thumb/v7e-m+fp/hard\libg_nano.a(lib_a-nano-mallocr.o)
                0x20000734                __malloc_free_list
 .bss.__malloc_sbrk_start
                0x20000738        0x4 c:/tools/gcc-arm-none-eabi-10.3-2021.10/bin/../lib/gcc/arm-none-eabi/10.3.1/../../../../arm-none-eabi/lib/thumb/v7e-m+fp/hard\libg_nano.a(lib_a-nano-mallocr.o)
                0x20000738                __malloc_sbrk_start
 .bss.errno     0x2000073c        0x4 c:/tools/gcc-arm-none-eabi-10.3-2021.10/bin/../lib/gcc/arm-none-eabi/10.3.1/../../../../arm-none-eabi/lib/thumb/v7e-m+fp/hard\libg_nano.a(lib_a-reent.o)
                0x2000073c                errno
 *(COMMON)
                0x20000740                . = ALIGN (0x4)
                0x20000740                _ebss = .
                0x20000740                __bss_end__ = _ebss

._user_heap_stack
                0x20000740     0x1600 load address 0x08003a54
                0x20000740                . = ALIGN (0x8)
                [!provide]                PROVIDE (end = .)
                0x20000740                PROVIDE (_end = .)
                0x20000940                . = (. + _Min_Heap_Size)
 *fill*         0x20000740      0x200 
                0x20001d40                . = (. + _Min_Stack_Size)
 *fill*         0x20000940     0x1400 
                0x20001d40                . = ALIGN (0x8)

/DISCARD/
 libc.a(*)
 libm.a(*)
 libgcc.a(*)
OUTPUT(blackbox_v2_bootloader.elf elf32-littlearm)
LOAD linker stubs
LOAD c:/tools/gcc-arm-none-eabi-10.3-2021.10/bin/../lib/gcc/arm-none-eabi/10.3.1/../../../../arm-none-eabi/lib/thumb/v7e-m+fp/hard\libc.a
LOAD c:/tools/gcc-arm-none-eabi-10.3-2021.10/bin/../lib/gcc/arm-none-eabi/10.3.1/../../../../arm-none-eabi/lib/thumb/v7e-m+fp/hard\libm.a
LOAD c:/tools/gcc-arm-none-eabi-10.3-2021.10/bin/../lib/gcc/arm-none-eabi/10.3.1/thumb/v7e-m+fp/hard\libgcc.a

.ARM.attributes
                0x00000000       0x30
 .ARM.attributes
                0x00000000       0x1e c:/tools/gcc-arm-none-eabi-10.3-2021.10/bin/../lib/gcc/arm-none-eabi/10.3.1/thumb/v7e-m+fp/hard/crti.o
 .ARM.attributes
                0x0000001e       0x34 c:/tools/gcc-arm-none-eabi-10.3-2021.10/bin/../lib/gcc/arm-none-eabi/10.3.1/thumb/v7e-m+fp/hard/crtbegin.o
 .ARM.attributes
                0x00000052       0x34 c:/tools/gcc-arm-none-eabi-10.3-2021.10/bin/../lib/gcc/arm-none-eabi/10.3.1/../../../../arm-none-eabi/lib/thumb/v7e-m+fp/hard\libc_nano.a(lib_a-impure.o)
 .ARM.attributes
                0x00000086       0x34 c:/tools/gcc-arm-none-eabi-10.3-2021.10/bin/../lib/gcc/arm-none-eabi/10.3.1/../../../../arm-none-eabi/lib/thumb/v7e-m+fp/hard\libc_nano.a(lib_a-init.o)
 .ARM.attributes
                0x000000ba       0x34 c:/tools/gcc-arm-none-eabi-10.3-2021.10/bin/../lib/gcc/arm-none-eabi/10.3.1/../../../../arm-none-eabi/lib/thumb/v7e-m+fp/hard\libc_nano.a(lib_a-memset.o)
 .ARM.attributes
                0x000000ee       0x34 CMakeFiles/blackbox_v2_bootloader.dir/fh_bootloader/fh_bootloader.c.obj
 .ARM.attributes
                0x00000122       0x34 CMakeFiles/blackbox_v2_bootloader.dir/fh_ringbuff/ringbuff.c.obj
 .ARM.attributes
                0x00000156       0x34 CMakeFiles/blackbox_v2_bootloader.dir/fh_stream/fh_stream.c.obj
 .ARM.attributes
                0x0000018a       0x34 CMakeFiles/blackbox_v2_bootloader.dir/Core/Src/main.c.obj
 .ARM.attributes
                0x000001be       0x34 CMakeFiles/blackbox_v2_bootloader.dir/Core/Src/gpio.c.obj
 .ARM.attributes
                0x000001f2       0x34 CMakeFiles/blackbox_v2_bootloader.dir/Core/Src/crc.c.obj
 .ARM.attributes
                0x00000226       0x34 CMakeFiles/blackbox_v2_bootloader.dir/Core/Src/usart.c.obj
 .ARM.attributes
                0x0000025a       0x34 CMakeFiles/blackbox_v2_bootloader.dir/Core/Src/stm32f4xx_it.c.obj
 .ARM.attributes
                0x0000028e       0x34 CMakeFiles/blackbox_v2_bootloader.dir/Core/Src/stm32f4xx_hal_msp.c.obj
 .ARM.attributes
                0x000002c2       0x34 CMakeFiles/blackbox_v2_bootloader.dir/Drivers/STM32F4xx_HAL_Driver/Src/stm32f4xx_hal_crc.c.obj
 .ARM.attributes
                0x000002f6       0x34 CMakeFiles/blackbox_v2_bootloader.dir/Drivers/STM32F4xx_HAL_Driver/Src/stm32f4xx_hal_rcc.c.obj
 .ARM.attributes
                0x0000032a       0x34 CMakeFiles/blackbox_v2_bootloader.dir/Drivers/STM32F4xx_HAL_Driver/Src/stm32f4xx_hal_flash.c.obj
 .ARM.attributes
                0x0000035e       0x34 CMakeFiles/blackbox_v2_bootloader.dir/Drivers/STM32F4xx_HAL_Driver/Src/stm32f4xx_hal_flash_ex.c.obj
 .ARM.attributes
                0x00000392       0x34 CMakeFiles/blackbox_v2_bootloader.dir/Drivers/STM32F4xx_HAL_Driver/Src/stm32f4xx_hal_gpio.c.obj
 .ARM.attributes
                0x000003c6       0x34 CMakeFiles/blackbox_v2_bootloader.dir/Drivers/STM32F4xx_HAL_Driver/Src/stm32f4xx_hal_dma.c.obj
 .ARM.attributes
                0x000003fa       0x34 CMakeFiles/blackbox_v2_bootloader.dir/Drivers/STM32F4xx_HAL_Driver/Src/stm32f4xx_hal_cortex.c.obj
 .ARM.attributes
                0x0000042e       0x34 CMakeFiles/blackbox_v2_bootloader.dir/Drivers/STM32F4xx_HAL_Driver/Src/stm32f4xx_hal.c.obj
 .ARM.attributes
                0x00000462       0x34 CMakeFiles/blackbox_v2_bootloader.dir/Drivers/STM32F4xx_HAL_Driver/Src/stm32f4xx_hal_uart.c.obj
 .ARM.attributes
                0x00000496       0x34 CMakeFiles/blackbox_v2_bootloader.dir/Core/Src/system_stm32f4xx.c.obj
 .ARM.attributes
                0x000004ca       0x34 CMakeFiles/blackbox_v2_bootloader.dir/Core/Src/sysmem.c.obj
 .ARM.attributes
                0x000004fe       0x34 CMakeFiles/blackbox_v2_bootloader.dir/Core/Src/syscalls.c.obj
 .ARM.attributes
                0x00000532       0x21 CMakeFiles/blackbox_v2_bootloader.dir/startup_stm32f411xe.s.obj
 .ARM.attributes
                0x00000553       0x1e c:/tools/gcc-arm-none-eabi-10.3-2021.10/bin/../lib/gcc/arm-none-eabi/10.3.1/thumb/v7e-m+fp/hard\libgcc.a(_aeabi_uldivmod.o)
 .ARM.attributes
                0x00000571       0x34 c:/tools/gcc-arm-none-eabi-10.3-2021.10/bin/../lib/gcc/arm-none-eabi/10.3.1/thumb/v7e-m+fp/hard\libgcc.a(_udivmoddi4.o)
 .ARM.attributes
                0x000005a5       0x1e c:/tools/gcc-arm-none-eabi-10.3-2021.10/bin/../lib/gcc/arm-none-eabi/10.3.1/thumb/v7e-m+fp/hard\libgcc.a(_dvmd_tls.o)
 .ARM.attributes
                0x000005c3       0x34 c:/tools/gcc-arm-none-eabi-10.3-2021.10/bin/../lib/gcc/arm-none-eabi/10.3.1/../../../../arm-none-eabi/lib/thumb/v7e-m+fp/hard\libg_nano.a(lib_a-errno.o)
 .ARM.attributes
                0x000005f7       0x34 c:/tools/gcc-arm-none-eabi-10.3-2021.10/bin/../lib/gcc/arm-none-eabi/10.3.1/../../../../arm-none-eabi/lib/thumb/v7e-m+fp/hard\libg_nano.a(lib_a-memcpy-stub.o)
 .ARM.attributes
                0x0000062b       0x34 c:/tools/gcc-arm-none-eabi-10.3-2021.10/bin/../lib/gcc/arm-none-eabi/10.3.1/../../../../arm-none-eabi/lib/thumb/v7e-m+fp/hard\libg_nano.a(lib_a-memmove.o)
 .ARM.attributes
                0x0000065f       0x34 c:/tools/gcc-arm-none-eabi-10.3-2021.10/bin/../lib/gcc/arm-none-eabi/10.3.1/../../../../arm-none-eabi/lib/thumb/v7e-m+fp/hard\libg_nano.a(lib_a-printf.o)
 .ARM.attributes
                0x00000693       0x34 c:/tools/gcc-arm-none-eabi-10.3-2021.10/bin/../lib/gcc/arm-none-eabi/10.3.1/../../../../arm-none-eabi/lib/thumb/v7e-m+fp/hard\libg_nano.a(lib_a-puts.o)
 .ARM.attributes
                0x000006c7       0x34 c:/tools/gcc-arm-none-eabi-10.3-2021.10/bin/../lib/gcc/arm-none-eabi/10.3.1/../../../../arm-none-eabi/lib/thumb/v7e-m+fp/hard\libg_nano.a(lib_a-wbuf.o)
 .ARM.attributes
                0x000006fb       0x34 c:/tools/gcc-arm-none-eabi-10.3-2021.10/bin/../lib/gcc/arm-none-eabi/10.3.1/../../../../arm-none-eabi/lib/thumb/v7e-m+fp/hard\libg_nano.a(lib_a-wsetup.o)
 .ARM.attributes
                0x0000072f       0x34 c:/tools/gcc-arm-none-eabi-10.3-2021.10/bin/../lib/gcc/arm-none-eabi/10.3.1/../../../../arm-none-eabi/lib/thumb/v7e-m+fp/hard\libg_nano.a(lib_a-fflush.o)
 .ARM.attributes
                0x00000763       0x34 c:/tools/gcc-arm-none-eabi-10.3-2021.10/bin/../lib/gcc/arm-none-eabi/10.3.1/../../../../arm-none-eabi/lib/thumb/v7e-m+fp/hard\libg_nano.a(lib_a-findfp.o)
 .ARM.attributes
                0x00000797       0x34 c:/tools/gcc-arm-none-eabi-10.3-2021.10/bin/../lib/gcc/arm-none-eabi/10.3.1/../../../../arm-none-eabi/lib/thumb/v7e-m+fp/hard\libg_nano.a(lib_a-fwalk.o)
 .ARM.attributes
                0x000007cb       0x34 c:/tools/gcc-arm-none-eabi-10.3-2021.10/bin/../lib/gcc/arm-none-eabi/10.3.1/../../../../arm-none-eabi/lib/thumb/v7e-m+fp/hard\libg_nano.a(lib_a-lock.o)
 .ARM.attributes
                0x000007ff       0x34 c:/tools/gcc-arm-none-eabi-10.3-2021.10/bin/../lib/gcc/arm-none-eabi/10.3.1/../../../../arm-none-eabi/lib/thumb/v7e-m+fp/hard\libg_nano.a(lib_a-makebuf.o)
 .ARM.attributes
                0x00000833       0x34 c:/tools/gcc-arm-none-eabi-10.3-2021.10/bin/../lib/gcc/arm-none-eabi/10.3.1/../../../../arm-none-eabi/lib/thumb/v7e-m+fp/hard\libg_nano.a(lib_a-nano-freer.o)
 .ARM.attributes
                0x00000867       0x34 c:/tools/gcc-arm-none-eabi-10.3-2021.10/bin/../lib/gcc/arm-none-eabi/10.3.1/../../../../arm-none-eabi/lib/thumb/v7e-m+fp/hard\libg_nano.a(lib_a-nano-mallocr.o)
 .ARM.attributes
                0x0000089b       0x34 c:/tools/gcc-arm-none-eabi-10.3-2021.10/bin/../lib/gcc/arm-none-eabi/10.3.1/../../../../arm-none-eabi/lib/thumb/v7e-m+fp/hard\libg_nano.a(lib_a-nano-vfprintf.o)
 .ARM.attributes
                0x000008cf       0x34 c:/tools/gcc-arm-none-eabi-10.3-2021.10/bin/../lib/gcc/arm-none-eabi/10.3.1/../../../../arm-none-eabi/lib/thumb/v7e-m+fp/hard\libg_nano.a(lib_a-nano-vfprintf_i.o)
 .ARM.attributes
                0x00000903       0x34 c:/tools/gcc-arm-none-eabi-10.3-2021.10/bin/../lib/gcc/arm-none-eabi/10.3.1/../../../../arm-none-eabi/lib/thumb/v7e-m+fp/hard\libg_nano.a(lib_a-sbrkr.o)
 .ARM.attributes
                0x00000937       0x34 c:/tools/gcc-arm-none-eabi-10.3-2021.10/bin/../lib/gcc/arm-none-eabi/10.3.1/../../../../arm-none-eabi/lib/thumb/v7e-m+fp/hard\libg_nano.a(lib_a-stdio.o)
 .ARM.attributes
                0x0000096b       0x34 c:/tools/gcc-arm-none-eabi-10.3-2021.10/bin/../lib/gcc/arm-none-eabi/10.3.1/../../../../arm-none-eabi/lib/thumb/v7e-m+fp/hard\libg_nano.a(lib_a-writer.o)
 .ARM.attributes
                0x0000099f       0x34 c:/tools/gcc-arm-none-eabi-10.3-2021.10/bin/../lib/gcc/arm-none-eabi/10.3.1/../../../../arm-none-eabi/lib/thumb/v7e-m+fp/hard\libg_nano.a(lib_a-closer.o)
 .ARM.attributes
                0x000009d3       0x34 c:/tools/gcc-arm-none-eabi-10.3-2021.10/bin/../lib/gcc/arm-none-eabi/10.3.1/../../../../arm-none-eabi/lib/thumb/v7e-m+fp/hard\libg_nano.a(lib_a-fstatr.o)
 .ARM.attributes
                0x00000a07       0x34 c:/tools/gcc-arm-none-eabi-10.3-2021.10/bin/../lib/gcc/arm-none-eabi/10.3.1/../../../../arm-none-eabi/lib/thumb/v7e-m+fp/hard\libg_nano.a(lib_a-isattyr.o)
 .ARM.attributes
                0x00000a3b       0x34 c:/tools/gcc-arm-none-eabi-10.3-2021.10/bin/../lib/gcc/arm-none-eabi/10.3.1/../../../../arm-none-eabi/lib/thumb/v7e-m+fp/hard\libg_nano.a(lib_a-lseekr.o)
 .ARM.attributes
                0x00000a6f       0x1c c:/tools/gcc-arm-none-eabi-10.3-2021.10/bin/../lib/gcc/arm-none-eabi/10.3.1/../../../../arm-none-eabi/lib/thumb/v7e-m+fp/hard\libg_nano.a(lib_a-memchr.o)
 .ARM.attributes
                0x00000a8b       0x34 c:/tools/gcc-arm-none-eabi-10.3-2021.10/bin/../lib/gcc/arm-none-eabi/10.3.1/../../../../arm-none-eabi/lib/thumb/v7e-m+fp/hard\libg_nano.a(lib_a-mlock.o)
 .ARM.attributes
                0x00000abf       0x34 c:/tools/gcc-arm-none-eabi-10.3-2021.10/bin/../lib/gcc/arm-none-eabi/10.3.1/../../../../arm-none-eabi/lib/thumb/v7e-m+fp/hard\libg_nano.a(lib_a-readr.o)
 .ARM.attributes
                0x00000af3       0x34 c:/tools/gcc-arm-none-eabi-10.3-2021.10/bin/../lib/gcc/arm-none-eabi/10.3.1/../../../../arm-none-eabi/lib/thumb/v7e-m+fp/hard\libg_nano.a(lib_a-reent.o)
 .ARM.attributes
                0x00000b27       0x1e c:/tools/gcc-arm-none-eabi-10.3-2021.10/bin/../lib/gcc/arm-none-eabi/10.3.1/thumb/v7e-m+fp/hard/crtn.o

.comment        0x00000000       0x49
 .comment       0x00000000       0x49 CMakeFiles/blackbox_v2_bootloader.dir/fh_bootloader/fh_bootloader.c.obj
                                 0x4a (size before relaxing)
 .comment       0x00000049       0x4a CMakeFiles/blackbox_v2_bootloader.dir/fh_ringbuff/ringbuff.c.obj
 .comment       0x00000049       0x4a CMakeFiles/blackbox_v2_bootloader.dir/fh_stream/fh_stream.c.obj
 .comment       0x00000049       0x4a CMakeFiles/blackbox_v2_bootloader.dir/Core/Src/main.c.obj
 .comment       0x00000049       0x4a CMakeFiles/blackbox_v2_bootloader.dir/Core/Src/gpio.c.obj
 .comment       0x00000049       0x4a CMakeFiles/blackbox_v2_bootloader.dir/Core/Src/crc.c.obj
 .comment       0x00000049       0x4a CMakeFiles/blackbox_v2_bootloader.dir/Core/Src/usart.c.obj
 .comment       0x00000049       0x4a CMakeFiles/blackbox_v2_bootloader.dir/Core/Src/stm32f4xx_it.c.obj
 .comment       0x00000049       0x4a CMakeFiles/blackbox_v2_bootloader.dir/Core/Src/stm32f4xx_hal_msp.c.obj
 .comment       0x00000049       0x4a CMakeFiles/blackbox_v2_bootloader.dir/Drivers/STM32F4xx_HAL_Driver/Src/stm32f4xx_hal_crc.c.obj
 .comment       0x00000049       0x4a CMakeFiles/blackbox_v2_bootloader.dir/Drivers/STM32F4xx_HAL_Driver/Src/stm32f4xx_hal_rcc.c.obj
 .comment       0x00000049       0x4a CMakeFiles/blackbox_v2_bootloader.dir/Drivers/STM32F4xx_HAL_Driver/Src/stm32f4xx_hal_flash.c.obj
 .comment       0x00000049       0x4a CMakeFiles/blackbox_v2_bootloader.dir/Drivers/STM32F4xx_HAL_Driver/Src/stm32f4xx_hal_flash_ex.c.obj
 .comment       0x00000049       0x4a CMakeFiles/blackbox_v2_bootloader.dir/Drivers/STM32F4xx_HAL_Driver/Src/stm32f4xx_hal_gpio.c.obj
 .comment       0x00000049       0x4a CMakeFiles/blackbox_v2_bootloader.dir/Drivers/STM32F4xx_HAL_Driver/Src/stm32f4xx_hal_dma.c.obj
 .comment       0x00000049       0x4a CMakeFiles/blackbox_v2_bootloader.dir/Drivers/STM32F4xx_HAL_Driver/Src/stm32f4xx_hal_cortex.c.obj
 .comment       0x00000049       0x4a CMakeFiles/blackbox_v2_bootloader.dir/Drivers/STM32F4xx_HAL_Driver/Src/stm32f4xx_hal.c.obj
 .comment       0x00000049       0x4a CMakeFiles/blackbox_v2_bootloader.dir/Drivers/STM32F4xx_HAL_Driver/Src/stm32f4xx_hal_uart.c.obj
 .comment       0x00000049       0x4a CMakeFiles/blackbox_v2_bootloader.dir/Core/Src/system_stm32f4xx.c.obj
 .comment       0x00000049       0x4a CMakeFiles/blackbox_v2_bootloader.dir/Core/Src/sysmem.c.obj
 .comment       0x00000049       0x4a CMakeFiles/blackbox_v2_bootloader.dir/Core/Src/syscalls.c.obj

.debug_frame    0x00000000      0x914
 .debug_frame   0x00000000       0x2c c:/tools/gcc-arm-none-eabi-10.3-2021.10/bin/../lib/gcc/arm-none-eabi/10.3.1/../../../../arm-none-eabi/lib/thumb/v7e-m+fp/hard\libc_nano.a(lib_a-init.o)
 .debug_frame   0x0000002c       0x20 c:/tools/gcc-arm-none-eabi-10.3-2021.10/bin/../lib/gcc/arm-none-eabi/10.3.1/../../../../arm-none-eabi/lib/thumb/v7e-m+fp/hard\libc_nano.a(lib_a-memset.o)
 .debug_frame   0x0000004c       0x2c c:/tools/gcc-arm-none-eabi-10.3-2021.10/bin/../lib/gcc/arm-none-eabi/10.3.1/thumb/v7e-m+fp/hard\libgcc.a(_aeabi_uldivmod.o)
 .debug_frame   0x00000078       0x34 c:/tools/gcc-arm-none-eabi-10.3-2021.10/bin/../lib/gcc/arm-none-eabi/10.3.1/thumb/v7e-m+fp/hard\libgcc.a(_udivmoddi4.o)
 .debug_frame   0x000000ac       0x20 c:/tools/gcc-arm-none-eabi-10.3-2021.10/bin/../lib/gcc/arm-none-eabi/10.3.1/../../../../arm-none-eabi/lib/thumb/v7e-m+fp/hard\libg_nano.a(lib_a-errno.o)
 .debug_frame   0x000000cc       0x28 c:/tools/gcc-arm-none-eabi-10.3-2021.10/bin/../lib/gcc/arm-none-eabi/10.3.1/../../../../arm-none-eabi/lib/thumb/v7e-m+fp/hard\libg_nano.a(lib_a-memcpy-stub.o)
 .debug_frame   0x000000f4       0x28 c:/tools/gcc-arm-none-eabi-10.3-2021.10/bin/../lib/gcc/arm-none-eabi/10.3.1/../../../../arm-none-eabi/lib/thumb/v7e-m+fp/hard\libg_nano.a(lib_a-memmove.o)
 .debug_frame   0x0000011c       0x74 c:/tools/gcc-arm-none-eabi-10.3-2021.10/bin/../lib/gcc/arm-none-eabi/10.3.1/../../../../arm-none-eabi/lib/thumb/v7e-m+fp/hard\libg_nano.a(lib_a-printf.o)
 .debug_frame   0x00000190       0x3c c:/tools/gcc-arm-none-eabi-10.3-2021.10/bin/../lib/gcc/arm-none-eabi/10.3.1/../../../../arm-none-eabi/lib/thumb/v7e-m+fp/hard\libg_nano.a(lib_a-puts.o)
 .debug_frame   0x000001cc       0x40 c:/tools/gcc-arm-none-eabi-10.3-2021.10/bin/../lib/gcc/arm-none-eabi/10.3.1/../../../../arm-none-eabi/lib/thumb/v7e-m+fp/hard\libg_nano.a(lib_a-wbuf.o)
 .debug_frame   0x0000020c       0x2c c:/tools/gcc-arm-none-eabi-10.3-2021.10/bin/../lib/gcc/arm-none-eabi/10.3.1/../../../../arm-none-eabi/lib/thumb/v7e-m+fp/hard\libg_nano.a(lib_a-wsetup.o)
 .debug_frame   0x00000238       0x5c c:/tools/gcc-arm-none-eabi-10.3-2021.10/bin/../lib/gcc/arm-none-eabi/10.3.1/../../../../arm-none-eabi/lib/thumb/v7e-m+fp/hard\libg_nano.a(lib_a-fflush.o)
 .debug_frame   0x00000294      0x14c c:/tools/gcc-arm-none-eabi-10.3-2021.10/bin/../lib/gcc/arm-none-eabi/10.3.1/../../../../arm-none-eabi/lib/thumb/v7e-m+fp/hard\libg_nano.a(lib_a-findfp.o)
 .debug_frame   0x000003e0       0x54 c:/tools/gcc-arm-none-eabi-10.3-2021.10/bin/../lib/gcc/arm-none-eabi/10.3.1/../../../../arm-none-eabi/lib/thumb/v7e-m+fp/hard\libg_nano.a(lib_a-fwalk.o)
 .debug_frame   0x00000434       0xb0 c:/tools/gcc-arm-none-eabi-10.3-2021.10/bin/../lib/gcc/arm-none-eabi/10.3.1/../../../../arm-none-eabi/lib/thumb/v7e-m+fp/hard\libg_nano.a(lib_a-lock.o)
 .debug_frame   0x000004e4       0x58 c:/tools/gcc-arm-none-eabi-10.3-2021.10/bin/../lib/gcc/arm-none-eabi/10.3.1/../../../../arm-none-eabi/lib/thumb/v7e-m+fp/hard\libg_nano.a(lib_a-makebuf.o)
 .debug_frame   0x0000053c       0x38 c:/tools/gcc-arm-none-eabi-10.3-2021.10/bin/../lib/gcc/arm-none-eabi/10.3.1/../../../../arm-none-eabi/lib/thumb/v7e-m+fp/hard\libg_nano.a(lib_a-nano-freer.o)
 .debug_frame   0x00000574       0x4c c:/tools/gcc-arm-none-eabi-10.3-2021.10/bin/../lib/gcc/arm-none-eabi/10.3.1/../../../../arm-none-eabi/lib/thumb/v7e-m+fp/hard\libg_nano.a(lib_a-nano-mallocr.o)
 .debug_frame   0x000005c0       0xac c:/tools/gcc-arm-none-eabi-10.3-2021.10/bin/../lib/gcc/arm-none-eabi/10.3.1/../../../../arm-none-eabi/lib/thumb/v7e-m+fp/hard\libg_nano.a(lib_a-nano-vfprintf.o)
 .debug_frame   0x0000066c       0x60 c:/tools/gcc-arm-none-eabi-10.3-2021.10/bin/../lib/gcc/arm-none-eabi/10.3.1/../../../../arm-none-eabi/lib/thumb/v7e-m+fp/hard\libg_nano.a(lib_a-nano-vfprintf_i.o)
 .debug_frame   0x000006cc       0x2c c:/tools/gcc-arm-none-eabi-10.3-2021.10/bin/../lib/gcc/arm-none-eabi/10.3.1/../../../../arm-none-eabi/lib/thumb/v7e-m+fp/hard\libg_nano.a(lib_a-sbrkr.o)
 .debug_frame   0x000006f8       0x88 c:/tools/gcc-arm-none-eabi-10.3-2021.10/bin/../lib/gcc/arm-none-eabi/10.3.1/../../../../arm-none-eabi/lib/thumb/v7e-m+fp/hard\libg_nano.a(lib_a-stdio.o)
 .debug_frame   0x00000780       0x2c c:/tools/gcc-arm-none-eabi-10.3-2021.10/bin/../lib/gcc/arm-none-eabi/10.3.1/../../../../arm-none-eabi/lib/thumb/v7e-m+fp/hard\libg_nano.a(lib_a-writer.o)
 .debug_frame   0x000007ac       0x2c c:/tools/gcc-arm-none-eabi-10.3-2021.10/bin/../lib/gcc/arm-none-eabi/10.3.1/../../../../arm-none-eabi/lib/thumb/v7e-m+fp/hard\libg_nano.a(lib_a-closer.o)
 .debug_frame   0x000007d8       0x2c c:/tools/gcc-arm-none-eabi-10.3-2021.10/bin/../lib/gcc/arm-none-eabi/10.3.1/../../../../arm-none-eabi/lib/thumb/v7e-m+fp/hard\libg_nano.a(lib_a-fstatr.o)
 .debug_frame   0x00000804       0x2c c:/tools/gcc-arm-none-eabi-10.3-2021.10/bin/../lib/gcc/arm-none-eabi/10.3.1/../../../../arm-none-eabi/lib/thumb/v7e-m+fp/hard\libg_nano.a(lib_a-isattyr.o)
 .debug_frame   0x00000830       0x2c c:/tools/gcc-arm-none-eabi-10.3-2021.10/bin/../lib/gcc/arm-none-eabi/10.3.1/../../../../arm-none-eabi/lib/thumb/v7e-m+fp/hard\libg_nano.a(lib_a-lseekr.o)
 .debug_frame   0x0000085c       0x30 c:/tools/gcc-arm-none-eabi-10.3-2021.10/bin/../lib/gcc/arm-none-eabi/10.3.1/../../../../arm-none-eabi/lib/thumb/v7e-m+fp/hard\libg_nano.a(lib_a-mlock.o)
 .debug_frame   0x0000088c       0x2c c:/tools/gcc-arm-none-eabi-10.3-2021.10/bin/../lib/gcc/arm-none-eabi/10.3.1/../../../../arm-none-eabi/lib/thumb/v7e-m+fp/hard\libg_nano.a(lib_a-readr.o)
 .debug_frame   0x000008b8       0x5c c:/tools/gcc-arm-none-eabi-10.3-2021.10/bin/../lib/gcc/arm-none-eabi/10.3.1/../../../../arm-none-eabi/lib/thumb/v7e-m+fp/hard\libg_nano.a(lib_a-reent.o)
